display.hpp:25:7:constexpr Display::Display()	16	static
ST7735.cpp:74:1:ST7735::ST7735()	16	static
ST7735.cpp:84:1:ST7735::~ST7735()	16	static
ST7735.cpp:84:1:virtual ST7735::~ST7735()	16	static
ST7735.cpp:89:6:void ST7735::sendCommand(uint8_t)	16	static
ST7735.cpp:95:6:void ST7735::sendData(uint8_t)	16	static
ST7735.cpp:101:6:virtual void ST7735::init()	16	static
ST7735.cpp:107:6:void ST7735::initCommand1()	16	static
ST7735.cpp:154:6:void ST7735::initCommand2()	16	static
ST7735.cpp:168:6:void ST7735::initCommand3()	16	static
ST7735.cpp:210:13:virtual const char* ST7735::getName()	16	static
ST7735.cpp:215:10:virtual uint32_t ST7735::getWidth()	16	static
ST7735.cpp:223:10:virtual uint32_t ST7735::getHeight()	16	static
ST7735.cpp:231:7:virtual float ST7735::getDPMMX()	16	static
ST7735.cpp:239:7:virtual float ST7735::getDPMMY()	16	static
ST7735.cpp:247:6:virtual void ST7735::setBrightness(float)	16	static
ST7735.cpp:252:7:virtual float ST7735::getBrightness()	16	static
ST7735.cpp:258:6:virtual void ST7735::setOrientation(Orientation)	16	static
ST7735.cpp:263:13:virtual Orientation ST7735::getOrientation()	16	static
ST7735.cpp:268:6:virtual void ST7735::reset()	16	static
ST7735.cpp:287:6:virtual void ST7735::select()	16	static
ST7735.cpp:293:6:virtual void ST7735::unselect()	16	static
ST7735.cpp:299:6:void ST7735::setAddressWindow(uint8_t, uint8_t, uint8_t, uint8_t)	16	static
ST7735.cpp:316:10:static uint16_t ST7735::convertColor(float, float, float)	32	static
ST7735.cpp:329:6:virtual bool ST7735::drawPixel(int, int, float, float, float)	48	static
ST7735.cpp:349:6:virtual bool ST7735::drawArea(int, int, int, int, float, float, float)	72	static
