Archive member included to satisfy reference by file (symbol)

/opt/st/stm32cubeide_1.7.0/plugins/com.st.stm32cube.ide.mcu.externaltools.gnu-tools-for-stm32.9-2020-q2-update.linux64_2.0.0.202105311346/tools/bin/../lib/gcc/arm-none-eabi/9.3.1/../../../../arm-none-eabi/lib/thumb/v7e-m+dp/hard/libstdc++_nano.a(del_ops.o)
                              ./Core/Src/stm32h7_st7735.o (operator delete(void*, unsigned int))
/opt/st/stm32cubeide_1.7.0/plugins/com.st.stm32cube.ide.mcu.externaltools.gnu-tools-for-stm32.9-2020-q2-update.linux64_2.0.0.202105311346/tools/bin/../lib/gcc/arm-none-eabi/9.3.1/../../../../arm-none-eabi/lib/thumb/v7e-m+dp/hard/libstdc++_nano.a(new_op.o)
                              ./Core/Src/cppmain.o (operator new(unsigned int))
/opt/st/stm32cubeide_1.7.0/plugins/com.st.stm32cube.ide.mcu.externaltools.gnu-tools-for-stm32.9-2020-q2-update.linux64_2.0.0.202105311346/tools/bin/../lib/gcc/arm-none-eabi/9.3.1/../../../../arm-none-eabi/lib/thumb/v7e-m+dp/hard/libstdc++_nano.a(pure.o)
                              ./fgl/displays/ST7735.o (__cxa_pure_virtual)
/opt/st/stm32cubeide_1.7.0/plugins/com.st.stm32cube.ide.mcu.externaltools.gnu-tools-for-stm32.9-2020-q2-update.linux64_2.0.0.202105311346/tools/bin/../lib/gcc/arm-none-eabi/9.3.1/../../../../arm-none-eabi/lib/thumb/v7e-m+dp/hard/libstdc++_nano.a(del_op.o)
                              /opt/st/stm32cubeide_1.7.0/plugins/com.st.stm32cube.ide.mcu.externaltools.gnu-tools-for-stm32.9-2020-q2-update.linux64_2.0.0.202105311346/tools/bin/../lib/gcc/arm-none-eabi/9.3.1/../../../../arm-none-eabi/lib/thumb/v7e-m+dp/hard/libstdc++_nano.a(del_ops.o) (operator delete(void*))
/opt/st/stm32cubeide_1.7.0/plugins/com.st.stm32cube.ide.mcu.externaltools.gnu-tools-for-stm32.9-2020-q2-update.linux64_2.0.0.202105311346/tools/bin/../lib/gcc/arm-none-eabi/9.3.1/../../../../arm-none-eabi/lib/thumb/v7e-m+dp/hard/libstdc++_nano.a(eh_terminate.o)
                              /opt/st/stm32cubeide_1.7.0/plugins/com.st.stm32cube.ide.mcu.externaltools.gnu-tools-for-stm32.9-2020-q2-update.linux64_2.0.0.202105311346/tools/bin/../lib/gcc/arm-none-eabi/9.3.1/../../../../arm-none-eabi/lib/thumb/v7e-m+dp/hard/libstdc++_nano.a(pure.o) (std::terminate())
/opt/st/stm32cubeide_1.7.0/plugins/com.st.stm32cube.ide.mcu.externaltools.gnu-tools-for-stm32.9-2020-q2-update.linux64_2.0.0.202105311346/tools/bin/../lib/gcc/arm-none-eabi/9.3.1/../../../../arm-none-eabi/lib/thumb/v7e-m+dp/hard/libstdc++_nano.a(eh_unex_handler.o)
                              /opt/st/stm32cubeide_1.7.0/plugins/com.st.stm32cube.ide.mcu.externaltools.gnu-tools-for-stm32.9-2020-q2-update.linux64_2.0.0.202105311346/tools/bin/../lib/gcc/arm-none-eabi/9.3.1/../../../../arm-none-eabi/lib/thumb/v7e-m+dp/hard/libstdc++_nano.a(eh_terminate.o) (__cxxabiv1::__unexpected_handler)
/opt/st/stm32cubeide_1.7.0/plugins/com.st.stm32cube.ide.mcu.externaltools.gnu-tools-for-stm32.9-2020-q2-update.linux64_2.0.0.202105311346/tools/bin/../lib/gcc/arm-none-eabi/9.3.1/../../../../arm-none-eabi/lib/thumb/v7e-m+dp/hard/libstdc++_nano.a(new_handler.o)
                              /opt/st/stm32cubeide_1.7.0/plugins/com.st.stm32cube.ide.mcu.externaltools.gnu-tools-for-stm32.9-2020-q2-update.linux64_2.0.0.202105311346/tools/bin/../lib/gcc/arm-none-eabi/9.3.1/../../../../arm-none-eabi/lib/thumb/v7e-m+dp/hard/libstdc++_nano.a(new_op.o) (std::get_new_handler())
/opt/st/stm32cubeide_1.7.0/plugins/com.st.stm32cube.ide.mcu.externaltools.gnu-tools-for-stm32.9-2020-q2-update.linux64_2.0.0.202105311346/tools/bin/../lib/gcc/arm-none-eabi/9.3.1/../../../../arm-none-eabi/lib/thumb/v7e-m+dp/hard/libstdc++_nano.a(eh_term_handler.o)
                              /opt/st/stm32cubeide_1.7.0/plugins/com.st.stm32cube.ide.mcu.externaltools.gnu-tools-for-stm32.9-2020-q2-update.linux64_2.0.0.202105311346/tools/bin/../lib/gcc/arm-none-eabi/9.3.1/../../../../arm-none-eabi/lib/thumb/v7e-m+dp/hard/libstdc++_nano.a(eh_terminate.o) (__cxxabiv1::__terminate_handler)
/opt/st/stm32cubeide_1.7.0/plugins/com.st.stm32cube.ide.mcu.externaltools.gnu-tools-for-stm32.9-2020-q2-update.linux64_2.0.0.202105311346/tools/bin/../lib/gcc/arm-none-eabi/9.3.1/../../../../arm-none-eabi/lib/thumb/v7e-m+dp/hard/libc_nano.a(lib_a-abort.o)
                              /opt/st/stm32cubeide_1.7.0/plugins/com.st.stm32cube.ide.mcu.externaltools.gnu-tools-for-stm32.9-2020-q2-update.linux64_2.0.0.202105311346/tools/bin/../lib/gcc/arm-none-eabi/9.3.1/../../../../arm-none-eabi/lib/thumb/v7e-m+dp/hard/libstdc++_nano.a(new_op.o) (abort)
/opt/st/stm32cubeide_1.7.0/plugins/com.st.stm32cube.ide.mcu.externaltools.gnu-tools-for-stm32.9-2020-q2-update.linux64_2.0.0.202105311346/tools/bin/../lib/gcc/arm-none-eabi/9.3.1/../../../../arm-none-eabi/lib/thumb/v7e-m+dp/hard/libc_nano.a(lib_a-errno.o)
                              ./Core/Src/syscalls.o (__errno)
[...]
Memory Configuration

Name             Origin             Length             Attributes
FLASH            0x0000000008000000 0x0000000000200000 xr
RAM              0x0000000020000000 0x0000000000020000 xrw
RAM_D1           0x0000000024000000 0x0000000000080000 xrw
RAM_D2           0x0000000030000000 0x0000000000048000 xrw
RAM_D3           0x0000000038000000 0x0000000000010000 xrw
ITCMRAM          0x0000000000000000 0x0000000000010000 xrw
*default*        0x0000000000000000 0xffffffffffffffff

Linker script and memory map

LOAD /opt/st/stm32cubeide_1.7.0/plugins/com.st.stm32cube.ide.mcu.externaltools.gnu-tools-for-stm32.9-2020-q2-update.linux64_2.0.0.202105311346/tools/bin/../lib/gcc/arm-none-eabi/9.3.1/thumb/v7e-m+dp/hard/crti.o
LOAD /opt/st/stm32cubeide_1.7.0/plugins/com.st.stm32cube.ide.mcu.externaltools.gnu-tools-for-stm32.9-2020-q2-update.linux64_2.0.0.202105311346/tools/bin/../lib/gcc/arm-none-eabi/9.3.1/thumb/v7e-m+dp/hard/crtbegin.o
LOAD /opt/st/stm32cubeide_1.7.0/plugins/com.st.stm32cube.ide.mcu.externaltools.gnu-tools-for-stm32.9-2020-q2-update.linux64_2.0.0.202105311346/tools/bin/../lib/gcc/arm-none-eabi/9.3.1/../../../../arm-none-eabi/lib/thumb/v7e-m+dp/hard/crt0.o
LOAD ./Core/Src/cppmain.o
LOAD ./Core/Src/dac.o
LOAD ./Core/Src/gpio.o
LOAD ./Core/Src/main.o
LOAD ./Core/Src/spi.o
LOAD ./Core/Src/stm32h7_st7735.o
LOAD ./Core/Src/stm32h7xx_hal_msp.o
LOAD ./Core/Src/stm32h7xx_it.o
LOAD ./Core/Src/syscalls.o
LOAD ./Core/Src/sysmem.o
LOAD ./Core/Src/system_stm32h7xx.o
LOAD ./Core/Startup/startup_stm32h743vitx.o
LOAD ./Drivers/STM32H7xx_HAL_Driver/Src/stm32h7xx_hal.o
LOAD ./Drivers/STM32H7xx_HAL_Driver/Src/stm32h7xx_hal_cortex.o
LOAD ./Drivers/STM32H7xx_HAL_Driver/Src/stm32h7xx_hal_dac.o
LOAD ./Drivers/STM32H7xx_HAL_Driver/Src/stm32h7xx_hal_dac_ex.o
LOAD ./Drivers/STM32H7xx_HAL_Driver/Src/stm32h7xx_hal_dma.o
LOAD ./Drivers/STM32H7xx_HAL_Driver/Src/stm32h7xx_hal_dma_ex.o
LOAD ./Drivers/STM32H7xx_HAL_Driver/Src/stm32h7xx_hal_exti.o
LOAD ./Drivers/STM32H7xx_HAL_Driver/Src/stm32h7xx_hal_flash.o
LOAD ./Drivers/STM32H7xx_HAL_Driver/Src/stm32h7xx_hal_flash_ex.o
LOAD ./Drivers/STM32H7xx_HAL_Driver/Src/stm32h7xx_hal_gpio.o
LOAD ./Drivers/STM32H7xx_HAL_Driver/Src/stm32h7xx_hal_hsem.o
LOAD ./Drivers/STM32H7xx_HAL_Driver/Src/stm32h7xx_hal_i2c.o
LOAD ./Drivers/STM32H7xx_HAL_Driver/Src/stm32h7xx_hal_i2c_ex.o
LOAD ./Drivers/STM32H7xx_HAL_Driver/Src/stm32h7xx_hal_mdma.o
LOAD ./Drivers/STM32H7xx_HAL_Driver/Src/stm32h7xx_hal_pwr.o
LOAD ./Drivers/STM32H7xx_HAL_Driver/Src/stm32h7xx_hal_pwr_ex.o
LOAD ./Drivers/STM32H7xx_HAL_Driver/Src/stm32h7xx_hal_rcc.o
LOAD ./Drivers/STM32H7xx_HAL_Driver/Src/stm32h7xx_hal_rcc_ex.o
LOAD ./Drivers/STM32H7xx_HAL_Driver/Src/stm32h7xx_hal_spi.o
LOAD ./Drivers/STM32H7xx_HAL_Driver/Src/stm32h7xx_hal_spi_ex.o
LOAD ./Drivers/STM32H7xx_HAL_Driver/Src/stm32h7xx_hal_tim.o
LOAD ./Drivers/STM32H7xx_HAL_Driver/Src/stm32h7xx_hal_tim_ex.o
LOAD ./fgl/displays/ST7735.o
LOAD ./fgl/displays/display.o
START GROUP
LOAD /opt/st/stm32cubeide_1.7.0/plugins/com.st.stm32cube.ide.mcu.externaltools.gnu-tools-for-stm32.9-2020-q2-update.linux64_2.0.0.202105311346/tools/bin/../lib/gcc/arm-none-eabi/9.3.1/../../../../arm-none-eabi/lib/thumb/v7e-m+dp/hard/libstdc++_nano.a
LOAD /opt/st/stm32cubeide_1.7.0/plugins/com.st.stm32cube.ide.mcu.externaltools.gnu-tools-for-stm32.9-2020-q2-update.linux64_2.0.0.202105311346/tools/bin/../lib/gcc/arm-none-eabi/9.3.1/../../../../arm-none-eabi/lib/thumb/v7e-m+dp/hard/libsupc++_nano.a
END GROUP
LOAD /opt/st/stm32cubeide_1.7.0/plugins/com.st.stm32cube.ide.mcu.externaltools.gnu-tools-for-stm32.9-2020-q2-update.linux64_2.0.0.202105311346/tools/bin/../lib/gcc/arm-none-eabi/9.3.1/../../../../arm-none-eabi/lib/thumb/v7e-m+dp/hard/libstdc++_nano.a
LOAD /opt/st/stm32cubeide_1.7.0/plugins/com.st.stm32cube.ide.mcu.externaltools.gnu-tools-for-stm32.9-2020-q2-update.linux64_2.0.0.202105311346/tools/bin/../lib/gcc/arm-none-eabi/9.3.1/../../../../arm-none-eabi/lib/thumb/v7e-m+dp/hard/libm.a
LOAD /opt/st/stm32cubeide_1.7.0/plugins/com.st.stm32cube.ide.mcu.externaltools.gnu-tools-for-stm32.9-2020-q2-update.linux64_2.0.0.202105311346/tools/bin/../lib/gcc/arm-none-eabi/9.3.1/../../../../arm-none-eabi/lib/thumb/v7e-m+dp/hard/libc_nano.a
START GROUP
LOAD /opt/st/stm32cubeide_1.7.0/plugins/com.st.stm32cube.ide.mcu.externaltools.gnu-tools-for-stm32.9-2020-q2-update.linux64_2.0.0.202105311346/tools/bin/../lib/gcc/arm-none-eabi/9.3.1/thumb/v7e-m+dp/hard/libgcc.a
LOAD /opt/st/stm32cubeide_1.7.0/plugins/com.st.stm32cube.ide.mcu.externaltools.gnu-tools-for-stm32.9-2020-q2-update.linux64_2.0.0.202105311346/tools/bin/../lib/gcc/arm-none-eabi/9.3.1/../../../../arm-none-eabi/lib/thumb/v7e-m+dp/hard/libc_nano.a
END GROUP
START GROUP
LOAD /opt/st/stm32cubeide_1.7.0/plugins/com.st.stm32cube.ide.mcu.externaltools.gnu-tools-for-stm32.9-2020-q2-update.linux64_2.0.0.202105311346/tools/bin/../lib/gcc/arm-none-eabi/9.3.1/thumb/v7e-m+dp/hard/libgcc.a
LOAD /opt/st/stm32cubeide_1.7.0/plugins/com.st.stm32cube.ide.mcu.externaltools.gnu-tools-for-stm32.9-2020-q2-update.linux64_2.0.0.202105311346/tools/bin/../lib/gcc/arm-none-eabi/9.3.1/../../../../arm-none-eabi/lib/thumb/v7e-m+dp/hard/libc_nano.a
END GROUP
LOAD /opt/st/stm32cubeide_1.7.0/plugins/com.st.stm32cube.ide.mcu.externaltools.gnu-tools-for-stm32.9-2020-q2-update.linux64_2.0.0.202105311346/tools/bin/../lib/gcc/arm-none-eabi/9.3.1/thumb/v7e-m+dp/hard/crtend.o
LOAD /opt/st/stm32cubeide_1.7.0/plugins/com.st.stm32cube.ide.mcu.externaltools.gnu-tools-for-stm32.9-2020-q2-update.linux64_2.0.0.202105311346/tools/bin/../lib/gcc/arm-none-eabi/9.3.1/thumb/v7e-m+dp/hard/crtn.o
                0x0000000020020000                _estack = 0x20020000
                0x0000000000000200                _Min_Heap_Size = 0x200
                0x0000000000000400                _Min_Stack_Size = 0x400

.isr_vector     0x0000000008000000      0x298
                0x0000000008000000                . = ALIGN (0x4)
 *(.isr_vector)
 .isr_vector    0x0000000008000000      0x298 ./Core/Startup/startup_stm32h743vitx.o
                0x0000000008000000                g_pfnVectors
                0x0000000008000298                . = ALIGN (0x4)

.text           0x0000000008000298     0x5f34
                0x0000000008000298                . = ALIGN (0x4)
 *(.text)
 .text          0x0000000008000298       0x40 /opt/st/stm32cubeide_1.7.0/plugins/com.st.stm32cube.ide.mcu.externaltools.gnu-tools-for-stm32.9-2020-q2-update.linux64_2.0.0.202105311346/tools/bin/../lib/gcc/arm-none-eabi/9.3.1/thumb/v7e-m+dp/hard/crtbegin.o
 *(.text*)
 .text._Z7cppMainv
                0x00000000080002d8      0x194 ./Core/Src/cppmain.o
                0x00000000080002d8                cppMain()
 .text.jumpToCPP
                0x000000000800046c        0xc ./Core/Src/cppmain.o
                0x000000000800046c                jumpToCPP
 .text.MX_DAC1_Init
                0x0000000008000478       0x64 ./Core/Src/dac.o
                0x0000000008000478                MX_DAC1_Init
 .text.HAL_DAC_MspInit
                0x00000000080004dc       0x44 ./Core/Src/dac.o
                0x00000000080004dc                HAL_DAC_MspInit
 .text.MX_GPIO_Init
                0x0000000008000520      0x120 ./Core/Src/gpio.o
                0x0000000008000520                MX_GPIO_Init
 .text.main     0x0000000008000640       0x1e ./Core/Src/main.o
                0x0000000008000640                main
 *fill*         0x000000000800065e        0x2 
 .text.SystemClock_Config
                0x0000000008000660       0xfc ./Core/Src/main.o
                0x0000000008000660                SystemClock_Config
 .text.Error_Handler
                0x000000000800075c        0xa ./Core/Src/main.o
                0x000000000800075c                Error_Handler
 .text.assert_failed
                0x0000000008000766       0x16 ./Core/Src/main.o
                0x0000000008000766                assert_failed
 .text.MX_SPI1_Init
                0x000000000800077c       0xb0 ./Core/Src/spi.o
                0x000000000800077c                MX_SPI1_Init
 .text.HAL_SPI_MspInit
                0x000000000800082c       0xc8 ./Core/Src/spi.o
                0x000000000800082c                HAL_SPI_MspInit
 .text._ZN14STM32H7_ST7735C2EP12GPIO_TypeDeftS1_tS1_tP19__SPI_HandleTypeDef
                0x00000000080008f4       0x58 ./Core/Src/stm32h7_st7735.o
                0x00000000080008f4                STM32H7_ST7735::STM32H7_ST7735(GPIO_TypeDef*, unsigned short, GPIO_TypeDef*, unsigned short, GPIO_TypeDef*, unsigned short, __SPI_HandleTypeDef*)
                0x00000000080008f4                STM32H7_ST7735::STM32H7_ST7735(GPIO_TypeDef*, unsigned short, GPIO_TypeDef*, unsigned short, GPIO_TypeDef*, unsigned short, __SPI_HandleTypeDef*)
 .text._ZN14STM32H7_ST7735D2Ev
                0x000000000800094c       0x24 ./Core/Src/stm32h7_st7735.o
                0x000000000800094c                STM32H7_ST7735::~STM32H7_ST7735()
                0x000000000800094c                STM32H7_ST7735::~STM32H7_ST7735()
 .text._ZN14STM32H7_ST7735D0Ev
                0x0000000008000970       0x20 ./Core/Src/stm32h7_st7735.o
                0x0000000008000970                STM32H7_ST7735::~STM32H7_ST7735()
 .text._ZN14STM32H7_ST77356initIOEv
                0x0000000008000990       0x1a ./Core/Src/stm32h7_st7735.o
                0x0000000008000990                STM32H7_ST7735::initIO()
 .text._ZN14STM32H7_ST77359rstPinSetEv
                0x00000000080009aa       0x20 ./Core/Src/stm32h7_st7735.o
                0x00000000080009aa                STM32H7_ST7735::rstPinSet()
 .text._ZN14STM32H7_ST773511rstPinResetEv
                0x00000000080009ca       0x20 ./Core/Src/stm32h7_st7735.o
                0x00000000080009ca                STM32H7_ST7735::rstPinReset()
 .text._ZN14STM32H7_ST77358dcPinSetEv
                0x00000000080009ea       0x20 ./Core/Src/stm32h7_st7735.o
                0x00000000080009ea                STM32H7_ST7735::dcPinSet()
 .text._ZN14STM32H7_ST773510dcPinResetEv
                0x0000000008000a0a       0x20 ./Core/Src/stm32h7_st7735.o
                0x0000000008000a0a                STM32H7_ST7735::dcPinReset()
 .text._ZN14STM32H7_ST77358csPinSetEv
                0x0000000008000a2a       0x20 ./Core/Src/stm32h7_st7735.o
                0x0000000008000a2a                STM32H7_ST7735::csPinSet()
 .text._ZN14STM32H7_ST773510csPinResetEv
                0x0000000008000a4a       0x20 ./Core/Src/stm32h7_st7735.o
                0x0000000008000a4a                STM32H7_ST7735::csPinReset()
 .text._ZN14STM32H7_ST77358sendByteEh
                0x0000000008000a6a       0x22 ./Core/Src/stm32h7_st7735.o
                0x0000000008000a6a                STM32H7_ST7735::sendByte(unsigned char)
 .text._ZN14STM32H7_ST77355delayEh
                0x0000000008000a8c       0x1c ./Core/Src/stm32h7_st7735.o
                0x0000000008000a8c                STM32H7_ST7735::delay(unsigned char)
 .text.HAL_MspInit
                0x0000000008000aa8       0x34 ./Core/Src/stm32h7xx_hal_msp.o
                0x0000000008000aa8                HAL_MspInit
 .text.NMI_Handler
                0x0000000008000adc        0x6 ./Core/Src/stm32h7xx_it.o
                0x0000000008000adc                NMI_Handler
 .text.HardFault_Handler
                0x0000000008000ae2        0x6 ./Core/Src/stm32h7xx_it.o
                0x0000000008000ae2                HardFault_Handler
 .text.MemManage_Handler
                0x0000000008000ae8        0x6 ./Core/Src/stm32h7xx_it.o
                0x0000000008000ae8                MemManage_Handler
 .text.BusFault_Handler
                0x0000000008000aee        0x6 ./Core/Src/stm32h7xx_it.o
                0x0000000008000aee                BusFault_Handler
 .text.UsageFault_Handler
                0x0000000008000af4        0x6 ./Core/Src/stm32h7xx_it.o
                0x0000000008000af4                UsageFault_Handler
 .text.SVC_Handler
                0x0000000008000afa        0xe ./Core/Src/stm32h7xx_it.o
                0x0000000008000afa                SVC_Handler
 .text.DebugMon_Handler
                0x0000000008000b08        0xe ./Core/Src/stm32h7xx_it.o
                0x0000000008000b08                DebugMon_Handler
 .text.PendSV_Handler
                0x0000000008000b16        0xe ./Core/Src/stm32h7xx_it.o
                0x0000000008000b16                PendSV_Handler
 .text.SysTick_Handler
                0x0000000008000b24        0xc ./Core/Src/stm32h7xx_it.o
                0x0000000008000b24                SysTick_Handler
 .text.EXTI1_IRQHandler
                0x0000000008000b30        0xe ./Core/Src/stm32h7xx_it.o
                0x0000000008000b30                EXTI1_IRQHandler
 .text.EXTI2_IRQHandler
                0x0000000008000b3e        0xe ./Core/Src/stm32h7xx_it.o
                0x0000000008000b3e                EXTI2_IRQHandler
 .text.EXTI3_IRQHandler
                0x0000000008000b4c        0xe ./Core/Src/stm32h7xx_it.o
                0x0000000008000b4c                EXTI3_IRQHandler
 .text._getpid  0x0000000008000b5a       0x10 ./Core/Src/syscalls.o
                0x0000000008000b5a                _getpid
 .text._kill    0x0000000008000b6a       0x20 ./Core/Src/syscalls.o
                0x0000000008000b6a                _kill
 .text._exit    0x0000000008000b8a       0x14 ./Core/Src/syscalls.o
                0x0000000008000b8a                _exit
 *fill*         0x0000000008000b9e        0x2 
 .text._sbrk    0x0000000008000ba0       0x6c ./Core/Src/sysmem.o
                0x0000000008000ba0                _sbrk
 .text.SystemInit
                0x0000000008000c0c      0x118 ./Core/Src/system_stm32h7xx.o
                0x0000000008000c0c                SystemInit
 .text.Reset_Handler
                0x0000000008000d24       0x50 ./Core/Startup/startup_stm32h743vitx.o
                0x0000000008000d24                Reset_Handler
 .text.Default_Handler
                0x0000000008000d74        0x2 ./Core/Startup/startup_stm32h743vitx.o
                0x0000000008000d74                RTC_Alarm_IRQHandler
                0x0000000008000d74                TIM8_CC_IRQHandler
                0x0000000008000d74                HRTIM1_Master_IRQHandler
                0x0000000008000d74                UART8_IRQHandler
                0x0000000008000d74                SPI4_IRQHandler
                0x0000000008000d74                TIM1_CC_IRQHandler
                0x0000000008000d74                BDMA_Channel6_IRQHandler
                0x0000000008000d74                DMA2_Stream5_IRQHandler
                0x0000000008000d74                HRTIM1_FLT_IRQHandler
                0x0000000008000d74                JPEG_IRQHandler
                0x0000000008000d74                DMA1_Stream5_IRQHandler
                0x0000000008000d74                BDMA_Channel1_IRQHandler
                0x0000000008000d74                HRTIM1_TIMD_IRQHandler
                0x0000000008000d74                TAMP_STAMP_IRQHandler
                0x0000000008000d74                LPTIM4_IRQHandler
                0x0000000008000d74                TIM8_TRG_COM_TIM14_IRQHandler
                0x0000000008000d74                LPTIM2_IRQHandler
                0x0000000008000d74                DFSDM1_FLT1_IRQHandler
                0x0000000008000d74                DMAMUX2_OVR_IRQHandler
                0x0000000008000d74                TIM8_UP_TIM13_IRQHandler
                0x0000000008000d74                I2C3_ER_IRQHandler
                0x0000000008000d74                DFSDM1_FLT2_IRQHandler
                0x0000000008000d74                MDMA_IRQHandler
                0x0000000008000d74                LPTIM3_IRQHandler
                0x0000000008000d74                HSEM1_IRQHandler
                0x0000000008000d74                EXTI0_IRQHandler
                0x0000000008000d74                I2C2_EV_IRQHandler
                0x0000000008000d74                DMA1_Stream2_IRQHandler
                0x0000000008000d74                FPU_IRQHandler
                0x0000000008000d74                OTG_HS_WKUP_IRQHandler
                0x0000000008000d74                FDCAN1_IT1_IRQHandler
                0x0000000008000d74                LTDC_ER_IRQHandler
                0x0000000008000d74                DMA2_Stream2_IRQHandler
                0x0000000008000d74                HRTIM1_TIME_IRQHandler
                0x0000000008000d74                SPI1_IRQHandler
                0x0000000008000d74                TIM6_DAC_IRQHandler
                0x0000000008000d74                DCMI_IRQHandler
                0x0000000008000d74                HRTIM1_TIMC_IRQHandler
                0x0000000008000d74                DMA2_Stream3_IRQHandler
                0x0000000008000d74                SAI2_IRQHandler
                0x0000000008000d74                DFSDM1_FLT3_IRQHandler
                0x0000000008000d74                USART6_IRQHandler
                0x0000000008000d74                TIM17_IRQHandler
                0x0000000008000d74                USART3_IRQHandler
                0x0000000008000d74                BDMA_Channel7_IRQHandler
                0x0000000008000d74                LPTIM5_IRQHandler
                0x0000000008000d74                UART5_IRQHandler
                0x0000000008000d74                ADC3_IRQHandler
                0x0000000008000d74                DMA2_Stream0_IRQHandler
                0x0000000008000d74                TIM4_IRQHandler
                0x0000000008000d74                BDMA_Channel2_IRQHandler
                0x0000000008000d74                QUADSPI_IRQHandler
                0x0000000008000d74                I2C1_EV_IRQHandler
                0x0000000008000d74                DMA1_Stream6_IRQHandler
                0x0000000008000d74                DMAMUX1_OVR_IRQHandler
                0x0000000008000d74                DMA1_Stream1_IRQHandler
                0x0000000008000d74                TIM16_IRQHandler
                0x0000000008000d74                UART4_IRQHandler
                0x0000000008000d74                BDMA_Channel5_IRQHandler
                0x0000000008000d74                TIM3_IRQHandler
                0x0000000008000d74                RCC_IRQHandler
                0x0000000008000d74                TIM8_BRK_TIM12_IRQHandler
                0x0000000008000d74                TIM1_TRG_COM_IRQHandler
                0x0000000008000d74                Default_Handler
                0x0000000008000d74                ECC_IRQHandler
                0x0000000008000d74                CEC_IRQHandler
                0x0000000008000d74                EXTI15_10_IRQHandler
                0x0000000008000d74                BDMA_Channel0_IRQHandler
                0x0000000008000d74                ADC_IRQHandler
                0x0000000008000d74                DMA1_Stream7_IRQHandler
                0x0000000008000d74                HRTIM1_TIMA_IRQHandler
                0x0000000008000d74                SPI5_IRQHandler
                0x0000000008000d74                TIM7_IRQHandler
                0x0000000008000d74                SDMMC1_IRQHandler
                0x0000000008000d74                TIM5_IRQHandler
                0x0000000008000d74                DMA2_Stream7_IRQHandler
                0x0000000008000d74                TIM15_IRQHandler
                0x0000000008000d74                PVD_AVD_IRQHandler
                0x0000000008000d74                I2C3_EV_IRQHandler
                0x0000000008000d74                EXTI9_5_IRQHandler
                0x0000000008000d74                RTC_WKUP_IRQHandler
                0x0000000008000d74                LTDC_IRQHandler
                0x0000000008000d74                SAI3_IRQHandler
                0x0000000008000d74                ETH_WKUP_IRQHandler
                0x0000000008000d74                SPDIF_RX_IRQHandler
                0x0000000008000d74                SPI2_IRQHandler
                0x0000000008000d74                OTG_HS_EP1_IN_IRQHandler
                0x0000000008000d74                DMA1_Stream0_IRQHandler
                0x0000000008000d74                CRS_IRQHandler
                0x0000000008000d74                EXTI4_IRQHandler
                0x0000000008000d74                RNG_IRQHandler
                0x0000000008000d74                HRTIM1_TIMB_IRQHandler
                0x0000000008000d74                FDCAN2_IT1_IRQHandler
                0x0000000008000d74                ETH_IRQHandler
                0x0000000008000d74                TIM1_UP_IRQHandler
                0x0000000008000d74                BDMA_Channel4_IRQHandler
                0x0000000008000d74                OTG_HS_EP1_OUT_IRQHandler
                0x0000000008000d74                WWDG_IRQHandler
                0x0000000008000d74                SPI6_IRQHandler
                0x0000000008000d74                MDIOS_IRQHandler
                0x0000000008000d74                I2C4_EV_IRQHandler
                0x0000000008000d74                FDCAN2_IT0_IRQHandler
                0x0000000008000d74                LPUART1_IRQHandler
                0x0000000008000d74                FDCAN1_IT0_IRQHandler
                0x0000000008000d74                TIM2_IRQHandler
                0x0000000008000d74                OTG_FS_WKUP_IRQHandler
                0x0000000008000d74                OTG_HS_IRQHandler
                0x0000000008000d74                DMA2D_IRQHandler
                0x0000000008000d74                TIM1_BRK_IRQHandler
                0x0000000008000d74                SDMMC2_IRQHandler
                0x0000000008000d74                OTG_FS_EP1_OUT_IRQHandler
                0x0000000008000d74                BDMA_Channel3_IRQHandler
                0x0000000008000d74                UART7_IRQHandler
                0x0000000008000d74                MDIOS_WKUP_IRQHandler
                0x0000000008000d74                USART2_IRQHandler
                0x0000000008000d74                DFSDM1_FLT0_IRQHandler
                0x0000000008000d74                SAI4_IRQHandler
                0x0000000008000d74                I2C2_ER_IRQHandler
                0x0000000008000d74                DMA2_Stream1_IRQHandler
                0x0000000008000d74                FLASH_IRQHandler
                0x0000000008000d74                DMA2_Stream4_IRQHandler
                0x0000000008000d74                USART1_IRQHandler
                0x0000000008000d74                OTG_FS_IRQHandler
                0x0000000008000d74                SPI3_IRQHandler
                0x0000000008000d74                WAKEUP_PIN_IRQHandler
                0x0000000008000d74                DMA1_Stream4_IRQHandler
                0x0000000008000d74                OTG_FS_EP1_IN_IRQHandler
                0x0000000008000d74                I2C1_ER_IRQHandler
                0x0000000008000d74                FMC_IRQHandler
                0x0000000008000d74                FDCAN_CAL_IRQHandler
                0x0000000008000d74                SWPMI1_IRQHandler
                0x0000000008000d74                COMP1_IRQHandler
                0x0000000008000d74                LPTIM1_IRQHandler
                0x0000000008000d74                I2C4_ER_IRQHandler
                0x0000000008000d74                DMA2_Stream6_IRQHandler
                0x0000000008000d74                SAI1_IRQHandler
                0x0000000008000d74                DMA1_Stream3_IRQHandler
 *fill*         0x0000000008000d76        0x2 
 .text.HAL_Init
                0x0000000008000d78       0x78 ./Drivers/STM32H7xx_HAL_Driver/Src/stm32h7xx_hal.o
                0x0000000008000d78                HAL_Init
 .text.HAL_InitTick
                0x0000000008000df0       0x6c ./Drivers/STM32H7xx_HAL_Driver/Src/stm32h7xx_hal.o
                0x0000000008000df0                HAL_InitTick
 .text.HAL_IncTick
                0x0000000008000e5c       0x28 ./Drivers/STM32H7xx_HAL_Driver/Src/stm32h7xx_hal.o
                0x0000000008000e5c                HAL_IncTick
 .text.HAL_GetTick
                0x0000000008000e84       0x18 ./Drivers/STM32H7xx_HAL_Driver/Src/stm32h7xx_hal.o
                0x0000000008000e84                HAL_GetTick
 .text.HAL_Delay
                0x0000000008000e9c       0x48 ./Drivers/STM32H7xx_HAL_Driver/Src/stm32h7xx_hal.o
                0x0000000008000e9c                HAL_Delay
 .text.HAL_GetREVID
                0x0000000008000ee4       0x18 ./Drivers/STM32H7xx_HAL_Driver/Src/stm32h7xx_hal.o
                0x0000000008000ee4                HAL_GetREVID
 .text.__NVIC_SetPriorityGrouping
                0x0000000008000efc       0x48 ./Drivers/STM32H7xx_HAL_Driver/Src/stm32h7xx_hal_cortex.o
 .text.__NVIC_GetPriorityGrouping
                0x0000000008000f44       0x1c ./Drivers/STM32H7xx_HAL_Driver/Src/stm32h7xx_hal_cortex.o
 .text.__NVIC_EnableIRQ
                0x0000000008000f60       0x3c ./Drivers/STM32H7xx_HAL_Driver/Src/stm32h7xx_hal_cortex.o
 .text.__NVIC_SetPriority
                0x0000000008000f9c       0x54 ./Drivers/STM32H7xx_HAL_Driver/Src/stm32h7xx_hal_cortex.o
 .text.NVIC_EncodePriority
                0x0000000008000ff0       0x66 ./Drivers/STM32H7xx_HAL_Driver/Src/stm32h7xx_hal_cortex.o
 *fill*         0x0000000008001056        0x2 
 .text.SysTick_Config
                0x0000000008001058       0x44 ./Drivers/STM32H7xx_HAL_Driver/Src/stm32h7xx_hal_cortex.o
 .text.HAL_NVIC_SetPriorityGrouping
                0x000000000800109c       0x40 ./Drivers/STM32H7xx_HAL_Driver/Src/stm32h7xx_hal_cortex.o
                0x000000000800109c                HAL_NVIC_SetPriorityGrouping
 .text.HAL_NVIC_SetPriority
                0x00000000080010dc       0x54 ./Drivers/STM32H7xx_HAL_Driver/Src/stm32h7xx_hal_cortex.o
                0x00000000080010dc                HAL_NVIC_SetPriority
 .text.HAL_NVIC_EnableIRQ
                0x0000000008001130       0x30 ./Drivers/STM32H7xx_HAL_Driver/Src/stm32h7xx_hal_cortex.o
                0x0000000008001130                HAL_NVIC_EnableIRQ
 .text.HAL_SYSTICK_Config
                0x0000000008001160       0x18 ./Drivers/STM32H7xx_HAL_Driver/Src/stm32h7xx_hal_cortex.o
                0x0000000008001160                HAL_SYSTICK_Config
 .text.HAL_DAC_Init
                0x0000000008001178       0x60 ./Drivers/STM32H7xx_HAL_Driver/Src/stm32h7xx_hal_dac.o
                0x0000000008001178                HAL_DAC_Init
 .text.HAL_DAC_ConfigChannel
                0x00000000080011d8      0x3c8 ./Drivers/STM32H7xx_HAL_Driver/Src/stm32h7xx_hal_dac.o
                0x00000000080011d8                HAL_DAC_ConfigChannel
 .text.HAL_GPIO_Init
                0x00000000080015a0      0x560 ./Drivers/STM32H7xx_HAL_Driver/Src/stm32h7xx_hal_gpio.o
                0x00000000080015a0                HAL_GPIO_Init
 .text.HAL_GPIO_WritePin
                0x0000000008001b00       0x68 ./Drivers/STM32H7xx_HAL_Driver/Src/stm32h7xx_hal_gpio.o
                0x0000000008001b00                HAL_GPIO_WritePin
 .text.HAL_GPIO_EXTI_IRQHandler
                0x0000000008001b68       0x34 ./Drivers/STM32H7xx_HAL_Driver/Src/stm32h7xx_hal_gpio.o
                0x0000000008001b68                HAL_GPIO_EXTI_IRQHandler
 .text.HAL_GPIO_EXTI_Callback
                0x0000000008001b9c       0x16 ./Drivers/STM32H7xx_HAL_Driver/Src/stm32h7xx_hal_gpio.o
                0x0000000008001b9c                HAL_GPIO_EXTI_Callback
 *fill*         0x0000000008001bb2        0x2 
 .text.HAL_PWREx_ConfigSupply
                0x0000000008001bb4       0x8c ./Drivers/STM32H7xx_HAL_Driver/Src/stm32h7xx_hal_pwr_ex.o
                0x0000000008001bb4                HAL_PWREx_ConfigSupply
 .text.HAL_RCC_OscConfig
                0x0000000008001c40      0xab0 ./Drivers/STM32H7xx_HAL_Driver/Src/stm32h7xx_hal_rcc.o
                0x0000000008001c40                HAL_RCC_OscConfig
 .text.HAL_RCC_ClockConfig
                0x00000000080026f0      0x6e0 ./Drivers/STM32H7xx_HAL_Driver/Src/stm32h7xx_hal_rcc.o
                0x00000000080026f0                HAL_RCC_ClockConfig
 .text.HAL_RCC_GetSysClockFreq
                0x0000000008002dd0      0x2f4 ./Drivers/STM32H7xx_HAL_Driver/Src/stm32h7xx_hal_rcc.o
                0x0000000008002dd0                HAL_RCC_GetSysClockFreq
 .text.HAL_RCCEx_PeriphCLKConfig
                0x00000000080030c4     0x1418 ./Drivers/STM32H7xx_HAL_Driver/Src/stm32h7xx_hal_rcc_ex.o
                0x00000000080030c4                HAL_RCCEx_PeriphCLKConfig
 .text.RCCEx_PLL2_Config
                0x00000000080044dc      0x244 ./Drivers/STM32H7xx_HAL_Driver/Src/stm32h7xx_hal_rcc_ex.o
 .text.RCCEx_PLL3_Config
                0x0000000008004720      0x24c ./Drivers/STM32H7xx_HAL_Driver/Src/stm32h7xx_hal_rcc_ex.o
 .text.HAL_SPI_Init
                0x000000000800496c      0x554 ./Drivers/STM32H7xx_HAL_Driver/Src/stm32h7xx_hal_spi.o
                0x000000000800496c                HAL_SPI_Init
 .text.HAL_SPI_Transmit
                0x0000000008004ec0      0x40c ./Drivers/STM32H7xx_HAL_Driver/Src/stm32h7xx_hal_spi.o
                0x0000000008004ec0                HAL_SPI_Transmit
 .text.SPI_CloseTransfer
                0x00000000080052cc      0x140 ./Drivers/STM32H7xx_HAL_Driver/Src/stm32h7xx_hal_spi.o
 .text.SPI_WaitOnFlagUntilTimeout
                0x000000000800540c       0x5c ./Drivers/STM32H7xx_HAL_Driver/Src/stm32h7xx_hal_spi.o
 .text.SPI_GetPacketSize
                0x0000000008005468       0x36 ./Drivers/STM32H7xx_HAL_Driver/Src/stm32h7xx_hal_spi.o
 *fill*         0x000000000800549e        0x2 
 .text._ZN7DisplayC2Ev
                0x00000000080054a0       0x20 ./fgl/displays/ST7735.o
                0x00000000080054a0                Display::Display()
                0x00000000080054a0                Display::Display()
 .text._ZN6ST7735C2Ev
                0x00000000080054c0       0x4c ./fgl/displays/ST7735.o
                0x00000000080054c0                ST7735::ST7735()
                0x00000000080054c0                ST7735::ST7735()
 .text._ZN6ST7735D2Ev
                0x000000000800550c       0x24 ./fgl/displays/ST7735.o
                0x000000000800550c                ST7735::~ST7735()
                0x000000000800550c                ST7735::~ST7735()
 .text._ZN6ST773511sendCommandEh
                0x0000000008005530       0x30 ./fgl/displays/ST7735.o
                0x0000000008005530                ST7735::sendCommand(unsigned char)
 .text._ZN6ST77358sendDataEh
                0x0000000008005560       0x30 ./fgl/displays/ST7735.o
                0x0000000008005560                ST7735::sendData(unsigned char)
 .text._ZN6ST77354initEv
                0x0000000008005590       0x28 ./fgl/displays/ST7735.o
                0x0000000008005590                ST7735::init()
 .text._ZN6ST773512initCommand1Ev
                0x00000000080055b8      0x174 ./fgl/displays/ST7735.o
                0x00000000080055b8                ST7735::initCommand1()
 .text._ZN6ST773512initCommand2Ev
                0x000000000800572c       0x60 ./fgl/displays/ST7735.o
                0x000000000800572c                ST7735::initCommand2()
 .text._ZN6ST773512initCommand3Ev
                0x000000000800578c      0x14c ./fgl/displays/ST7735.o
                0x000000000800578c                ST7735::initCommand3()
 .text._ZN6ST77357getNameEv
                0x00000000080058d8       0x1c ./fgl/displays/ST7735.o
                0x00000000080058d8                ST7735::getName()
 .text._ZN6ST77358getWidthEv
                0x00000000080058f4       0x26 ./fgl/displays/ST7735.o
                0x00000000080058f4                ST7735::getWidth()
 .text._ZN6ST77359getHeightEv
                0x000000000800591a       0x26 ./fgl/displays/ST7735.o
                0x000000000800591a                ST7735::getHeight()
 .text._ZN6ST77358getDPMMXEv
                0x0000000008005940       0x4c ./fgl/displays/ST7735.o
                0x0000000008005940                ST7735::getDPMMX()
 .text._ZN6ST77358getDPMMYEv
                0x000000000800598c       0x4c ./fgl/displays/ST7735.o
                0x000000000800598c                ST7735::getDPMMY()
 .text._ZN6ST773513setBrightnessEf
                0x00000000080059d8       0x18 ./fgl/displays/ST7735.o
                0x00000000080059d8                ST7735::setBrightness(float)
 .text._ZN6ST773513getBrightnessEv
                0x00000000080059f0       0x1e ./fgl/displays/ST7735.o
                0x00000000080059f0                ST7735::getBrightness()
 .text._ZN6ST773514setOrientationE11Orientation
                0x0000000008005a0e       0x1c ./fgl/displays/ST7735.o
                0x0000000008005a0e                ST7735::setOrientation(Orientation)
 .text._ZN6ST773514getOrientationEv
                0x0000000008005a2a       0x18 ./fgl/displays/ST7735.o
                0x0000000008005a2a                ST7735::getOrientation()
 .text._ZN6ST77355resetEv
                0x0000000008005a42       0x60 ./fgl/displays/ST7735.o
                0x0000000008005a42                ST7735::reset()
 .text._ZN6ST77356selectEv
                0x0000000008005aa2       0x22 ./fgl/displays/ST7735.o
                0x0000000008005aa2                ST7735::select()
 .text._ZN6ST77358unselectEv
                0x0000000008005ac4       0x22 ./fgl/displays/ST7735.o
                0x0000000008005ac4                ST7735::unselect()
 .text._ZN6ST773516setAddressWindowEhhhh
                0x0000000008005ae6       0x82 ./fgl/displays/ST7735.o
                0x0000000008005ae6                ST7735::setAddressWindow(unsigned char, unsigned char, unsigned char, unsigned char)
 .text._ZN6ST773512convertColorEfff
                0x0000000008005b68      0x124 ./fgl/displays/ST7735.o
                0x0000000008005b68                ST7735::convertColor(float, float, float)
 .text._ZN6ST77359drawPixelEiifff
                0x0000000008005c8c       0xc0 ./fgl/displays/ST7735.o
                0x0000000008005c8c                ST7735::drawPixel(int, int, float, float, float)
 .text._ZN6ST77358drawAreaEiiiifff
                0x0000000008005d4c      0x136 ./fgl/displays/ST7735.o
                0x0000000008005d4c                ST7735::drawArea(int, int, int, int, float, float, float)
 *fill*         0x0000000008005e82        0x2 
 .text._ZN7DisplayD2Ev
                0x0000000008005e84       0x20 ./fgl/displays/display.o
                0x0000000008005e84                Display::~Display()
                0x0000000008005e84                Display::~Display()
 .text._ZdlPvj  0x0000000008005ea4        0x4 /opt/st/stm32cubeide_1.7.0/plugins/com.st.stm32cube.ide.mcu.externaltools.gnu-tools-for-stm32.9-2020-q2-update.linux64_2.0.0.202105311346/tools/bin/../lib/gcc/arm-none-eabi/9.3.1/../../../../arm-none-eabi/lib/thumb/v7e-m+dp/hard/libstdc++_nano.a(del_ops.o)
                0x0000000008005ea4                operator delete(void*, unsigned int)
 .text._Znwj    0x0000000008005ea8       0x22 /opt/st/stm32cubeide_1.7.0/plugins/com.st.stm32cube.ide.mcu.externaltools.gnu-tools-for-stm32.9-2020-q2-update.linux64_2.0.0.202105311346/tools/bin/../lib/gcc/arm-none-eabi/9.3.1/../../../../arm-none-eabi/lib/thumb/v7e-m+dp/hard/libstdc++_nano.a(new_op.o)
                0x0000000008005ea8                operator new(unsigned int)
 .text.__cxa_pure_virtual
                0x0000000008005eca        0x6 /opt/st/stm32cubeide_1.7.0/plugins/com.st.stm32cube.ide.mcu.externaltools.gnu-tools-for-stm32.9-2020-q2-update.linux64_2.0.0.202105311346/tools/bin/../lib/gcc/arm-none-eabi/9.3.1/../../../../arm-none-eabi/lib/thumb/v7e-m+dp/hard/libstdc++_nano.a(pure.o)
                0x0000000008005eca                __cxa_pure_virtual
 .text._ZdlPv   0x0000000008005ed0        0x4 /opt/st/stm32cubeide_1.7.0/plugins/com.st.stm32cube.ide.mcu.externaltools.gnu-tools-for-stm32.9-2020-q2-update.linux64_2.0.0.202105311346/tools/bin/../lib/gcc/arm-none-eabi/9.3.1/../../../../arm-none-eabi/lib/thumb/v7e-m+dp/hard/libstdc++_nano.a(del_op.o)
                0x0000000008005ed0                operator delete(void*)
 .text._ZN10__cxxabiv111__terminateEPFvvE
                0x0000000008005ed4        0x8 /opt/st/stm32cubeide_1.7.0/plugins/com.st.stm32cube.ide.mcu.externaltools.gnu-tools-for-stm32.9-2020-q2-update.linux64_2.0.0.202105311346/tools/bin/../lib/gcc/arm-none-eabi/9.3.1/../../../../arm-none-eabi/lib/thumb/v7e-m+dp/hard/libstdc++_nano.a(eh_terminate.o)
                0x0000000008005ed4                __cxxabiv1::__terminate(void (*)())
 .text._ZSt13get_terminatev
                0x0000000008005edc       0x10 /opt/st/stm32cubeide_1.7.0/plugins/com.st.stm32cube.ide.mcu.externaltools.gnu-tools-for-stm32.9-2020-q2-update.linux64_2.0.0.202105311346/tools/bin/../lib/gcc/arm-none-eabi/9.3.1/../../../../arm-none-eabi/lib/thumb/v7e-m+dp/hard/libstdc++_nano.a(eh_terminate.o)
                0x0000000008005edc                std::get_terminate()
 .text._ZSt9terminatev
                0x0000000008005eec        0xa /opt/st/stm32cubeide_1.7.0/plugins/com.st.stm32cube.ide.mcu.externaltools.gnu-tools-for-stm32.9-2020-q2-update.linux64_2.0.0.202105311346/tools/bin/../lib/gcc/arm-none-eabi/9.3.1/../../../../arm-none-eabi/lib/thumb/v7e-m+dp/hard/libstdc++_nano.a(eh_terminate.o)
                0x0000000008005eec                std::terminate()
 *fill*         0x0000000008005ef6        0x2 
 .text._ZSt15get_new_handlerv
                0x0000000008005ef8       0x10 /opt/st/stm32cubeide_1.7.0/plugins/com.st.stm32cube.ide.mcu.externaltools.gnu-tools-for-stm32.9-2020-q2-update.linux64_2.0.0.202105311346/tools/bin/../lib/gcc/arm-none-eabi/9.3.1/../../../../arm-none-eabi/lib/thumb/v7e-m+dp/hard/libstdc++_nano.a(new_handler.o)
                0x0000000008005ef8                std::get_new_handler()
 .text.abort    0x0000000008005f08        0xe /opt/st/stm32cubeide_1.7.0/plugins/com.st.stm32cube.ide.mcu.externaltools.gnu-tools-for-stm32.9-2020-q2-update.linux64_2.0.0.202105311346/tools/bin/../lib/gcc/arm-none-eabi/9.3.1/../../../../arm-none-eabi/lib/thumb/v7e-m+dp/hard/libc_nano.a(lib_a-abort.o)
                0x0000000008005f08                abort
 *fill*         0x0000000008005f16        0x2 
 .text.__errno  0x0000000008005f18        0xc /opt/st/stm32cubeide_1.7.0/plugins/com.st.stm32cube.ide.mcu.externaltools.gnu-tools-for-stm32.9-2020-q2-update.linux64_2.0.0.202105311346/tools/bin/../lib/gcc/arm-none-eabi/9.3.1/../../../../arm-none-eabi/lib/thumb/v7e-m+dp/hard/libc_nano.a(lib_a-errno.o)
                0x0000000008005f18                __errno
 .text.__libc_init_array
                0x0000000008005f24       0x48 /opt/st/stm32cubeide_1.7.0/plugins/com.st.stm32cube.ide.mcu.externaltools.gnu-tools-for-stm32.9-2020-q2-update.linux64_2.0.0.202105311346/tools/bin/../lib/gcc/arm-none-eabi/9.3.1/../../../../arm-none-eabi/lib/thumb/v7e-m+dp/hard/libc_nano.a(lib_a-init.o)
                0x0000000008005f24                __libc_init_array
 .text.malloc   0x0000000008005f6c       0x10 /opt/st/stm32cubeide_1.7.0/plugins/com.st.stm32cube.ide.mcu.externaltools.gnu-tools-for-stm32.9-2020-q2-update.linux64_2.0.0.202105311346/tools/bin/../lib/gcc/arm-none-eabi/9.3.1/../../../../arm-none-eabi/lib/thumb/v7e-m+dp/hard/libc_nano.a(lib_a-malloc.o)
                0x0000000008005f6c                malloc
 .text.free     0x0000000008005f7c       0x10 /opt/st/stm32cubeide_1.7.0/plugins/com.st.stm32cube.ide.mcu.externaltools.gnu-tools-for-stm32.9-2020-q2-update.linux64_2.0.0.202105311346/tools/bin/../lib/gcc/arm-none-eabi/9.3.1/../../../../arm-none-eabi/lib/thumb/v7e-m+dp/hard/libc_nano.a(lib_a-malloc.o)
                0x0000000008005f7c                free
 .text.memset   0x0000000008005f8c       0x10 /opt/st/stm32cubeide_1.7.0/plugins/com.st.stm32cube.ide.mcu.externaltools.gnu-tools-for-stm32.9-2020-q2-update.linux64_2.0.0.202105311346/tools/bin/../lib/gcc/arm-none-eabi/9.3.1/../../../../arm-none-eabi/lib/thumb/v7e-m+dp/hard/libc_nano.a(lib_a-memset.o)
                0x0000000008005f8c                memset
 .text._free_r  0x0000000008005f9c       0xa0 /opt/st/stm32cubeide_1.7.0/plugins/com.st.stm32cube.ide.mcu.externaltools.gnu-tools-for-stm32.9-2020-q2-update.linux64_2.0.0.202105311346/tools/bin/../lib/gcc/arm-none-eabi/9.3.1/../../../../arm-none-eabi/lib/thumb/v7e-m+dp/hard/libc_nano.a(lib_a-nano-freer.o)
                0x0000000008005f9c                _free_r
 .text._malloc_r
                0x000000000800603c       0xb4 /opt/st/stm32cubeide_1.7.0/plugins/com.st.stm32cube.ide.mcu.externaltools.gnu-tools-for-stm32.9-2020-q2-update.linux64_2.0.0.202105311346/tools/bin/../lib/gcc/arm-none-eabi/9.3.1/../../../../arm-none-eabi/lib/thumb/v7e-m+dp/hard/libc_nano.a(lib_a-nano-mallocr.o)
                0x000000000800603c                _malloc_r
 .text._sbrk_r  0x00000000080060f0       0x20 /opt/st/stm32cubeide_1.7.0/plugins/com.st.stm32cube.ide.mcu.externaltools.gnu-tools-for-stm32.9-2020-q2-update.linux64_2.0.0.202105311346/tools/bin/../lib/gcc/arm-none-eabi/9.3.1/../../../../arm-none-eabi/lib/thumb/v7e-m+dp/hard/libc_nano.a(lib_a-sbrkr.o)
                0x00000000080060f0                _sbrk_r
 .text._raise_r
                0x0000000008006110       0x50 /opt/st/stm32cubeide_1.7.0/plugins/com.st.stm32cube.ide.mcu.externaltools.gnu-tools-for-stm32.9-2020-q2-update.linux64_2.0.0.202105311346/tools/bin/../lib/gcc/arm-none-eabi/9.3.1/../../../../arm-none-eabi/lib/thumb/v7e-m+dp/hard/libc_nano.a(lib_a-signal.o)
                0x0000000008006110                _raise_r
 .text.raise    0x0000000008006160       0x10 /opt/st/stm32cubeide_1.7.0/plugins/com.st.stm32cube.ide.mcu.externaltools.gnu-tools-for-stm32.9-2020-q2-update.linux64_2.0.0.202105311346/tools/bin/../lib/gcc/arm-none-eabi/9.3.1/../../../../arm-none-eabi/lib/thumb/v7e-m+dp/hard/libc_nano.a(lib_a-signal.o)
                0x0000000008006160                raise
 .text._kill_r  0x0000000008006170       0x24 /opt/st/stm32cubeide_1.7.0/plugins/com.st.stm32cube.ide.mcu.externaltools.gnu-tools-for-stm32.9-2020-q2-update.linux64_2.0.0.202105311346/tools/bin/../lib/gcc/arm-none-eabi/9.3.1/../../../../arm-none-eabi/lib/thumb/v7e-m+dp/hard/libc_nano.a(lib_a-signalr.o)
                0x0000000008006170                _kill_r
 .text._getpid_r
                0x0000000008006194        0x4 /opt/st/stm32cubeide_1.7.0/plugins/com.st.stm32cube.ide.mcu.externaltools.gnu-tools-for-stm32.9-2020-q2-update.linux64_2.0.0.202105311346/tools/bin/../lib/gcc/arm-none-eabi/9.3.1/../../../../arm-none-eabi/lib/thumb/v7e-m+dp/hard/libc_nano.a(lib_a-signalr.o)
                0x0000000008006194                _getpid_r
 .text.__malloc_lock
                0x0000000008006198        0xc /opt/st/stm32cubeide_1.7.0/plugins/com.st.stm32cube.ide.mcu.externaltools.gnu-tools-for-stm32.9-2020-q2-update.linux64_2.0.0.202105311346/tools/bin/../lib/gcc/arm-none-eabi/9.3.1/../../../../arm-none-eabi/lib/thumb/v7e-m+dp/hard/libc_nano.a(lib_a-mlock.o)
                0x0000000008006198                __malloc_lock
 .text.__malloc_unlock
                0x00000000080061a4        0xc /opt/st/stm32cubeide_1.7.0/plugins/com.st.stm32cube.ide.mcu.externaltools.gnu-tools-for-stm32.9-2020-q2-update.linux64_2.0.0.202105311346/tools/bin/../lib/gcc/arm-none-eabi/9.3.1/../../../../arm-none-eabi/lib/thumb/v7e-m+dp/hard/libc_nano.a(lib_a-mlock.o)
                0x00000000080061a4                __malloc_unlock
 .text.__retarget_lock_acquire_recursive
                0x00000000080061b0        0x2 /opt/st/stm32cubeide_1.7.0/plugins/com.st.stm32cube.ide.mcu.externaltools.gnu-tools-for-stm32.9-2020-q2-update.linux64_2.0.0.202105311346/tools/bin/../lib/gcc/arm-none-eabi/9.3.1/../../../../arm-none-eabi/lib/thumb/v7e-m+dp/hard/libc_nano.a(lib_a-lock.o)
                0x00000000080061b0                __retarget_lock_acquire_recursive
 .text.__retarget_lock_release_recursive
                0x00000000080061b2        0x2 /opt/st/stm32cubeide_1.7.0/plugins/com.st.stm32cube.ide.mcu.externaltools.gnu-tools-for-stm32.9-2020-q2-update.linux64_2.0.0.202105311346/tools/bin/../lib/gcc/arm-none-eabi/9.3.1/../../../../arm-none-eabi/lib/thumb/v7e-m+dp/hard/libc_nano.a(lib_a-lock.o)
                0x00000000080061b2                __retarget_lock_release_recursive
 *(.glue_7)
 .glue_7        0x00000000080061b4        0x0 linker stubs
 *(.glue_7t)
 .glue_7t       0x00000000080061b4        0x0 linker stubs
 *(.eh_frame)
 .eh_frame      0x00000000080061b4        0x0 /opt/st/stm32cubeide_1.7.0/plugins/com.st.stm32cube.ide.mcu.externaltools.gnu-tools-for-stm32.9-2020-q2-update.linux64_2.0.0.202105311346/tools/bin/../lib/gcc/arm-none-eabi/9.3.1/thumb/v7e-m+dp/hard/crtbegin.o
 *(.init)
 .init          0x00000000080061b4        0x4 /opt/st/stm32cubeide_1.7.0/plugins/com.st.stm32cube.ide.mcu.externaltools.gnu-tools-for-stm32.9-2020-q2-update.linux64_2.0.0.202105311346/tools/bin/../lib/gcc/arm-none-eabi/9.3.1/thumb/v7e-m+dp/hard/crti.o
                0x00000000080061b4                _init
 .init          0x00000000080061b8        0x8 /opt/st/stm32cubeide_1.7.0/plugins/com.st.stm32cube.ide.mcu.externaltools.gnu-tools-for-stm32.9-2020-q2-update.linux64_2.0.0.202105311346/tools/bin/../lib/gcc/arm-none-eabi/9.3.1/thumb/v7e-m+dp/hard/crtn.o
 *(.fini)
 .fini          0x00000000080061c0        0x4 /opt/st/stm32cubeide_1.7.0/plugins/com.st.stm32cube.ide.mcu.externaltools.gnu-tools-for-stm32.9-2020-q2-update.linux64_2.0.0.202105311346/tools/bin/../lib/gcc/arm-none-eabi/9.3.1/thumb/v7e-m+dp/hard/crti.o
                0x00000000080061c0                _fini
 .fini          0x00000000080061c4        0x8 /opt/st/stm32cubeide_1.7.0/plugins/com.st.stm32cube.ide.mcu.externaltools.gnu-tools-for-stm32.9-2020-q2-update.linux64_2.0.0.202105311346/tools/bin/../lib/gcc/arm-none-eabi/9.3.1/thumb/v7e-m+dp/hard/crtn.o
                0x00000000080061cc                . = ALIGN (0x4)
                0x00000000080061cc                _etext = .

.vfp11_veneer   0x00000000080061cc        0x0
 .vfp11_veneer  0x00000000080061cc        0x0 linker stubs

.v4_bx          0x00000000080061cc        0x0
 .v4_bx         0x00000000080061cc        0x0 linker stubs

.iplt           0x00000000080061cc        0x0
 .iplt          0x00000000080061cc        0x0 /opt/st/stm32cubeide_1.7.0/plugins/com.st.stm32cube.ide.mcu.externaltools.gnu-tools-for-stm32.9-2020-q2-update.linux64_2.0.0.202105311346/tools/bin/../lib/gcc/arm-none-eabi/9.3.1/thumb/v7e-m+dp/hard/crtbegin.o

.rodata         0x00000000080061cc      0x2dc
                0x00000000080061cc                . = ALIGN (0x4)
 *(.rodata)
 .rodata        0x00000000080061cc       0x3b ./Drivers/STM32H7xx_HAL_Driver/Src/stm32h7xx_hal_cortex.o
 *fill*         0x0000000008006207        0x1 
 .rodata        0x0000000008006208       0x38 ./Drivers/STM32H7xx_HAL_Driver/Src/stm32h7xx_hal_dac.o
 .rodata        0x0000000008006240       0x39 ./Drivers/STM32H7xx_HAL_Driver/Src/stm32h7xx_hal_gpio.o
 *fill*         0x0000000008006279        0x3 
 .rodata        0x000000000800627c       0x3b ./Drivers/STM32H7xx_HAL_Driver/Src/stm32h7xx_hal_pwr_ex.o
 *fill*         0x00000000080062b7        0x1 
 .rodata        0x00000000080062b8       0x38 ./Drivers/STM32H7xx_HAL_Driver/Src/stm32h7xx_hal_rcc.o
 .rodata        0x00000000080062f0       0x3b ./Drivers/STM32H7xx_HAL_Driver/Src/stm32h7xx_hal_rcc_ex.o
 *fill*         0x000000000800632b        0x1 
 .rodata        0x000000000800632c       0x38 ./Drivers/STM32H7xx_HAL_Driver/Src/stm32h7xx_hal_spi.o
 .rodata        0x0000000008006364        0x7 ./fgl/displays/ST7735.o
 *(.rodata*)
 *fill*         0x000000000800636b        0x1 
 .rodata._ZTV14STM32H7_ST7735
                0x000000000800636c       0x70 ./Core/Src/stm32h7_st7735.o
                0x000000000800636c                vtable for STM32H7_ST7735
 .rodata.D1CorePrescTable
                0x00000000080063dc       0x10 ./Core/Src/system_stm32h7xx.o
                0x00000000080063dc                D1CorePrescTable
 .rodata._ZTV6ST7735
                0x00000000080063ec       0x70 ./fgl/displays/ST7735.o
                0x00000000080063ec                vtable for ST7735
 .rodata._ZTV7Display
                0x000000000800645c       0x4c ./fgl/displays/display.o
                0x000000000800645c                vtable for Display
                0x00000000080064a8                . = ALIGN (0x4)

.rel.dyn        0x00000000080064a8        0x0
 .rel.iplt      0x00000000080064a8        0x0 /opt/st/stm32cubeide_1.7.0/plugins/com.st.stm32cube.ide.mcu.externaltools.gnu-tools-for-stm32.9-2020-q2-update.linux64_2.0.0.202105311346/tools/bin/../lib/gcc/arm-none-eabi/9.3.1/thumb/v7e-m+dp/hard/crtbegin.o

.ARM.extab
 *(.ARM.extab* .gnu.linkonce.armextab.*)

.ARM            0x00000000080064a8        0x0
                0x00000000080064a8                __exidx_start = .
 *(.ARM.exidx*)
                0x00000000080064a8                __exidx_end = .

.preinit_array  0x00000000080064a8        0x0
                0x00000000080064a8                PROVIDE (__preinit_array_start = .)
 *(.preinit_array*)
                0x00000000080064a8                PROVIDE (__preinit_array_end = .)

.init_array     0x00000000080064a8        0x4
                0x00000000080064a8                PROVIDE (__init_array_start = .)
 *(SORT_BY_NAME(.init_array.*))
 *(.init_array*)
 .init_array    0x00000000080064a8        0x4 /opt/st/stm32cubeide_1.7.0/plugins/com.st.stm32cube.ide.mcu.externaltools.gnu-tools-for-stm32.9-2020-q2-update.linux64_2.0.0.202105311346/tools/bin/../lib/gcc/arm-none-eabi/9.3.1/thumb/v7e-m+dp/hard/crtbegin.o
                0x00000000080064ac                PROVIDE (__init_array_end = .)

.fini_array     0x00000000080064ac        0x4
                [!provide]                        PROVIDE (__fini_array_start = .)
 *(SORT_BY_NAME(.fini_array.*))
 *(.fini_array*)
 .fini_array    0x00000000080064ac        0x4 /opt/st/stm32cubeide_1.7.0/plugins/com.st.stm32cube.ide.mcu.externaltools.gnu-tools-for-stm32.9-2020-q2-update.linux64_2.0.0.202105311346/tools/bin/../lib/gcc/arm-none-eabi/9.3.1/thumb/v7e-m+dp/hard/crtbegin.o
                [!provide]                        PROVIDE (__fini_array_end = .)
                0x00000000080064b0                _sidata = LOADADDR (.data)

.data           0x0000000020000000       0x78 load address 0x00000000080064b0
                0x0000000020000000                . = ALIGN (0x4)
                0x0000000020000000                _sdata = .
 *(.data)
 *(.data*)
 .data.SystemCoreClock
                0x0000000020000000        0x4 ./Core/Src/system_stm32h7xx.o
                0x0000000020000000                SystemCoreClock
 .data.SystemD2Clock
                0x0000000020000004        0x4 ./Core/Src/system_stm32h7xx.o
                0x0000000020000004                SystemD2Clock
 .data.uwTickPrio
                0x0000000020000008        0x4 ./Drivers/STM32H7xx_HAL_Driver/Src/stm32h7xx_hal.o
                0x0000000020000008                uwTickPrio
 .data.uwTickFreq
                0x000000002000000c        0x1 ./Drivers/STM32H7xx_HAL_Driver/Src/stm32h7xx_hal.o
                0x000000002000000c                uwTickFreq
 *fill*         0x000000002000000d        0x3 
 .data._ZN10__cxxabiv119__terminate_handlerE
                0x0000000020000010        0x4 /opt/st/stm32cubeide_1.7.0/plugins/com.st.stm32cube.ide.mcu.externaltools.gnu-tools-for-stm32.9-2020-q2-update.linux64_2.0.0.202105311346/tools/bin/../lib/gcc/arm-none-eabi/9.3.1/../../../../arm-none-eabi/lib/thumb/v7e-m+dp/hard/libstdc++_nano.a(eh_term_handler.o)
                0x0000000020000010                __cxxabiv1::__terminate_handler
 .data._impure_ptr
                0x0000000020000014        0x4 /opt/st/stm32cubeide_1.7.0/plugins/com.st.stm32cube.ide.mcu.externaltools.gnu-tools-for-stm32.9-2020-q2-update.linux64_2.0.0.202105311346/tools/bin/../lib/gcc/arm-none-eabi/9.3.1/../../../../arm-none-eabi/lib/thumb/v7e-m+dp/hard/libc_nano.a(lib_a-impure.o)
                0x0000000020000014                _impure_ptr
 .data.impure_data
                0x0000000020000018       0x60 /opt/st/stm32cubeide_1.7.0/plugins/com.st.stm32cube.ide.mcu.externaltools.gnu-tools-for-stm32.9-2020-q2-update.linux64_2.0.0.202105311346/tools/bin/../lib/gcc/arm-none-eabi/9.3.1/../../../../arm-none-eabi/lib/thumb/v7e-m+dp/hard/libc_nano.a(lib_a-impure.o)
 *(.RamFunc)
 *(.RamFunc*)
                0x0000000020000078                . = ALIGN (0x4)
                0x0000000020000078                _edata = .

.igot.plt       0x0000000020000078        0x0 load address 0x0000000008006528
 .igot.plt      0x0000000020000078        0x0 /opt/st/stm32cubeide_1.7.0/plugins/com.st.stm32cube.ide.mcu.externaltools.gnu-tools-for-stm32.9-2020-q2-update.linux64_2.0.0.202105311346/tools/bin/../lib/gcc/arm-none-eabi/9.3.1/thumb/v7e-m+dp/hard/crtbegin.o
                0x0000000020000078                . = ALIGN (0x4)

.bss            0x0000000020000078       0xdc load address 0x0000000008006528
                0x0000000020000078                _sbss = .
                0x0000000020000078                __bss_start__ = _sbss
 *(.bss)
 .bss           0x0000000020000078       0x1c /opt/st/stm32cubeide_1.7.0/plugins/com.st.stm32cube.ide.mcu.externaltools.gnu-tools-for-stm32.9-2020-q2-update.linux64_2.0.0.202105311346/tools/bin/../lib/gcc/arm-none-eabi/9.3.1/thumb/v7e-m+dp/hard/crtbegin.o
 *(.bss*)
 .bss.__sbrk_heap_end
                0x0000000020000094        0x4 ./Core/Src/sysmem.o
 .bss._ZN12_GLOBAL__N_113__new_handlerE
                0x0000000020000098        0x4 /opt/st/stm32cubeide_1.7.0/plugins/com.st.stm32cube.ide.mcu.externaltools.gnu-tools-for-stm32.9-2020-q2-update.linux64_2.0.0.202105311346/tools/bin/../lib/gcc/arm-none-eabi/9.3.1/../../../../arm-none-eabi/lib/thumb/v7e-m+dp/hard/libstdc++_nano.a(new_handler.o)
 .bss.__malloc_free_list
                0x000000002000009c        0x4 /opt/st/stm32cubeide_1.7.0/plugins/com.st.stm32cube.ide.mcu.externaltools.gnu-tools-for-stm32.9-2020-q2-update.linux64_2.0.0.202105311346/tools/bin/../lib/gcc/arm-none-eabi/9.3.1/../../../../arm-none-eabi/lib/thumb/v7e-m+dp/hard/libc_nano.a(lib_a-nano-mallocr.o)
                0x000000002000009c                __malloc_free_list
 .bss.__malloc_sbrk_start
                0x00000000200000a0        0x4 /opt/st/stm32cubeide_1.7.0/plugins/com.st.stm32cube.ide.mcu.externaltools.gnu-tools-for-stm32.9-2020-q2-update.linux64_2.0.0.202105311346/tools/bin/../lib/gcc/arm-none-eabi/9.3.1/../../../../arm-none-eabi/lib/thumb/v7e-m+dp/hard/libc_nano.a(lib_a-nano-mallocr.o)
                0x00000000200000a0                __malloc_sbrk_start
 *(COMMON)
 COMMON         0x00000000200000a4       0x14 ./Core/Src/dac.o
                0x00000000200000a4                hdac1
 COMMON         0x00000000200000b8       0x88 ./Core/Src/spi.o
                0x00000000200000b8                hspi1
 COMMON         0x0000000020000140        0x4 ./Drivers/STM32H7xx_HAL_Driver/Src/stm32h7xx_hal.o
                0x0000000020000140                uwTick
 COMMON         0x0000000020000144        0x4 /opt/st/stm32cubeide_1.7.0/plugins/com.st.stm32cube.ide.mcu.externaltools.gnu-tools-for-stm32.9-2020-q2-update.linux64_2.0.0.202105311346/tools/bin/../lib/gcc/arm-none-eabi/9.3.1/../../../../arm-none-eabi/lib/thumb/v7e-m+dp/hard/libc_nano.a(lib_a-reent.o)
                0x0000000020000144                errno
 COMMON         0x0000000020000148        0x9 /opt/st/stm32cubeide_1.7.0/plugins/com.st.stm32cube.ide.mcu.externaltools.gnu-tools-for-stm32.9-2020-q2-update.linux64_2.0.0.202105311346/tools/bin/../lib/gcc/arm-none-eabi/9.3.1/../../../../arm-none-eabi/lib/thumb/v7e-m+dp/hard/libc_nano.a(lib_a-lock.o)
                0x0000000020000148                __lock___atexit_recursive_mutex
                0x0000000020000149                __lock___arc4random_mutex
                0x000000002000014a                __lock___env_recursive_mutex
                0x000000002000014b                __lock___sinit_recursive_mutex
                0x000000002000014c                __lock___malloc_recursive_mutex
                0x000000002000014d                __lock___at_quick_exit_mutex
                0x000000002000014e                __lock___dd_hash_mutex
                0x000000002000014f                __lock___tz_mutex
                0x0000000020000150                __lock___sfp_recursive_mutex
                0x0000000020000154                . = ALIGN (0x4)
 *fill*         0x0000000020000151        0x3 
                0x0000000020000154                _ebss = .
                0x0000000020000154                __bss_end__ = _ebss

._user_heap_stack
                0x0000000020000154      0x604 load address 0x0000000008006528
                0x0000000020000158                . = ALIGN (0x8)
 *fill*         0x0000000020000154        0x4 
                [!provide]                        PROVIDE (end = .)
                0x0000000020000158                PROVIDE (_end = .)
                0x0000000020000358                . = (. + _Min_Heap_Size)
 *fill*         0x0000000020000158      0x200 
                0x0000000020000758                . = (. + _Min_Stack_Size)
 *fill*         0x0000000020000358      0x400 
                0x0000000020000758                . = ALIGN (0x8)

/DISCARD/
 libc.a(*)
 libm.a(*)
 libgcc.a(*)

.ARM.attributes
                0x0000000000000000       0x2e
 *(.ARM.attributes)
 .ARM.attributes
                0x0000000000000000       0x1e /opt/st/stm32cubeide_1.7.0/plugins/com.st.stm32cube.ide.mcu.externaltools.gnu-tools-for-stm32.9-2020-q2-update.linux64_2.0.0.202105311346/tools/bin/../lib/gcc/arm-none-eabi/9.3.1/thumb/v7e-m+dp/hard/crti.o
 .ARM.attributes
                0x000000000000001e       0x32 /opt/st/stm32cubeide_1.7.0/plugins/com.st.stm32cube.ide.mcu.externaltools.gnu-tools-for-stm32.9-2020-q2-update.linux64_2.0.0.202105311346/tools/bin/../lib/gcc/arm-none-eabi/9.3.1/thumb/v7e-m+dp/hard/crtbegin.o
 .ARM.attributes
                0x0000000000000050       0x32 ./Core/Src/cppmain.o
 .ARM.attributes
                0x0000000000000082       0x32 ./Core/Src/dac.o
 .ARM.attributes
                0x00000000000000b4       0x32 ./Core/Src/gpio.o
 .ARM.attributes
                0x00000000000000e6       0x32 ./Core/Src/main.o
 .ARM.attributes
                0x0000000000000118       0x32 ./Core/Src/spi.o
 .ARM.attributes
                0x000000000000014a       0x32 ./Core/Src/stm32h7_st7735.o
 .ARM.attributes
                0x000000000000017c       0x32 ./Core/Src/stm32h7xx_hal_msp.o
 .ARM.attributes
                0x00000000000001ae       0x32 ./Core/Src/stm32h7xx_it.o
 .ARM.attributes
                0x00000000000001e0       0x32 ./Core/Src/syscalls.o
 .ARM.attributes
                0x0000000000000212       0x32 ./Core/Src/sysmem.o
 .ARM.attributes
                0x0000000000000244       0x32 ./Core/Src/system_stm32h7xx.o
 .ARM.attributes
                0x0000000000000276       0x21 ./Core/Startup/startup_stm32h743vitx.o
 .ARM.attributes
                0x0000000000000297       0x32 ./Drivers/STM32H7xx_HAL_Driver/Src/stm32h7xx_hal.o
 .ARM.attributes
                0x00000000000002c9       0x32 ./Drivers/STM32H7xx_HAL_Driver/Src/stm32h7xx_hal_cortex.o
 .ARM.attributes
                0x00000000000002fb       0x32 ./Drivers/STM32H7xx_HAL_Driver/Src/stm32h7xx_hal_dac.o
 .ARM.attributes
                0x000000000000032d       0x32 ./Drivers/STM32H7xx_HAL_Driver/Src/stm32h7xx_hal_gpio.o
 .ARM.attributes
                0x000000000000035f       0x32 ./Drivers/STM32H7xx_HAL_Driver/Src/stm32h7xx_hal_pwr_ex.o
 .ARM.attributes
                0x0000000000000391       0x32 ./Drivers/STM32H7xx_HAL_Driver/Src/stm32h7xx_hal_rcc.o
 .ARM.attributes
                0x00000000000003c3       0x32 ./Drivers/STM32H7xx_HAL_Driver/Src/stm32h7xx_hal_rcc_ex.o
 .ARM.attributes
                0x00000000000003f5       0x32 ./Drivers/STM32H7xx_HAL_Driver/Src/stm32h7xx_hal_spi.o
 .ARM.attributes
                0x0000000000000427       0x32 ./fgl/displays/ST7735.o
 .ARM.attributes
                0x0000000000000459       0x32 ./fgl/displays/display.o
 .ARM.attributes
                0x000000000000048b       0x32 /opt/st/stm32cubeide_1.7.0/plugins/com.st.stm32cube.ide.mcu.externaltools.gnu-tools-for-stm32.9-2020-q2-update.linux64_2.0.0.202105311346/tools/bin/../lib/gcc/arm-none-eabi/9.3.1/../../../../arm-none-eabi/lib/thumb/v7e-m+dp/hard/libstdc++_nano.a(del_ops.o)
 .ARM.attributes
                0x00000000000004bd       0x32 /opt/st/stm32cubeide_1.7.0/plugins/com.st.stm32cube.ide.mcu.externaltools.gnu-tools-for-stm32.9-2020-q2-update.linux64_2.0.0.202105311346/tools/bin/../lib/gcc/arm-none-eabi/9.3.1/../../../../arm-none-eabi/lib/thumb/v7e-m+dp/hard/libstdc++_nano.a(new_op.o)
 .ARM.attributes
                0x00000000000004ef       0x32 /opt/st/stm32cubeide_1.7.0/plugins/com.st.stm32cube.ide.mcu.externaltools.gnu-tools-for-stm32.9-2020-q2-update.linux64_2.0.0.202105311346/tools/bin/../lib/gcc/arm-none-eabi/9.3.1/../../../../arm-none-eabi/lib/thumb/v7e-m+dp/hard/libstdc++_nano.a(pure.o)
 .ARM.attributes
                0x0000000000000521       0x32 /opt/st/stm32cubeide_1.7.0/plugins/com.st.stm32cube.ide.mcu.externaltools.gnu-tools-for-stm32.9-2020-q2-update.linux64_2.0.0.202105311346/tools/bin/../lib/gcc/arm-none-eabi/9.3.1/../../../../arm-none-eabi/lib/thumb/v7e-m+dp/hard/libstdc++_nano.a(del_op.o)
 .ARM.attributes
                0x0000000000000553       0x32 /opt/st/stm32cubeide_1.7.0/plugins/com.st.stm32cube.ide.mcu.externaltools.gnu-tools-for-stm32.9-2020-q2-update.linux64_2.0.0.202105311346/tools/bin/../lib/gcc/arm-none-eabi/9.3.1/../../../../arm-none-eabi/lib/thumb/v7e-m+dp/hard/libstdc++_nano.a(eh_terminate.o)
 .ARM.attributes
                0x0000000000000585       0x32 /opt/st/stm32cubeide_1.7.0/plugins/com.st.stm32cube.ide.mcu.externaltools.gnu-tools-for-stm32.9-2020-q2-update.linux64_2.0.0.202105311346/tools/bin/../lib/gcc/arm-none-eabi/9.3.1/../../../../arm-none-eabi/lib/thumb/v7e-m+dp/hard/libstdc++_nano.a(new_handler.o)
 .ARM.attributes
                0x00000000000005b7       0x30 /opt/st/stm32cubeide_1.7.0/plugins/com.st.stm32cube.ide.mcu.externaltools.gnu-tools-for-stm32.9-2020-q2-update.linux64_2.0.0.202105311346/tools/bin/../lib/gcc/arm-none-eabi/9.3.1/../../../../arm-none-eabi/lib/thumb/v7e-m+dp/hard/libstdc++_nano.a(eh_term_handler.o)
 .ARM.attributes
                0x00000000000005e7       0x32 /opt/st/stm32cubeide_1.7.0/plugins/com.st.stm32cube.ide.mcu.externaltools.gnu-tools-for-stm32.9-2020-q2-update.linux64_2.0.0.202105311346/tools/bin/../lib/gcc/arm-none-eabi/9.3.1/../../../../arm-none-eabi/lib/thumb/v7e-m+dp/hard/libc_nano.a(lib_a-abort.o)
 .ARM.attributes
                0x0000000000000619       0x32 /opt/st/stm32cubeide_1.7.0/plugins/com.st.stm32cube.ide.mcu.externaltools.gnu-tools-for-stm32.9-2020-q2-update.linux64_2.0.0.202105311346/tools/bin/../lib/gcc/arm-none-eabi/9.3.1/../../../../arm-none-eabi/lib/thumb/v7e-m+dp/hard/libc_nano.a(lib_a-errno.o)
 .ARM.attributes
                0x000000000000064b       0x30 /opt/st/stm32cubeide_1.7.0/plugins/com.st.stm32cube.ide.mcu.externaltools.gnu-tools-for-stm32.9-2020-q2-update.linux64_2.0.0.202105311346/tools/bin/../lib/gcc/arm-none-eabi/9.3.1/../../../../arm-none-eabi/lib/thumb/v7e-m+dp/hard/libc_nano.a(lib_a-impure.o)
 .ARM.attributes
                0x000000000000067b       0x32 /opt/st/stm32cubeide_1.7.0/plugins/com.st.stm32cube.ide.mcu.externaltools.gnu-tools-for-stm32.9-2020-q2-update.linux64_2.0.0.202105311346/tools/bin/../lib/gcc/arm-none-eabi/9.3.1/../../../../arm-none-eabi/lib/thumb/v7e-m+dp/hard/libc_nano.a(lib_a-init.o)
 .ARM.attributes
                0x00000000000006ad       0x32 /opt/st/stm32cubeide_1.7.0/plugins/com.st.stm32cube.ide.mcu.externaltools.gnu-tools-for-stm32.9-2020-q2-update.linux64_2.0.0.202105311346/tools/bin/../lib/gcc/arm-none-eabi/9.3.1/../../../../arm-none-eabi/lib/thumb/v7e-m+dp/hard/libc_nano.a(lib_a-malloc.o)
 .ARM.attributes
                0x00000000000006df       0x32 /opt/st/stm32cubeide_1.7.0/plugins/com.st.stm32cube.ide.mcu.externaltools.gnu-tools-for-stm32.9-2020-q2-update.linux64_2.0.0.202105311346/tools/bin/../lib/gcc/arm-none-eabi/9.3.1/../../../../arm-none-eabi/lib/thumb/v7e-m+dp/hard/libc_nano.a(lib_a-memset.o)
 .ARM.attributes
                0x0000000000000711       0x32 /opt/st/stm32cubeide_1.7.0/plugins/com.st.stm32cube.ide.mcu.externaltools.gnu-tools-for-stm32.9-2020-q2-update.linux64_2.0.0.202105311346/tools/bin/../lib/gcc/arm-none-eabi/9.3.1/../../../../arm-none-eabi/lib/thumb/v7e-m+dp/hard/libc_nano.a(lib_a-nano-freer.o)
 .ARM.attributes
                0x0000000000000743       0x32 /opt/st/stm32cubeide_1.7.0/plugins/com.st.stm32cube.ide.mcu.externaltools.gnu-tools-for-stm32.9-2020-q2-update.linux64_2.0.0.202105311346/tools/bin/../lib/gcc/arm-none-eabi/9.3.1/../../../../arm-none-eabi/lib/thumb/v7e-m+dp/hard/libc_nano.a(lib_a-nano-mallocr.o)
 .ARM.attributes
                0x0000000000000775       0x32 /opt/st/stm32cubeide_1.7.0/plugins/com.st.stm32cube.ide.mcu.externaltools.gnu-tools-for-stm32.9-2020-q2-update.linux64_2.0.0.202105311346/tools/bin/../lib/gcc/arm-none-eabi/9.3.1/../../../../arm-none-eabi/lib/thumb/v7e-m+dp/hard/libc_nano.a(lib_a-sbrkr.o)
 .ARM.attributes
                0x00000000000007a7       0x32 /opt/st/stm32cubeide_1.7.0/plugins/com.st.stm32cube.ide.mcu.externaltools.gnu-tools-for-stm32.9-2020-q2-update.linux64_2.0.0.202105311346/tools/bin/../lib/gcc/arm-none-eabi/9.3.1/../../../../arm-none-eabi/lib/thumb/v7e-m+dp/hard/libc_nano.a(lib_a-signal.o)
 .ARM.attributes
                0x00000000000007d9       0x32 /opt/st/stm32cubeide_1.7.0/plugins/com.st.stm32cube.ide.mcu.externaltools.gnu-tools-for-stm32.9-2020-q2-update.linux64_2.0.0.202105311346/tools/bin/../lib/gcc/arm-none-eabi/9.3.1/../../../../arm-none-eabi/lib/thumb/v7e-m+dp/hard/libc_nano.a(lib_a-signalr.o)
 .ARM.attributes
                0x000000000000080b       0x32 /opt/st/stm32cubeide_1.7.0/plugins/com.st.stm32cube.ide.mcu.externaltools.gnu-tools-for-stm32.9-2020-q2-update.linux64_2.0.0.202105311346/tools/bin/../lib/gcc/arm-none-eabi/9.3.1/../../../../arm-none-eabi/lib/thumb/v7e-m+dp/hard/libc_nano.a(lib_a-mlock.o)
 .ARM.attributes
                0x000000000000083d       0x32 /opt/st/stm32cubeide_1.7.0/plugins/com.st.stm32cube.ide.mcu.externaltools.gnu-tools-for-stm32.9-2020-q2-update.linux64_2.0.0.202105311346/tools/bin/../lib/gcc/arm-none-eabi/9.3.1/../../../../arm-none-eabi/lib/thumb/v7e-m+dp/hard/libc_nano.a(lib_a-reent.o)
 .ARM.attributes
                0x000000000000086f       0x32 /opt/st/stm32cubeide_1.7.0/plugins/com.st.stm32cube.ide.mcu.externaltools.gnu-tools-for-stm32.9-2020-q2-update.linux64_2.0.0.202105311346/tools/bin/../lib/gcc/arm-none-eabi/9.3.1/../../../../arm-none-eabi/lib/thumb/v7e-m+dp/hard/libc_nano.a(lib_a-lock.o)
 .ARM.attributes
                0x00000000000008a1       0x1e /opt/st/stm32cubeide_1.7.0/plugins/com.st.stm32cube.ide.mcu.externaltools.gnu-tools-for-stm32.9-2020-q2-update.linux64_2.0.0.202105311346/tools/bin/../lib/gcc/arm-none-eabi/9.3.1/thumb/v7e-m+dp/hard/crtn.o
OUTPUT(STM32H743VI.elf elf32-littlearm)
LOAD linker stubs
LOAD /opt/st/stm32cubeide_1.7.0/plugins/com.st.stm32cube.ide.mcu.externaltools.gnu-tools-for-stm32.9-2020-q2-update.linux64_2.0.0.202105311346/tools/bin/../lib/gcc/arm-none-eabi/9.3.1/../../../../arm-none-eabi/lib/thumb/v7e-m+dp/hard/libc.a
LOAD /opt/st/stm32cubeide_1.7.0/plugins/com.st.stm32cube.ide.mcu.externaltools.gnu-tools-for-stm32.9-2020-q2-update.linux64_2.0.0.202105311346/tools/bin/../lib/gcc/arm-none-eabi/9.3.1/../../../../arm-none-eabi/lib/thumb/v7e-m+dp/hard/libm.a
LOAD /opt/st/stm32cubeide_1.7.0/plugins/com.st.stm32cube.ide.mcu.externaltools.gnu-tools-for-stm32.9-2020-q2-update.linux64_2.0.0.202105311346/tools/bin/../lib/gcc/arm-none-eabi/9.3.1/thumb/v7e-m+dp/hard/libgcc.a

.debug_info     0x0000000000000000    0x1fbab
 .debug_info    0x0000000000000000     0x3107 ./Core/Src/cppmain.o
 .debug_info    0x0000000000003107     0x1558 ./Core/Src/dac.o
 .debug_info    0x000000000000465f     0x1440 ./Core/Src/gpio.o
 .debug_info    0x0000000000005a9f     0x1941 ./Core/Src/main.o
 .debug_info    0x00000000000073e0     0x1a90 ./Core/Src/spi.o
 .debug_info    0x0000000000008e70     0x35ee ./Core/Src/stm32h7_st7735.o
 .debug_info    0x000000000000c45e      0xf3b ./Core/Src/stm32h7xx_hal_msp.o
 .debug_info    0x000000000000d399      0xc30 ./Core/Src/stm32h7xx_it.o
 .debug_info    0x000000000000dfc9      0xfa8 ./Core/Src/syscalls.o
 .debug_info    0x000000000000ef71      0xa25 ./Core/Src/sysmem.o
 .debug_info    0x000000000000f996     0x1748 ./Core/Src/system_stm32h7xx.o
 .debug_info    0x00000000000110de       0x22 ./Core/Startup/startup_stm32h743vitx.o
 .debug_info    0x0000000000011100     0x1f5e ./Drivers/STM32H7xx_HAL_Driver/Src/stm32h7xx_hal.o
 .debug_info    0x000000000001305e     0x1bec ./Drivers/STM32H7xx_HAL_Driver/Src/stm32h7xx_hal_cortex.o
 .debug_info    0x0000000000014c4a     0x15e0 ./Drivers/STM32H7xx_HAL_Driver/Src/stm32h7xx_hal_dac.o
 .debug_info    0x000000000001622a     0x17bf ./Drivers/STM32H7xx_HAL_Driver/Src/stm32h7xx_hal_gpio.o
 .debug_info    0x00000000000179e9     0x1b06 ./Drivers/STM32H7xx_HAL_Driver/Src/stm32h7xx_hal_pwr_ex.o
 .debug_info    0x00000000000194ef     0x192a ./Drivers/STM32H7xx_HAL_Driver/Src/stm32h7xx_hal_rcc.o
 .debug_info    0x000000000001ae19     0x1cc2 ./Drivers/STM32H7xx_HAL_Driver/Src/stm32h7xx_hal_rcc_ex.o
 .debug_info    0x000000000001cadb     0x1fa0 ./Drivers/STM32H7xx_HAL_Driver/Src/stm32h7xx_hal_spi.o
 .debug_info    0x000000000001ea7b      0xd1e ./fgl/displays/ST7735.o
 .debug_info    0x000000000001f799      0x412 ./fgl/displays/display.o

.debug_abbrev   0x0000000000000000     0x3943
 .debug_abbrev  0x0000000000000000      0x337 ./Core/Src/cppmain.o
 .debug_abbrev  0x0000000000000337      0x25a ./Core/Src/dac.o
 .debug_abbrev  0x0000000000000591      0x229 ./Core/Src/gpio.o
 .debug_abbrev  0x00000000000007ba      0x29c ./Core/Src/main.o
 .debug_abbrev  0x0000000000000a56      0x265 ./Core/Src/spi.o
 .debug_abbrev  0x0000000000000cbb      0x43b ./Core/Src/stm32h7_st7735.o
 .debug_abbrev  0x00000000000010f6      0x20f ./Core/Src/stm32h7xx_hal_msp.o
 .debug_abbrev  0x0000000000001305      0x1ef ./Core/Src/stm32h7xx_it.o
 .debug_abbrev  0x00000000000014f4      0x286 ./Core/Src/syscalls.o
 .debug_abbrev  0x000000000000177a      0x1bf ./Core/Src/sysmem.o
 .debug_abbrev  0x0000000000001939      0x262 ./Core/Src/system_stm32h7xx.o
 .debug_abbrev  0x0000000000001b9b       0x12 ./Core/Startup/startup_stm32h743vitx.o
 .debug_abbrev  0x0000000000001bad      0x2ff ./Drivers/STM32H7xx_HAL_Driver/Src/stm32h7xx_hal.o
 .debug_abbrev  0x0000000000001eac      0x409 ./Drivers/STM32H7xx_HAL_Driver/Src/stm32h7xx_hal_cortex.o
 .debug_abbrev  0x00000000000022b5      0x28d ./Drivers/STM32H7xx_HAL_Driver/Src/stm32h7xx_hal_dac.o
 .debug_abbrev  0x0000000000002542      0x2cb ./Drivers/STM32H7xx_HAL_Driver/Src/stm32h7xx_hal_gpio.o
 .debug_abbrev  0x000000000000280d      0x350 ./Drivers/STM32H7xx_HAL_Driver/Src/stm32h7xx_hal_pwr_ex.o
 .debug_abbrev  0x0000000000002b5d      0x322 ./Drivers/STM32H7xx_HAL_Driver/Src/stm32h7xx_hal_rcc.o
 .debug_abbrev  0x0000000000002e7f      0x31d ./Drivers/STM32H7xx_HAL_Driver/Src/stm32h7xx_hal_rcc_ex.o
 .debug_abbrev  0x000000000000319c      0x313 ./Drivers/STM32H7xx_HAL_Driver/Src/stm32h7xx_hal_spi.o
 .debug_abbrev  0x00000000000034af      0x32c ./fgl/displays/ST7735.o
 .debug_abbrev  0x00000000000037db      0x168 ./fgl/displays/display.o

.debug_aranges  0x0000000000000000      0xc60
 .debug_aranges
                0x0000000000000000       0x28 ./Core/Src/cppmain.o
 .debug_aranges
                0x0000000000000028       0x30 ./Core/Src/dac.o
 .debug_aranges
                0x0000000000000058       0x20 ./Core/Src/gpio.o
 .debug_aranges
                0x0000000000000078       0x38 ./Core/Src/main.o
 .debug_aranges
                0x00000000000000b0       0x30 ./Core/Src/spi.o
 .debug_aranges
                0x00000000000000e0       0x78 ./Core/Src/stm32h7_st7735.o
 .debug_aranges
                0x0000000000000158       0x20 ./Core/Src/stm32h7xx_hal_msp.o
 .debug_aranges
                0x0000000000000178       0x78 ./Core/Src/stm32h7xx_it.o
 .debug_aranges
                0x00000000000001f0       0xa8 ./Core/Src/syscalls.o
 .debug_aranges
                0x0000000000000298       0x20 ./Core/Src/sysmem.o
 .debug_aranges
                0x00000000000002b8       0x28 ./Core/Src/system_stm32h7xx.o
 .debug_aranges
                0x00000000000002e0       0x28 ./Core/Startup/startup_stm32h743vitx.o
 .debug_aranges
                0x0000000000000308      0x198 ./Drivers/STM32H7xx_HAL_Driver/Src/stm32h7xx_hal.o
 .debug_aranges
                0x00000000000004a0      0x120 ./Drivers/STM32H7xx_HAL_Driver/Src/stm32h7xx_hal_cortex.o
 .debug_aranges
                0x00000000000005c0       0xc0 ./Drivers/STM32H7xx_HAL_Driver/Src/stm32h7xx_hal_dac.o
 .debug_aranges
                0x0000000000000680       0x58 ./Drivers/STM32H7xx_HAL_Driver/Src/stm32h7xx_hal_gpio.o
 .debug_aranges
                0x00000000000006d8      0x158 ./Drivers/STM32H7xx_HAL_Driver/Src/stm32h7xx_hal_pwr_ex.o
 .debug_aranges
                0x0000000000000830       0x88 ./Drivers/STM32H7xx_HAL_Driver/Src/stm32h7xx_hal_rcc.o
 .debug_aranges
                0x00000000000008b8       0xf8 ./Drivers/STM32H7xx_HAL_Driver/Src/stm32h7xx_hal_rcc_ex.o
 .debug_aranges
                0x00000000000009b0      0x1a0 ./Drivers/STM32H7xx_HAL_Driver/Src/stm32h7xx_hal_spi.o
 .debug_aranges
                0x0000000000000b50       0xe8 ./fgl/displays/ST7735.o
 .debug_aranges
                0x0000000000000c38       0x28 ./fgl/displays/display.o

.debug_ranges   0x0000000000000000      0xb08
 .debug_ranges  0x0000000000000000       0x18 ./Core/Src/cppmain.o
 .debug_ranges  0x0000000000000018       0x20 ./Core/Src/dac.o
 .debug_ranges  0x0000000000000038       0x10 ./Core/Src/gpio.o
 .debug_ranges  0x0000000000000048       0x28 ./Core/Src/main.o
 .debug_ranges  0x0000000000000070       0x20 ./Core/Src/spi.o
 .debug_ranges  0x0000000000000090       0x68 ./Core/Src/stm32h7_st7735.o
 .debug_ranges  0x00000000000000f8       0x10 ./Core/Src/stm32h7xx_hal_msp.o
 .debug_ranges  0x0000000000000108       0x68 ./Core/Src/stm32h7xx_it.o
 .debug_ranges  0x0000000000000170       0x98 ./Core/Src/syscalls.o
 .debug_ranges  0x0000000000000208       0x10 ./Core/Src/sysmem.o
 .debug_ranges  0x0000000000000218       0x18 ./Core/Src/system_stm32h7xx.o
 .debug_ranges  0x0000000000000230       0x20 ./Core/Startup/startup_stm32h743vitx.o
 .debug_ranges  0x0000000000000250      0x188 ./Drivers/STM32H7xx_HAL_Driver/Src/stm32h7xx_hal.o
 .debug_ranges  0x00000000000003d8      0x110 ./Drivers/STM32H7xx_HAL_Driver/Src/stm32h7xx_hal_cortex.o
 .debug_ranges  0x00000000000004e8       0xb0 ./Drivers/STM32H7xx_HAL_Driver/Src/stm32h7xx_hal_dac.o
 .debug_ranges  0x0000000000000598       0x48 ./Drivers/STM32H7xx_HAL_Driver/Src/stm32h7xx_hal_gpio.o
 .debug_ranges  0x00000000000005e0      0x148 ./Drivers/STM32H7xx_HAL_Driver/Src/stm32h7xx_hal_pwr_ex.o
 .debug_ranges  0x0000000000000728       0x78 ./Drivers/STM32H7xx_HAL_Driver/Src/stm32h7xx_hal_rcc.o
 .debug_ranges  0x00000000000007a0       0xe8 ./Drivers/STM32H7xx_HAL_Driver/Src/stm32h7xx_hal_rcc_ex.o
 .debug_ranges  0x0000000000000888      0x190 ./Drivers/STM32H7xx_HAL_Driver/Src/stm32h7xx_hal_spi.o
 .debug_ranges  0x0000000000000a18       0xd8 ./fgl/displays/ST7735.o
 .debug_ranges  0x0000000000000af0       0x18 ./fgl/displays/display.o

.debug_macro    0x0000000000000000    0x3a601
 .debug_macro   0x0000000000000000      0x37e ./Core/Src/cppmain.o
 .debug_macro   0x000000000000037e      0xb98 ./Core/Src/cppmain.o
 .debug_macro   0x0000000000000f16       0x1c ./Core/Src/cppmain.o
 .debug_macro   0x0000000000000f32       0x22 ./Core/Src/cppmain.o
 .debug_macro   0x0000000000000f54       0x8e ./Core/Src/cppmain.o
 .debug_macro   0x0000000000000fe2       0x51 ./Core/Src/cppmain.o
 .debug_macro   0x0000000000001033      0x103 ./Core/Src/cppmain.o
 .debug_macro   0x0000000000001136       0x6a ./Core/Src/cppmain.o
 .debug_macro   0x00000000000011a0      0x1df ./Core/Src/cppmain.o
 .debug_macro   0x000000000000137f      0x23f ./Core/Src/cppmain.o
 .debug_macro   0x00000000000015be       0x2e ./Core/Src/cppmain.o
 .debug_macro   0x00000000000015ec       0x3b ./Core/Src/cppmain.o
 .debug_macro   0x0000000000001627       0x1c ./Core/Src/cppmain.o
 .debug_macro   0x0000000000001643       0x22 ./Core/Src/cppmain.o
 .debug_macro   0x0000000000001665      0x101 ./Core/Src/cppmain.o
 .debug_macro   0x0000000000001766     0x1305 ./Core/Src/cppmain.o
 .debug_macro   0x0000000000002a6b      0x11f ./Core/Src/cppmain.o
 .debug_macro   0x0000000000002b8a       0x27 ./Core/Src/cppmain.o
 .debug_macro   0x0000000000002bb1    0x253d1 ./Core/Src/cppmain.o
 .debug_macro   0x0000000000027f82       0x43 ./Core/Src/cppmain.o
 .debug_macro   0x0000000000027fc5     0x3cd3 ./Core/Src/cppmain.o
 .debug_macro   0x000000000002bc98      0x17b ./Core/Src/cppmain.o
 .debug_macro   0x000000000002be13      0x17c ./Core/Src/cppmain.o
 .debug_macro   0x000000000002bf8f       0x10 ./Core/Src/cppmain.o
 .debug_macro   0x000000000002bf9f      0x41e ./Core/Src/cppmain.o
 .debug_macro   0x000000000002c3bd       0x18 ./Core/Src/cppmain.o
 .debug_macro   0x000000000002c3d5       0x52 ./Core/Src/cppmain.o
 .debug_macro   0x000000000002c427       0x17 ./Core/Src/cppmain.o
 .debug_macro   0x000000000002c43e       0x3c ./Core/Src/cppmain.o
 .debug_macro   0x000000000002c47a       0x34 ./Core/Src/cppmain.o
 .debug_macro   0x000000000002c4ae       0x16 ./Core/Src/cppmain.o
 .debug_macro   0x000000000002c4c4       0x43 ./Core/Src/cppmain.o
 .debug_macro   0x000000000002c507       0x34 ./Core/Src/cppmain.o
 .debug_macro   0x000000000002c53b       0x10 ./Core/Src/cppmain.o
 .debug_macro   0x000000000002c54b       0x58 ./Core/Src/cppmain.o
 .debug_macro   0x000000000002c5a3       0x71 ./Core/Src/cppmain.o
 .debug_macro   0x000000000002c614       0x16 ./Core/Src/cppmain.o
 .debug_macro   0x000000000002c62a      0x12a ./Core/Src/cppmain.o
 .debug_macro   0x000000000002c754      0x356 ./Core/Src/cppmain.o
 .debug_macro   0x000000000002caaa      0x1a2 ./Core/Src/cppmain.o
 .debug_macro   0x000000000002cc4c       0x10 ./Core/Src/cppmain.o
 .debug_macro   0x000000000002cc5c       0x16 ./Core/Src/cppmain.o
 .debug_macro   0x000000000002cc72       0x35 ./Core/Src/cppmain.o
 .debug_macro   0x000000000002cca7       0x16 ./Core/Src/cppmain.o
 .debug_macro   0x000000000002ccbd       0x29 ./Core/Src/cppmain.o
 .debug_macro   0x000000000002cce6       0x10 ./Core/Src/cppmain.o
 .debug_macro   0x000000000002ccf6      0x3c7 ./Core/Src/cppmain.o
 .debug_macro   0x000000000002d0bd       0x5d ./Core/Src/cppmain.o
 .debug_macro   0x000000000002d11a     0x2382 ./Core/Src/cppmain.o
 .debug_macro   0x000000000002f49c     0x1002 ./Core/Src/cppmain.o
 .debug_macro   0x000000000003049e      0x14d ./Core/Src/cppmain.o
 .debug_macro   0x00000000000305eb      0x117 ./Core/Src/cppmain.o
 .debug_macro   0x0000000000030702      0x3b2 ./Core/Src/cppmain.o
 .debug_macro   0x0000000000030ab4       0x27 ./Core/Src/cppmain.o
 .debug_macro   0x0000000000030adb      0x72d ./Core/Src/cppmain.o
 .debug_macro   0x0000000000031208      0x229 ./Core/Src/cppmain.o
 .debug_macro   0x0000000000031431       0x66 ./Core/Src/cppmain.o
 .debug_macro   0x0000000000031497      0x3bb ./Core/Src/cppmain.o
 .debug_macro   0x0000000000031852      0x3e5 ./Core/Src/cppmain.o
 .debug_macro   0x0000000000031c37      0x275 ./Core/Src/cppmain.o
 .debug_macro   0x0000000000031eac      0x184 ./Core/Src/cppmain.o
 .debug_macro   0x0000000000032030       0xd8 ./Core/Src/cppmain.o
 .debug_macro   0x0000000000032108      0x3cb ./Core/Src/cppmain.o
 .debug_macro   0x00000000000324d3      0x408 ./Core/Src/cppmain.o
 .debug_macro   0x00000000000328db       0x51 ./Core/Src/cppmain.o
 .debug_macro   0x000000000003292c       0x4a ./Core/Src/cppmain.o
 .debug_macro   0x0000000000032976      0x22c ./Core/Src/cppmain.o
 .debug_macro   0x0000000000032ba2       0x67 ./Core/Src/cppmain.o
 .debug_macro   0x0000000000032c09       0xa5 ./Core/Src/cppmain.o
 .debug_macro   0x0000000000032cae      0x1c5 ./Core/Src/cppmain.o
 .debug_macro   0x0000000000032e73      0x25f ./Core/Src/cppmain.o
 .debug_macro   0x00000000000330d2       0x35 ./Core/Src/cppmain.o
 .debug_macro   0x0000000000033107      0x5dd ./Core/Src/cppmain.o
 .debug_macro   0x00000000000336e4       0x9e ./Core/Src/cppmain.o
 .debug_macro   0x0000000000033782      0x5a0 ./Core/Src/cppmain.o
 .debug_macro   0x0000000000033d22       0x64 ./Core/Src/cppmain.o
 .debug_macro   0x0000000000033d86      0x2c6 ./Core/Src/dac.o
 .debug_macro   0x000000000003404c      0xac0 ./Core/Src/dac.o
 .debug_macro   0x0000000000034b0c     0x1305 ./Core/Src/dac.o
 .debug_macro   0x0000000000035e11      0x174 ./Core/Src/dac.o
 .debug_macro   0x0000000000035f85       0x34 ./Core/Src/dac.o
 .debug_macro   0x0000000000035fb9       0x43 ./Core/Src/dac.o
 .debug_macro   0x0000000000035ffc       0x1c ./Core/Src/dac.o
 .debug_macro   0x0000000000036018      0x333 ./Core/Src/dac.o
 .debug_macro   0x000000000003634b      0x1a9 ./Core/Src/dac.o
 .debug_macro   0x00000000000364f4       0x5e ./Core/Src/dac.o
 .debug_macro   0x0000000000036552      0x2c6 ./Core/Src/gpio.o
 .debug_macro   0x0000000000036818      0x2de ./Core/Src/main.o
 .debug_macro   0x0000000000036af6      0x2c6 ./Core/Src/spi.o
 .debug_macro   0x0000000000036dbc      0x367 ./Core/Src/stm32h7_st7735.o
 .debug_macro   0x0000000000037123      0x2bc ./Core/Src/stm32h7xx_hal_msp.o
 .debug_macro   0x00000000000373df      0x2c6 ./Core/Src/stm32h7xx_it.o
 .debug_macro   0x00000000000376a5      0x24c ./Core/Src/syscalls.o
 .debug_macro   0x00000000000378f1       0x4c ./Core/Src/syscalls.o
 .debug_macro   0x000000000003793d       0x94 ./Core/Src/syscalls.o
 .debug_macro   0x00000000000379d1       0x57 ./Core/Src/syscalls.o
 .debug_macro   0x0000000000037a28      0x339 ./Core/Src/syscalls.o
 .debug_macro   0x0000000000037d61       0x10 ./Core/Src/syscalls.o
 .debug_macro   0x0000000000037d71       0x35 ./Core/Src/syscalls.o
 .debug_macro   0x0000000000037da6       0x10 ./Core/Src/syscalls.o
 .debug_macro   0x0000000000037db6       0x10 ./Core/Src/syscalls.o
 .debug_macro   0x0000000000037dc6       0x10 ./Core/Src/syscalls.o
 .debug_macro   0x0000000000037dd6       0x1c ./Core/Src/syscalls.o
 .debug_macro   0x0000000000037df2       0x52 ./Core/Src/syscalls.o
 .debug_macro   0x0000000000037e44       0x22 ./Core/Src/syscalls.o
 .debug_macro   0x0000000000037e66       0x10 ./Core/Src/syscalls.o
 .debug_macro   0x0000000000037e76       0x40 ./Core/Src/syscalls.o
 .debug_macro   0x0000000000037eb6       0xd5 ./Core/Src/syscalls.o
 .debug_macro   0x0000000000037f8b       0x1c ./Core/Src/syscalls.o
 .debug_macro   0x0000000000037fa7       0x3d ./Core/Src/syscalls.o
 .debug_macro   0x0000000000037fe4       0x35 ./Core/Src/syscalls.o
 .debug_macro   0x0000000000038019      0x12c ./Core/Src/syscalls.o
 .debug_macro   0x0000000000038145       0x10 ./Core/Src/syscalls.o
 .debug_macro   0x0000000000038155      0x241 ./Core/Src/syscalls.o
 .debug_macro   0x0000000000038396       0x1c ./Core/Src/syscalls.o
 .debug_macro   0x00000000000383b2       0x10 ./Core/Src/syscalls.o
 .debug_macro   0x00000000000383c2       0x10 ./Core/Src/syscalls.o
 .debug_macro   0x00000000000383d2       0x16 ./Core/Src/syscalls.o
 .debug_macro   0x00000000000383e8      0x145 ./Core/Src/syscalls.o
 .debug_macro   0x000000000003852d      0x189 ./Core/Src/syscalls.o
 .debug_macro   0x00000000000386b6       0x16 ./Core/Src/syscalls.o
 .debug_macro   0x00000000000386cc       0xce ./Core/Src/syscalls.o
 .debug_macro   0x000000000003879a       0xff ./Core/Src/sysmem.o
 .debug_macro   0x0000000000038899      0x23b ./Core/Src/sysmem.o
 .debug_macro   0x0000000000038ad4      0x2b3 ./Core/Src/system_stm32h7xx.o
 .debug_macro   0x0000000000038d87      0x2d7 ./Drivers/STM32H7xx_HAL_Driver/Src/stm32h7xx_hal.o
 .debug_macro   0x000000000003905e      0x2ad ./Drivers/STM32H7xx_HAL_Driver/Src/stm32h7xx_hal_cortex.o
 .debug_macro   0x000000000003930b      0x2b5 ./Drivers/STM32H7xx_HAL_Driver/Src/stm32h7xx_hal_dac.o
 .debug_macro   0x00000000000395c0      0x2e9 ./Drivers/STM32H7xx_HAL_Driver/Src/stm32h7xx_hal_gpio.o
 .debug_macro   0x00000000000398a9      0x2e6 ./Drivers/STM32H7xx_HAL_Driver/Src/stm32h7xx_hal_pwr_ex.o
 .debug_macro   0x0000000000039b8f      0x2d1 ./Drivers/STM32H7xx_HAL_Driver/Src/stm32h7xx_hal_rcc.o
 .debug_macro   0x0000000000039e60      0x2cb ./Drivers/STM32H7xx_HAL_Driver/Src/stm32h7xx_hal_rcc_ex.o
 .debug_macro   0x000000000003a12b      0x2bc ./Drivers/STM32H7xx_HAL_Driver/Src/stm32h7xx_hal_spi.o
 .debug_macro   0x000000000003a3e7      0x1a8 ./fgl/displays/ST7735.o
 .debug_macro   0x000000000003a58f       0x72 ./fgl/displays/display.o

.debug_line     0x0000000000000000    0x11ba4
 .debug_line    0x0000000000000000      0xcde ./Core/Src/cppmain.o
 .debug_line    0x0000000000000cde      0x880 ./Core/Src/dac.o
 .debug_line    0x000000000000155e      0x857 ./Core/Src/gpio.o
 .debug_line    0x0000000000001db5      0x8ec ./Core/Src/main.o
 .debug_line    0x00000000000026a1      0x8cb ./Core/Src/spi.o
 .debug_line    0x0000000000002f6c      0xd3a ./Core/Src/stm32h7_st7735.o
 .debug_line    0x0000000000003ca6      0x82a ./Core/Src/stm32h7xx_hal_msp.o
 .debug_line    0x00000000000044d0      0x935 ./Core/Src/stm32h7xx_it.o
 .debug_line    0x0000000000004e05      0x7d5 ./Core/Src/syscalls.o
 .debug_line    0x00000000000055da      0x4cb ./Core/Src/sysmem.o
 .debug_line    0x0000000000005aa5      0x9e1 ./Core/Src/system_stm32h7xx.o
 .debug_line    0x0000000000006486       0x88 ./Core/Startup/startup_stm32h743vitx.o
 .debug_line    0x000000000000650e     0x1399 ./Drivers/STM32H7xx_HAL_Driver/Src/stm32h7xx_hal.o
 .debug_line    0x00000000000078a7      0xfcb ./Drivers/STM32H7xx_HAL_Driver/Src/stm32h7xx_hal_cortex.o
 .debug_line    0x0000000000008872      0xe5b ./Drivers/STM32H7xx_HAL_Driver/Src/stm32h7xx_hal_dac.o
 .debug_line    0x00000000000096cd      0xe6e ./Drivers/STM32H7xx_HAL_Driver/Src/stm32h7xx_hal_gpio.o
 .debug_line    0x000000000000a53b     0x10ec ./Drivers/STM32H7xx_HAL_Driver/Src/stm32h7xx_hal_pwr_ex.o
 .debug_line    0x000000000000b627     0x16de ./Drivers/STM32H7xx_HAL_Driver/Src/stm32h7xx_hal_rcc.o
 .debug_line    0x000000000000cd05     0x1e34 ./Drivers/STM32H7xx_HAL_Driver/Src/stm32h7xx_hal_rcc_ex.o
 .debug_line    0x000000000000eb39     0x2390 ./Drivers/STM32H7xx_HAL_Driver/Src/stm32h7xx_hal_spi.o
 .debug_line    0x0000000000010ec9      0x94c ./fgl/displays/ST7735.o
 .debug_line    0x0000000000011815      0x38f ./fgl/displays/display.o

.debug_str      0x0000000000000000   0x158845
 .debug_str     0x0000000000000000   0x151758 ./Core/Src/cppmain.o
                                     0x151f20 (size before relaxing)
 .debug_str     0x0000000000151758      0x74e ./Core/Src/dac.o
                                     0x14f46f (size before relaxing)
 .debug_str     0x0000000000151ea6      0x80a ./Core/Src/gpio.o
                                     0x14f7f0 (size before relaxing)
 .debug_str     0x00000000001526b0      0x25c ./Core/Src/main.o
                                     0x14f6a4 (size before relaxing)
 .debug_str     0x000000000015290c      0x346 ./Core/Src/spi.o
                                     0x14f8e8 (size before relaxing)
 .debug_str     0x0000000000152c52      0x2e0 ./Core/Src/stm32h7_st7735.o
                                     0x15202f (size before relaxing)
 .debug_str     0x0000000000152f32       0x2c ./Core/Src/stm32h7xx_hal_msp.o
                                     0x14ef36 (size before relaxing)
 .debug_str     0x0000000000152f5e       0xf0 ./Core/Src/stm32h7xx_it.o
                                     0x14ede4 (size before relaxing)
 .debug_str     0x000000000015304e     0x2593 ./Core/Src/syscalls.o
                                       0x8f18 (size before relaxing)
 .debug_str     0x00000000001555e1       0x6b ./Core/Src/sysmem.o
                                       0x62eb (size before relaxing)
 .debug_str     0x000000000015564c      0x32a ./Core/Src/system_stm32h7xx.o
                                     0x14f087 (size before relaxing)
 .debug_str     0x0000000000155976       0x36 ./Core/Startup/startup_stm32h743vitx.o
                                         0x73 (size before relaxing)
 .debug_str     0x00000000001559ac      0x744 ./Drivers/STM32H7xx_HAL_Driver/Src/stm32h7xx_hal.o
                                     0x14fe98 (size before relaxing)
 .debug_str     0x00000000001560f0      0x39f ./Drivers/STM32H7xx_HAL_Driver/Src/stm32h7xx_hal_cortex.o
                                     0x14f9b4 (size before relaxing)
 .debug_str     0x000000000015648f      0x1f6 ./Drivers/STM32H7xx_HAL_Driver/Src/stm32h7xx_hal_dac.o
                                     0x14f281 (size before relaxing)
 .debug_str     0x0000000000156685      0x1f6 ./Drivers/STM32H7xx_HAL_Driver/Src/stm32h7xx_hal_gpio.o
                                     0x14f137 (size before relaxing)
 .debug_str     0x000000000015687b      0x63e ./Drivers/STM32H7xx_HAL_Driver/Src/stm32h7xx_hal_pwr_ex.o
                                     0x14f4f1 (size before relaxing)
 .debug_str     0x0000000000156eb9      0x26c ./Drivers/STM32H7xx_HAL_Driver/Src/stm32h7xx_hal_rcc.o
                                     0x14f3c6 (size before relaxing)
 .debug_str     0x0000000000157125      0x665 ./Drivers/STM32H7xx_HAL_Driver/Src/stm32h7xx_hal_rcc_ex.o
                                     0x14f878 (size before relaxing)
 .debug_str     0x000000000015778a      0x542 ./Drivers/STM32H7xx_HAL_Driver/Src/stm32h7xx_hal_spi.o
                                     0x14f6b6 (size before relaxing)
 .debug_str     0x0000000000157ccc      0x985 ./fgl/displays/ST7735.o
                                       0x4bd1 (size before relaxing)
 .debug_str     0x0000000000158651      0x1f4 ./fgl/displays/display.o
                                       0x4438 (size before relaxing)

.comment        0x0000000000000000       0x53
 .comment       0x0000000000000000       0x53 ./Core/Src/cppmain.o
                                         0x54 (size before relaxing)
 .comment       0x0000000000000053       0x54 ./Core/Src/dac.o
 .comment       0x0000000000000053       0x54 ./Core/Src/gpio.o
 .comment       0x0000000000000053       0x54 ./Core/Src/main.o
 .comment       0x0000000000000053       0x54 ./Core/Src/spi.o
 .comment       0x0000000000000053       0x54 ./Core/Src/stm32h7_st7735.o
 .comment       0x0000000000000053       0x54 ./Core/Src/stm32h7xx_hal_msp.o
 .comment       0x0000000000000053       0x54 ./Core/Src/stm32h7xx_it.o
 .comment       0x0000000000000053       0x54 ./Core/Src/syscalls.o
 .comment       0x0000000000000053       0x54 ./Core/Src/sysmem.o
 .comment       0x0000000000000053       0x54 ./Core/Src/system_stm32h7xx.o
 .comment       0x0000000000000053       0x54 ./Drivers/STM32H7xx_HAL_Driver/Src/stm32h7xx_hal.o
 .comment       0x0000000000000053       0x54 ./Drivers/STM32H7xx_HAL_Driver/Src/stm32h7xx_hal_cortex.o
 .comment       0x0000000000000053       0x54 ./Drivers/STM32H7xx_HAL_Driver/Src/stm32h7xx_hal_dac.o
 .comment       0x0000000000000053       0x54 ./Drivers/STM32H7xx_HAL_Driver/Src/stm32h7xx_hal_gpio.o
 .comment       0x0000000000000053       0x54 ./Drivers/STM32H7xx_HAL_Driver/Src/stm32h7xx_hal_pwr_ex.o
 .comment       0x0000000000000053       0x54 ./Drivers/STM32H7xx_HAL_Driver/Src/stm32h7xx_hal_rcc.o
 .comment       0x0000000000000053       0x54 ./Drivers/STM32H7xx_HAL_Driver/Src/stm32h7xx_hal_rcc_ex.o
 .comment       0x0000000000000053       0x54 ./Drivers/STM32H7xx_HAL_Driver/Src/stm32h7xx_hal_spi.o
 .comment       0x0000000000000053       0x54 ./fgl/displays/ST7735.o
 .comment       0x0000000000000053       0x54 ./fgl/displays/display.o

.debug_frame    0x0000000000000000     0x3434
 .debug_frame   0x0000000000000000       0x50 ./Core/Src/cppmain.o
 .debug_frame   0x0000000000000050       0x84 ./Core/Src/dac.o
 .debug_frame   0x00000000000000d4       0x34 ./Core/Src/gpio.o
 .debug_frame   0x0000000000000108       0x90 ./Core/Src/main.o
 .debug_frame   0x0000000000000198       0x78 ./Core/Src/spi.o
 .debug_frame   0x0000000000000210      0x1c0 ./Core/Src/stm32h7_st7735.o
 .debug_frame   0x00000000000003d0       0x38 ./Core/Src/stm32h7xx_hal_msp.o
 .debug_frame   0x0000000000000408      0x158 ./Core/Src/stm32h7xx_it.o
 .debug_frame   0x0000000000000560      0x2ac ./Core/Src/syscalls.o
 .debug_frame   0x000000000000080c       0x34 ./Core/Src/sysmem.o
 .debug_frame   0x0000000000000840       0x58 ./Core/Src/system_stm32h7xx.o
 .debug_frame   0x0000000000000898      0x660 ./Drivers/STM32H7xx_HAL_Driver/Src/stm32h7xx_hal.o
 .debug_frame   0x0000000000000ef8      0x4b4 ./Drivers/STM32H7xx_HAL_Driver/Src/stm32h7xx_hal_cortex.o
 .debug_frame   0x00000000000013ac      0x328 ./Drivers/STM32H7xx_HAL_Driver/Src/stm32h7xx_hal_dac.o
 .debug_frame   0x00000000000016d4      0x13c ./Drivers/STM32H7xx_HAL_Driver/Src/stm32h7xx_hal_gpio.o
 .debug_frame   0x0000000000001810      0x55c ./Drivers/STM32H7xx_HAL_Driver/Src/stm32h7xx_hal_pwr_ex.o
 .debug_frame   0x0000000000001d6c      0x1f8 ./Drivers/STM32H7xx_HAL_Driver/Src/stm32h7xx_hal_rcc.o
 .debug_frame   0x0000000000001f64      0x3ec ./Drivers/STM32H7xx_HAL_Driver/Src/stm32h7xx_hal_rcc_ex.o
 .debug_frame   0x0000000000002350      0x778 ./Drivers/STM32H7xx_HAL_Driver/Src/stm32h7xx_hal_spi.o
 .debug_frame   0x0000000000002ac8      0x3ec ./fgl/displays/ST7735.o
 .debug_frame   0x0000000000002eb4       0x5c ./fgl/displays/display.o
 .debug_frame   0x0000000000002f10       0x20 /opt/st/stm32cubeide_1.7.0/plugins/com.st.stm32cube.ide.mcu.externaltools.gnu-tools-for-stm32.9-2020-q2-update.linux64_2.0.0.202105311346/tools/bin/../lib/gcc/arm-none-eabi/9.3.1/../../../../arm-none-eabi/lib/thumb/v7e-m+dp/hard/libstdc++_nano.a(del_ops.o)
 .debug_frame   0x0000000000002f30       0x28 /opt/st/stm32cubeide_1.7.0/plugins/com.st.stm32cube.ide.mcu.externaltools.gnu-tools-for-stm32.9-2020-q2-update.linux64_2.0.0.202105311346/tools/bin/../lib/gcc/arm-none-eabi/9.3.1/../../../../arm-none-eabi/lib/thumb/v7e-m+dp/hard/libstdc++_nano.a(new_op.o)
 .debug_frame   0x0000000000002f58       0x40 /opt/st/stm32cubeide_1.7.0/plugins/com.st.stm32cube.ide.mcu.externaltools.gnu-tools-for-stm32.9-2020-q2-update.linux64_2.0.0.202105311346/tools/bin/../lib/gcc/arm-none-eabi/9.3.1/../../../../arm-none-eabi/lib/thumb/v7e-m+dp/hard/libstdc++_nano.a(pure.o)