Archive member included to satisfy reference by file (symbol)

/opt/st/stm32cubeide_1.7.0/plugins/com.st.stm32cube.ide.mcu.externaltools.gnu-tools-for-stm32.9-2020-q2-update.linux64_2.0.0.202105311346/tools/bin/../lib/gcc/arm-none-eabi/9.3.1/../../../../arm-none-eabi/lib/thumb/v7e-m+dp/hard/libstdc++_nano.a(del_ops.o)
                              ./Core/Src/stm32h7_st7735.o (operator delete(void*, unsigned int))
/opt/st/stm32cubeide_1.7.0/plugins/com.st.stm32cube.ide.mcu.externaltools.gnu-tools-for-stm32.9-2020-q2-update.linux64_2.0.0.202105311346/tools/bin/../lib/gcc/arm-none-eabi/9.3.1/../../../../arm-none-eabi/lib/thumb/v7e-m+dp/hard/libstdc++_nano.a(del_opv.o)
                              ./fgl/framebuffer.o (operator delete[](void*))
/opt/st/stm32cubeide_1.7.0/plugins/com.st.stm32cube.ide.mcu.externaltools.gnu-tools-for-stm32.9-2020-q2-update.linux64_2.0.0.202105311346/tools/bin/../lib/gcc/arm-none-eabi/9.3.1/../../../../arm-none-eabi/lib/thumb/v7e-m+dp/hard/libstdc++_nano.a(new_op.o)
                              ./Core/Src/cppmain.o (operator new(unsigned int))
/opt/st/stm32cubeide_1.7.0/plugins/com.st.stm32cube.ide.mcu.externaltools.gnu-tools-for-stm32.9-2020-q2-update.linux64_2.0.0.202105311346/tools/bin/../lib/gcc/arm-none-eabi/9.3.1/../../../../arm-none-eabi/lib/thumb/v7e-m+dp/hard/libstdc++_nano.a(new_opv.o)
                              ./fgl/framebuffer.o (operator new[](unsigned int))
/opt/st/stm32cubeide_1.7.0/plugins/com.st.stm32cube.ide.mcu.externaltools.gnu-tools-for-stm32.9-2020-q2-update.linux64_2.0.0.202105311346/tools/bin/../lib/gcc/arm-none-eabi/9.3.1/../../../../arm-none-eabi/lib/thumb/v7e-m+dp/hard/libstdc++_nano.a(pure.o)
                              ./fgl/framebuffer.o (__cxa_pure_virtual)
/opt/st/stm32cubeide_1.7.0/plugins/com.st.stm32cube.ide.mcu.externaltools.gnu-tools-for-stm32.9-2020-q2-update.linux64_2.0.0.202105311346/tools/bin/../lib/gcc/arm-none-eabi/9.3.1/../../../../arm-none-eabi/lib/thumb/v7e-m+dp/hard/libstdc++_nano.a(del_op.o)
                              /opt/st/stm32cubeide_1.7.0/plugins/com.st.stm32cube.ide.mcu.externaltools.gnu-tools-for-stm32.9-2020-q2-update.linux64_2.0.0.202105311346/tools/bin/../lib/gcc/arm-none-eabi/9.3.1/../../../../arm-none-eabi/lib/thumb/v7e-m+dp/hard/libstdc++_nano.a(del_ops.o) (operator delete(void*))
/opt/st/stm32cubeide_1.7.0/plugins/com.st.stm32cube.ide.mcu.externaltools.gnu-tools-for-stm32.9-2020-q2-update.linux64_2.0.0.202105311346/tools/bin/../lib/gcc/arm-none-eabi/9.3.1/../../../../arm-none-eabi/lib/thumb/v7e-m+dp/hard/libstdc++_nano.a(eh_terminate.o)
                              /opt/st/stm32cubeide_1.7.0/plugins/com.st.stm32cube.ide.mcu.externaltools.gnu-tools-for-stm32.9-2020-q2-update.linux64_2.0.0.202105311346/tools/bin/../lib/gcc/arm-none-eabi/9.3.1/../../../../arm-none-eabi/lib/thumb/v7e-m+dp/hard/libstdc++_nano.a(pure.o) (std::terminate())
/opt/st/stm32cubeide_1.7.0/plugins/com.st.stm32cube.ide.mcu.externaltools.gnu-tools-for-stm32.9-2020-q2-update.linux64_2.0.0.202105311346/tools/bin/../lib/gcc/arm-none-eabi/9.3.1/../../../../arm-none-eabi/lib/thumb/v7e-m+dp/hard/libstdc++_nano.a(eh_unex_handler.o)
                              /opt/st/stm32cubeide_1.7.0/plugins/com.st.stm32cube.ide.mcu.externaltools.gnu-tools-for-stm32.9-2020-q2-update.linux64_2.0.0.202105311346/tools/bin/../lib/gcc/arm-none-eabi/9.3.1/../../../../arm-none-eabi/lib/thumb/v7e-m+dp/hard/libstdc++_nano.a(eh_terminate.o) (__cxxabiv1::__unexpected_handler)
/opt/st/stm32cubeide_1.7.0/plugins/com.st.stm32cube.ide.mcu.externaltools.gnu-tools-for-stm32.9-2020-q2-update.linux64_2.0.0.202105311346/tools/bin/../lib/gcc/arm-none-eabi/9.3.1/../../../../arm-none-eabi/lib/thumb/v7e-m+dp/hard/libstdc++_nano.a(new_handler.o)
                              /opt/st/stm32cubeide_1.7.0/plugins/com.st.stm32cube.ide.mcu.externaltools.gnu-tools-for-stm32.9-2020-q2-update.linux64_2.0.0.202105311346/tools/bin/../lib/gcc/arm-none-eabi/9.3.1/../../../../arm-none-eabi/lib/thumb/v7e-m+dp/hard/libstdc++_nano.a(new_op.o) (std::get_new_handler())
/opt/st/stm32cubeide_1.7.0/plugins/com.st.stm32cube.ide.mcu.externaltools.gnu-tools-for-stm32.9-2020-q2-update.linux64_2.0.0.202105311346/tools/bin/../lib/gcc/arm-none-eabi/9.3.1/../../../../arm-none-eabi/lib/thumb/v7e-m+dp/hard/libstdc++_nano.a(eh_term_handler.o)
                              /opt/st/stm32cubeide_1.7.0/plugins/com.st.stm32cube.ide.mcu.externaltools.gnu-tools-for-stm32.9-2020-q2-update.linux64_2.0.0.202105311346/tools/bin/../lib/gcc/arm-none-eabi/9.3.1/../../../../arm-none-eabi/lib/thumb/v7e-m+dp/hard/libstdc++_nano.a(eh_terminate.o) (__cxxabiv1::__terminate_handler)
/opt/st/stm32cubeide_1.7.0/plugins/com.st.stm32cube.ide.mcu.externaltools.gnu-tools-for-stm32.9-2020-q2-update.linux64_2.0.0.202105311346/tools/bin/../lib/gcc/arm-none-eabi/9.3.1/../../../../arm-none-eabi/lib/thumb/v7e-m+dp/hard/libm.a(lib_a-cosf.o)
                              ./Core/Src/cppmain.o (cosf)
[...]
Memory Configuration

Name             Origin             Length             Attributes
FLASH            0x0000000008000000 0x0000000000200000 xr
RAM              0x0000000020000000 0x0000000000020000 xrw
RAM_D1           0x0000000024000000 0x0000000000080000 xrw
RAM_D2           0x0000000030000000 0x0000000000048000 xrw
RAM_D3           0x0000000038000000 0x0000000000010000 xrw
ITCMRAM          0x0000000000000000 0x0000000000010000 xrw
*default*        0x0000000000000000 0xffffffffffffffff

Linker script and memory map

LOAD /opt/st/stm32cubeide_1.7.0/plugins/com.st.stm32cube.ide.mcu.externaltools.gnu-tools-for-stm32.9-2020-q2-update.linux64_2.0.0.202105311346/tools/bin/../lib/gcc/arm-none-eabi/9.3.1/thumb/v7e-m+dp/hard/crti.o
LOAD /opt/st/stm32cubeide_1.7.0/plugins/com.st.stm32cube.ide.mcu.externaltools.gnu-tools-for-stm32.9-2020-q2-update.linux64_2.0.0.202105311346/tools/bin/../lib/gcc/arm-none-eabi/9.3.1/thumb/v7e-m+dp/hard/crtbegin.o
LOAD /opt/st/stm32cubeide_1.7.0/plugins/com.st.stm32cube.ide.mcu.externaltools.gnu-tools-for-stm32.9-2020-q2-update.linux64_2.0.0.202105311346/tools/bin/../lib/gcc/arm-none-eabi/9.3.1/../../../../arm-none-eabi/lib/thumb/v7e-m+dp/hard/crt0.o
LOAD ./Core/Src/cppmain.o
LOAD ./Core/Src/dac.o
LOAD ./Core/Src/gpio.o
LOAD ./Core/Src/main.o
LOAD ./Core/Src/spi.o
LOAD ./Core/Src/stm32h7_st7735.o
LOAD ./Core/Src/stm32h7xx_hal_msp.o
LOAD ./Core/Src/stm32h7xx_it.o
LOAD ./Core/Src/syscalls.o
LOAD ./Core/Src/sysmem.o
LOAD ./Core/Src/system_stm32h7xx.o
LOAD ./Core/Startup/startup_stm32h743vitx.o
LOAD ./Drivers/STM32H7xx_HAL_Driver/Src/stm32h7xx_hal.o
LOAD ./Drivers/STM32H7xx_HAL_Driver/Src/stm32h7xx_hal_cortex.o
LOAD ./Drivers/STM32H7xx_HAL_Driver/Src/stm32h7xx_hal_dac.o
LOAD ./Drivers/STM32H7xx_HAL_Driver/Src/stm32h7xx_hal_dac_ex.o
LOAD ./Drivers/STM32H7xx_HAL_Driver/Src/stm32h7xx_hal_dma.o
LOAD ./Drivers/STM32H7xx_HAL_Driver/Src/stm32h7xx_hal_dma_ex.o
LOAD ./Drivers/STM32H7xx_HAL_Driver/Src/stm32h7xx_hal_exti.o
LOAD ./Drivers/STM32H7xx_HAL_Driver/Src/stm32h7xx_hal_flash.o
LOAD ./Drivers/STM32H7xx_HAL_Driver/Src/stm32h7xx_hal_flash_ex.o
LOAD ./Drivers/STM32H7xx_HAL_Driver/Src/stm32h7xx_hal_gpio.o
LOAD ./Drivers/STM32H7xx_HAL_Driver/Src/stm32h7xx_hal_hsem.o
LOAD ./Drivers/STM32H7xx_HAL_Driver/Src/stm32h7xx_hal_i2c.o
LOAD ./Drivers/STM32H7xx_HAL_Driver/Src/stm32h7xx_hal_i2c_ex.o
LOAD ./Drivers/STM32H7xx_HAL_Driver/Src/stm32h7xx_hal_mdma.o
LOAD ./Drivers/STM32H7xx_HAL_Driver/Src/stm32h7xx_hal_pwr.o
LOAD ./Drivers/STM32H7xx_HAL_Driver/Src/stm32h7xx_hal_pwr_ex.o
LOAD ./Drivers/STM32H7xx_HAL_Driver/Src/stm32h7xx_hal_rcc.o
LOAD ./Drivers/STM32H7xx_HAL_Driver/Src/stm32h7xx_hal_rcc_ex.o
LOAD ./Drivers/STM32H7xx_HAL_Driver/Src/stm32h7xx_hal_spi.o
LOAD ./Drivers/STM32H7xx_HAL_Driver/Src/stm32h7xx_hal_spi_ex.o
LOAD ./Drivers/STM32H7xx_HAL_Driver/Src/stm32h7xx_hal_tim.o
LOAD ./Drivers/STM32H7xx_HAL_Driver/Src/stm32h7xx_hal_tim_ex.o
LOAD ./fgl/base/array_search.o
LOAD ./fgl/base/ccw_sort.o
LOAD ./fgl/base/list.o
LOAD ./fgl/buffered_pencil.o
LOAD ./fgl/color.o
LOAD ./fgl/framebuffer.o
LOAD ./fgl/image.o
LOAD ./fgl/pencil.o
LOAD ./fgl/displays/ST7735.o
LOAD ./fgl/displays/display.o
LOAD ./fgl/fonts/font.o
START GROUP
LOAD /opt/st/stm32cubeide_1.7.0/plugins/com.st.stm32cube.ide.mcu.externaltools.gnu-tools-for-stm32.9-2020-q2-update.linux64_2.0.0.202105311346/tools/bin/../lib/gcc/arm-none-eabi/9.3.1/../../../../arm-none-eabi/lib/thumb/v7e-m+dp/hard/libstdc++_nano.a
LOAD /opt/st/stm32cubeide_1.7.0/plugins/com.st.stm32cube.ide.mcu.externaltools.gnu-tools-for-stm32.9-2020-q2-update.linux64_2.0.0.202105311346/tools/bin/../lib/gcc/arm-none-eabi/9.3.1/../../../../arm-none-eabi/lib/thumb/v7e-m+dp/hard/libsupc++_nano.a
END GROUP
LOAD /opt/st/stm32cubeide_1.7.0/plugins/com.st.stm32cube.ide.mcu.externaltools.gnu-tools-for-stm32.9-2020-q2-update.linux64_2.0.0.202105311346/tools/bin/../lib/gcc/arm-none-eabi/9.3.1/../../../../arm-none-eabi/lib/thumb/v7e-m+dp/hard/libstdc++_nano.a
LOAD /opt/st/stm32cubeide_1.7.0/plugins/com.st.stm32cube.ide.mcu.externaltools.gnu-tools-for-stm32.9-2020-q2-update.linux64_2.0.0.202105311346/tools/bin/../lib/gcc/arm-none-eabi/9.3.1/../../../../arm-none-eabi/lib/thumb/v7e-m+dp/hard/libm.a
LOAD /opt/st/stm32cubeide_1.7.0/plugins/com.st.stm32cube.ide.mcu.externaltools.gnu-tools-for-stm32.9-2020-q2-update.linux64_2.0.0.202105311346/tools/bin/../lib/gcc/arm-none-eabi/9.3.1/../../../../arm-none-eabi/lib/thumb/v7e-m+dp/hard/libc_nano.a
START GROUP
LOAD /opt/st/stm32cubeide_1.7.0/plugins/com.st.stm32cube.ide.mcu.externaltools.gnu-tools-for-stm32.9-2020-q2-update.linux64_2.0.0.202105311346/tools/bin/../lib/gcc/arm-none-eabi/9.3.1/thumb/v7e-m+dp/hard/libgcc.a
LOAD /opt/st/stm32cubeide_1.7.0/plugins/com.st.stm32cube.ide.mcu.externaltools.gnu-tools-for-stm32.9-2020-q2-update.linux64_2.0.0.202105311346/tools/bin/../lib/gcc/arm-none-eabi/9.3.1/../../../../arm-none-eabi/lib/thumb/v7e-m+dp/hard/libc_nano.a
END GROUP
START GROUP
LOAD /opt/st/stm32cubeide_1.7.0/plugins/com.st.stm32cube.ide.mcu.externaltools.gnu-tools-for-stm32.9-2020-q2-update.linux64_2.0.0.202105311346/tools/bin/../lib/gcc/arm-none-eabi/9.3.1/thumb/v7e-m+dp/hard/libgcc.a
LOAD /opt/st/stm32cubeide_1.7.0/plugins/com.st.stm32cube.ide.mcu.externaltools.gnu-tools-for-stm32.9-2020-q2-update.linux64_2.0.0.202105311346/tools/bin/../lib/gcc/arm-none-eabi/9.3.1/../../../../arm-none-eabi/lib/thumb/v7e-m+dp/hard/libc_nano.a
END GROUP
LOAD /opt/st/stm32cubeide_1.7.0/plugins/com.st.stm32cube.ide.mcu.externaltools.gnu-tools-for-stm32.9-2020-q2-update.linux64_2.0.0.202105311346/tools/bin/../lib/gcc/arm-none-eabi/9.3.1/thumb/v7e-m+dp/hard/crtend.o
LOAD /opt/st/stm32cubeide_1.7.0/plugins/com.st.stm32cube.ide.mcu.externaltools.gnu-tools-for-stm32.9-2020-q2-update.linux64_2.0.0.202105311346/tools/bin/../lib/gcc/arm-none-eabi/9.3.1/thumb/v7e-m+dp/hard/crtn.o
                0x0000000020020000                _estack = 0x20020000
                0x0000000000000200                _Min_Heap_Size = 0x200
                0x0000000000000400                _Min_Stack_Size = 0x400

.isr_vector     0x0000000008000000      0x298
                0x0000000008000000                . = ALIGN (0x4)
 *(.isr_vector)
 .isr_vector    0x0000000008000000      0x298 ./Core/Startup/startup_stm32h743vitx.o
                0x0000000008000000                g_pfnVectors
                0x0000000008000298                . = ALIGN (0x4)

.text           0x00000000080002a0     0x8b7c
                0x00000000080002a0                . = ALIGN (0x4)
 *(.text)
 .text          0x00000000080002a0       0x40 /opt/st/stm32cubeide_1.7.0/plugins/com.st.stm32cube.ide.mcu.externaltools.gnu-tools-for-stm32.9-2020-q2-update.linux64_2.0.0.202105311346/tools/bin/../lib/gcc/arm-none-eabi/9.3.1/thumb/v7e-m+dp/hard/crtbegin.o
 .text          0x00000000080002e0       0xa0 /opt/st/stm32cubeide_1.7.0/plugins/com.st.stm32cube.ide.mcu.externaltools.gnu-tools-for-stm32.9-2020-q2-update.linux64_2.0.0.202105311346/tools/bin/../lib/gcc/arm-none-eabi/9.3.1/../../../../arm-none-eabi/lib/thumb/v7e-m+dp/hard/libc_nano.a(lib_a-memchr.o)
                0x00000000080002e0                memchr
 .text          0x0000000008000380      0x378 /opt/st/stm32cubeide_1.7.0/plugins/com.st.stm32cube.ide.mcu.externaltools.gnu-tools-for-stm32.9-2020-q2-update.linux64_2.0.0.202105311346/tools/bin/../lib/gcc/arm-none-eabi/9.3.1/thumb/v7e-m+dp/hard/libgcc.a(_arm_addsubdf3.o)
                0x0000000008000380                __aeabi_drsub
                0x0000000008000388                __aeabi_dsub
                0x0000000008000388                __subdf3
                0x000000000800038c                __adddf3
                0x000000000800038c                __aeabi_dadd
                0x0000000008000604                __aeabi_ui2d
                0x0000000008000604                __floatunsidf
                0x0000000008000624                __floatsidf
                0x0000000008000624                __aeabi_i2d
                0x0000000008000648                __extendsfdf2
                0x0000000008000648                __aeabi_f2d
                0x000000000800068c                __aeabi_ul2d
                0x000000000800068c                __floatundidf
                0x000000000800069c                __floatdidf
                0x000000000800069c                __aeabi_l2d
 *(.text*)
 .text._ZSt3cosf
                0x00000000080006f8       0x20 ./Core/Src/cppmain.o
                0x00000000080006f8                std::cos(float)
 .text._ZSt3sinf
                0x0000000008000718       0x20 ./Core/Src/cppmain.o
                0x0000000008000718                std::sin(float)
 .text._Z7cppMainv
                0x0000000008000738      0x364 ./Core/Src/cppmain.o
                0x0000000008000738                cppMain()
 .text.jumpToCPP
                0x0000000008000a9c        0xc ./Core/Src/cppmain.o
                0x0000000008000a9c                jumpToCPP
 .text.MX_DAC1_Init
                0x0000000008000aa8       0x64 ./Core/Src/dac.o
                0x0000000008000aa8                MX_DAC1_Init
 .text.HAL_DAC_MspInit
                0x0000000008000b0c       0x44 ./Core/Src/dac.o
                0x0000000008000b0c                HAL_DAC_MspInit
 .text.MX_GPIO_Init
                0x0000000008000b50      0x120 ./Core/Src/gpio.o
                0x0000000008000b50                MX_GPIO_Init
 .text.main     0x0000000008000c70       0x1e ./Core/Src/main.o
                0x0000000008000c70                main
 *fill*         0x0000000008000c8e        0x2 
 .text.SystemClock_Config
                0x0000000008000c90       0xfc ./Core/Src/main.o
                0x0000000008000c90                SystemClock_Config
 .text.Error_Handler
                0x0000000008000d8c        0xa ./Core/Src/main.o
                0x0000000008000d8c                Error_Handler
 .text.assert_failed
                0x0000000008000d96       0x16 ./Core/Src/main.o
                0x0000000008000d96                assert_failed
 .text.MX_SPI1_Init
                0x0000000008000dac       0xb0 ./Core/Src/spi.o
                0x0000000008000dac                MX_SPI1_Init
 .text.HAL_SPI_MspInit
                0x0000000008000e5c       0xc8 ./Core/Src/spi.o
                0x0000000008000e5c                HAL_SPI_MspInit
 .text._ZN14STM32H7_ST7735C2EP12GPIO_TypeDeftS1_tS1_tP19__SPI_HandleTypeDef
                0x0000000008000f24       0x58 ./Core/Src/stm32h7_st7735.o
                0x0000000008000f24                STM32H7_ST7735::STM32H7_ST7735(GPIO_TypeDef*, unsigned short, GPIO_TypeDef*, unsigned short, GPIO_TypeDef*, unsigned short, __SPI_HandleTypeDef*)
                0x0000000008000f24                STM32H7_ST7735::STM32H7_ST7735(GPIO_TypeDef*, unsigned short, GPIO_TypeDef*, unsigned short, GPIO_TypeDef*, unsigned short, __SPI_HandleTypeDef*)
 .text._ZN14STM32H7_ST7735D2Ev
                0x0000000008000f7c       0x24 ./Core/Src/stm32h7_st7735.o
                0x0000000008000f7c                STM32H7_ST7735::~STM32H7_ST7735()
                0x0000000008000f7c                STM32H7_ST7735::~STM32H7_ST7735()
 .text._ZN14STM32H7_ST7735D0Ev
                0x0000000008000fa0       0x20 ./Core/Src/stm32h7_st7735.o
                0x0000000008000fa0                STM32H7_ST7735::~STM32H7_ST7735()
 .text._ZN14STM32H7_ST77356initIOEv
                0x0000000008000fc0       0x1a ./Core/Src/stm32h7_st7735.o
                0x0000000008000fc0                STM32H7_ST7735::initIO()
 .text._ZN14STM32H7_ST77359rstPinSetEv
                0x0000000008000fda       0x20 ./Core/Src/stm32h7_st7735.o
                0x0000000008000fda                STM32H7_ST7735::rstPinSet()
 .text._ZN14STM32H7_ST773511rstPinResetEv
                0x0000000008000ffa       0x20 ./Core/Src/stm32h7_st7735.o
                0x0000000008000ffa                STM32H7_ST7735::rstPinReset()
 .text._ZN14STM32H7_ST77358dcPinSetEv
                0x000000000800101a       0x20 ./Core/Src/stm32h7_st7735.o
                0x000000000800101a                STM32H7_ST7735::dcPinSet()
 .text._ZN14STM32H7_ST773510dcPinResetEv
                0x000000000800103a       0x20 ./Core/Src/stm32h7_st7735.o
                0x000000000800103a                STM32H7_ST7735::dcPinReset()
 .text._ZN14STM32H7_ST77358csPinSetEv
                0x000000000800105a       0x20 ./Core/Src/stm32h7_st7735.o
                0x000000000800105a                STM32H7_ST7735::csPinSet()
 .text._ZN14STM32H7_ST773510csPinResetEv
                0x000000000800107a       0x20 ./Core/Src/stm32h7_st7735.o
                0x000000000800107a                STM32H7_ST7735::csPinReset()
 .text._ZN14STM32H7_ST77358sendByteEh
                0x000000000800109a       0x22 ./Core/Src/stm32h7_st7735.o
                0x000000000800109a                STM32H7_ST7735::sendByte(unsigned char)
 .text._ZN14STM32H7_ST77355delayEh
                0x00000000080010bc       0x1c ./Core/Src/stm32h7_st7735.o
                0x00000000080010bc                STM32H7_ST7735::delay(unsigned char)
 .text.HAL_MspInit
                0x00000000080010d8       0x34 ./Core/Src/stm32h7xx_hal_msp.o
                0x00000000080010d8                HAL_MspInit
 .text.NMI_Handler
                0x000000000800110c        0x6 ./Core/Src/stm32h7xx_it.o
                0x000000000800110c                NMI_Handler
 .text.HardFault_Handler
                0x0000000008001112        0x6 ./Core/Src/stm32h7xx_it.o
                0x0000000008001112                HardFault_Handler
 .text.MemManage_Handler
                0x0000000008001118        0x6 ./Core/Src/stm32h7xx_it.o
                0x0000000008001118                MemManage_Handler
 .text.BusFault_Handler
                0x000000000800111e        0x6 ./Core/Src/stm32h7xx_it.o
                0x000000000800111e                BusFault_Handler
 .text.UsageFault_Handler
                0x0000000008001124        0x6 ./Core/Src/stm32h7xx_it.o
                0x0000000008001124                UsageFault_Handler
 .text.SVC_Handler
                0x000000000800112a        0xe ./Core/Src/stm32h7xx_it.o
                0x000000000800112a                SVC_Handler
 .text.DebugMon_Handler
                0x0000000008001138        0xe ./Core/Src/stm32h7xx_it.o
                0x0000000008001138                DebugMon_Handler
 .text.PendSV_Handler
                0x0000000008001146        0xe ./Core/Src/stm32h7xx_it.o
                0x0000000008001146                PendSV_Handler
 .text.SysTick_Handler
                0x0000000008001154        0xc ./Core/Src/stm32h7xx_it.o
                0x0000000008001154                SysTick_Handler
 .text.EXTI1_IRQHandler
                0x0000000008001160        0xe ./Core/Src/stm32h7xx_it.o
                0x0000000008001160                EXTI1_IRQHandler
 .text.EXTI2_IRQHandler
                0x000000000800116e        0xe ./Core/Src/stm32h7xx_it.o
                0x000000000800116e                EXTI2_IRQHandler
 .text.EXTI3_IRQHandler
                0x000000000800117c        0xe ./Core/Src/stm32h7xx_it.o
                0x000000000800117c                EXTI3_IRQHandler
 .text._getpid  0x000000000800118a       0x10 ./Core/Src/syscalls.o
                0x000000000800118a                _getpid
 .text._kill    0x000000000800119a       0x20 ./Core/Src/syscalls.o
                0x000000000800119a                _kill
 .text._exit    0x00000000080011ba       0x14 ./Core/Src/syscalls.o
                0x00000000080011ba                _exit
 .text._read    0x00000000080011ce       0x3a ./Core/Src/syscalls.o
                0x00000000080011ce                _read
 .text._write   0x0000000008001208       0x38 ./Core/Src/syscalls.o
                0x0000000008001208                _write
 .text._close   0x0000000008001240       0x18 ./Core/Src/syscalls.o
                0x0000000008001240                _close
 .text._fstat   0x0000000008001258       0x20 ./Core/Src/syscalls.o
                0x0000000008001258                _fstat
 .text._isatty  0x0000000008001278       0x16 ./Core/Src/syscalls.o
                0x0000000008001278                _isatty
 .text._lseek   0x000000000800128e       0x1a ./Core/Src/syscalls.o
                0x000000000800128e                _lseek
 .text._sbrk    0x00000000080012a8       0x6c ./Core/Src/sysmem.o
                0x00000000080012a8                _sbrk
 .text.SystemInit
                0x0000000008001314      0x118 ./Core/Src/system_stm32h7xx.o
                0x0000000008001314                SystemInit
 .text.Reset_Handler
                0x000000000800142c       0x50 ./Core/Startup/startup_stm32h743vitx.o
                0x000000000800142c                Reset_Handler
 .text.Default_Handler
                0x000000000800147c        0x2 ./Core/Startup/startup_stm32h743vitx.o
                0x000000000800147c                RTC_Alarm_IRQHandler
                0x000000000800147c                TIM8_CC_IRQHandler
                0x000000000800147c                HRTIM1_Master_IRQHandler
                0x000000000800147c                UART8_IRQHandler
                0x000000000800147c                SPI4_IRQHandler
                0x000000000800147c                TIM1_CC_IRQHandler
                0x000000000800147c                BDMA_Channel6_IRQHandler
                0x000000000800147c                DMA2_Stream5_IRQHandler
                0x000000000800147c                HRTIM1_FLT_IRQHandler
                0x000000000800147c                JPEG_IRQHandler
                0x000000000800147c                DMA1_Stream5_IRQHandler
                0x000000000800147c                BDMA_Channel1_IRQHandler
                0x000000000800147c                HRTIM1_TIMD_IRQHandler
                0x000000000800147c                TAMP_STAMP_IRQHandler
                0x000000000800147c                LPTIM4_IRQHandler
                0x000000000800147c                TIM8_TRG_COM_TIM14_IRQHandler
                0x000000000800147c                LPTIM2_IRQHandler
                0x000000000800147c                DFSDM1_FLT1_IRQHandler
                0x000000000800147c                DMAMUX2_OVR_IRQHandler
                0x000000000800147c                TIM8_UP_TIM13_IRQHandler
                0x000000000800147c                I2C3_ER_IRQHandler
                0x000000000800147c                DFSDM1_FLT2_IRQHandler
                0x000000000800147c                MDMA_IRQHandler
                0x000000000800147c                LPTIM3_IRQHandler
                0x000000000800147c                HSEM1_IRQHandler
                0x000000000800147c                EXTI0_IRQHandler
                0x000000000800147c                I2C2_EV_IRQHandler
                0x000000000800147c                DMA1_Stream2_IRQHandler
                0x000000000800147c                FPU_IRQHandler
                0x000000000800147c                OTG_HS_WKUP_IRQHandler
                0x000000000800147c                FDCAN1_IT1_IRQHandler
                0x000000000800147c                LTDC_ER_IRQHandler
                0x000000000800147c                DMA2_Stream2_IRQHandler
                0x000000000800147c                HRTIM1_TIME_IRQHandler
                0x000000000800147c                SPI1_IRQHandler
                0x000000000800147c                TIM6_DAC_IRQHandler
                0x000000000800147c                DCMI_IRQHandler
                0x000000000800147c                HRTIM1_TIMC_IRQHandler
                0x000000000800147c                DMA2_Stream3_IRQHandler
                0x000000000800147c                SAI2_IRQHandler
                0x000000000800147c                DFSDM1_FLT3_IRQHandler
                0x000000000800147c                USART6_IRQHandler
                0x000000000800147c                TIM17_IRQHandler
                0x000000000800147c                USART3_IRQHandler
                0x000000000800147c                BDMA_Channel7_IRQHandler
                0x000000000800147c                LPTIM5_IRQHandler
                0x000000000800147c                UART5_IRQHandler
                0x000000000800147c                ADC3_IRQHandler
                0x000000000800147c                DMA2_Stream0_IRQHandler
                0x000000000800147c                TIM4_IRQHandler
                0x000000000800147c                BDMA_Channel2_IRQHandler
                0x000000000800147c                QUADSPI_IRQHandler
                0x000000000800147c                I2C1_EV_IRQHandler
                0x000000000800147c                DMA1_Stream6_IRQHandler
                0x000000000800147c                DMAMUX1_OVR_IRQHandler
                0x000000000800147c                DMA1_Stream1_IRQHandler
                0x000000000800147c                TIM16_IRQHandler
                0x000000000800147c                UART4_IRQHandler
                0x000000000800147c                BDMA_Channel5_IRQHandler
                0x000000000800147c                TIM3_IRQHandler
                0x000000000800147c                RCC_IRQHandler
                0x000000000800147c                TIM8_BRK_TIM12_IRQHandler
                0x000000000800147c                TIM1_TRG_COM_IRQHandler
                0x000000000800147c                Default_Handler
                0x000000000800147c                ECC_IRQHandler
                0x000000000800147c                CEC_IRQHandler
                0x000000000800147c                EXTI15_10_IRQHandler
                0x000000000800147c                BDMA_Channel0_IRQHandler
                0x000000000800147c                ADC_IRQHandler
                0x000000000800147c                DMA1_Stream7_IRQHandler
                0x000000000800147c                HRTIM1_TIMA_IRQHandler
                0x000000000800147c                SPI5_IRQHandler
                0x000000000800147c                TIM7_IRQHandler
                0x000000000800147c                SDMMC1_IRQHandler
                0x000000000800147c                TIM5_IRQHandler
                0x000000000800147c                DMA2_Stream7_IRQHandler
                0x000000000800147c                TIM15_IRQHandler
                0x000000000800147c                PVD_AVD_IRQHandler
                0x000000000800147c                I2C3_EV_IRQHandler
                0x000000000800147c                EXTI9_5_IRQHandler
                0x000000000800147c                RTC_WKUP_IRQHandler
                0x000000000800147c                LTDC_IRQHandler
                0x000000000800147c                SAI3_IRQHandler
                0x000000000800147c                ETH_WKUP_IRQHandler
                0x000000000800147c                SPDIF_RX_IRQHandler
                0x000000000800147c                SPI2_IRQHandler
                0x000000000800147c                OTG_HS_EP1_IN_IRQHandler
                0x000000000800147c                DMA1_Stream0_IRQHandler
                0x000000000800147c                CRS_IRQHandler
                0x000000000800147c                EXTI4_IRQHandler
                0x000000000800147c                RNG_IRQHandler
                0x000000000800147c                HRTIM1_TIMB_IRQHandler
                0x000000000800147c                FDCAN2_IT1_IRQHandler
                0x000000000800147c                ETH_IRQHandler
                0x000000000800147c                TIM1_UP_IRQHandler
                0x000000000800147c                BDMA_Channel4_IRQHandler
                0x000000000800147c                OTG_HS_EP1_OUT_IRQHandler
                0x000000000800147c                WWDG_IRQHandler
                0x000000000800147c                SPI6_IRQHandler
                0x000000000800147c                MDIOS_IRQHandler
                0x000000000800147c                I2C4_EV_IRQHandler
                0x000000000800147c                FDCAN2_IT0_IRQHandler
                0x000000000800147c                LPUART1_IRQHandler
                0x000000000800147c                FDCAN1_IT0_IRQHandler
                0x000000000800147c                TIM2_IRQHandler
                0x000000000800147c                OTG_FS_WKUP_IRQHandler
                0x000000000800147c                OTG_HS_IRQHandler
                0x000000000800147c                DMA2D_IRQHandler
                0x000000000800147c                TIM1_BRK_IRQHandler
                0x000000000800147c                SDMMC2_IRQHandler
                0x000000000800147c                OTG_FS_EP1_OUT_IRQHandler
                0x000000000800147c                BDMA_Channel3_IRQHandler
                0x000000000800147c                UART7_IRQHandler
                0x000000000800147c                MDIOS_WKUP_IRQHandler
                0x000000000800147c                USART2_IRQHandler
                0x000000000800147c                DFSDM1_FLT0_IRQHandler
                0x000000000800147c                SAI4_IRQHandler
                0x000000000800147c                I2C2_ER_IRQHandler
                0x000000000800147c                DMA2_Stream1_IRQHandler
                0x000000000800147c                FLASH_IRQHandler
                0x000000000800147c                DMA2_Stream4_IRQHandler
                0x000000000800147c                USART1_IRQHandler
                0x000000000800147c                OTG_FS_IRQHandler
                0x000000000800147c                SPI3_IRQHandler
                0x000000000800147c                WAKEUP_PIN_IRQHandler
                0x000000000800147c                DMA1_Stream4_IRQHandler
                0x000000000800147c                OTG_FS_EP1_IN_IRQHandler
                0x000000000800147c                I2C1_ER_IRQHandler
                0x000000000800147c                FMC_IRQHandler
                0x000000000800147c                FDCAN_CAL_IRQHandler
                0x000000000800147c                SWPMI1_IRQHandler
                0x000000000800147c                COMP1_IRQHandler
                0x000000000800147c                LPTIM1_IRQHandler
                0x000000000800147c                I2C4_ER_IRQHandler
                0x000000000800147c                DMA2_Stream6_IRQHandler
                0x000000000800147c                SAI1_IRQHandler
                0x000000000800147c                DMA1_Stream3_IRQHandler
 *fill*         0x000000000800147e        0x2 
 .text.HAL_Init
                0x0000000008001480       0x78 ./Drivers/STM32H7xx_HAL_Driver/Src/stm32h7xx_hal.o
                0x0000000008001480                HAL_Init
 .text.HAL_InitTick
                0x00000000080014f8       0x6c ./Drivers/STM32H7xx_HAL_Driver/Src/stm32h7xx_hal.o
                0x00000000080014f8                HAL_InitTick
 .text.HAL_IncTick
                0x0000000008001564       0x28 ./Drivers/STM32H7xx_HAL_Driver/Src/stm32h7xx_hal.o
                0x0000000008001564                HAL_IncTick
 .text.HAL_GetTick
                0x000000000800158c       0x18 ./Drivers/STM32H7xx_HAL_Driver/Src/stm32h7xx_hal.o
                0x000000000800158c                HAL_GetTick
 .text.HAL_Delay
                0x00000000080015a4       0x48 ./Drivers/STM32H7xx_HAL_Driver/Src/stm32h7xx_hal.o
                0x00000000080015a4                HAL_Delay
 .text.HAL_GetREVID
                0x00000000080015ec       0x18 ./Drivers/STM32H7xx_HAL_Driver/Src/stm32h7xx_hal.o
                0x00000000080015ec                HAL_GetREVID
 .text.__NVIC_SetPriorityGrouping
                0x0000000008001604       0x48 ./Drivers/STM32H7xx_HAL_Driver/Src/stm32h7xx_hal_cortex.o
 .text.__NVIC_GetPriorityGrouping
                0x000000000800164c       0x1c ./Drivers/STM32H7xx_HAL_Driver/Src/stm32h7xx_hal_cortex.o
 .text.__NVIC_EnableIRQ
                0x0000000008001668       0x3c ./Drivers/STM32H7xx_HAL_Driver/Src/stm32h7xx_hal_cortex.o
 .text.__NVIC_SetPriority
                0x00000000080016a4       0x54 ./Drivers/STM32H7xx_HAL_Driver/Src/stm32h7xx_hal_cortex.o
 .text.NVIC_EncodePriority
                0x00000000080016f8       0x66 ./Drivers/STM32H7xx_HAL_Driver/Src/stm32h7xx_hal_cortex.o
 *fill*         0x000000000800175e        0x2 
 .text.SysTick_Config
                0x0000000008001760       0x44 ./Drivers/STM32H7xx_HAL_Driver/Src/stm32h7xx_hal_cortex.o
 .text.HAL_NVIC_SetPriorityGrouping
                0x00000000080017a4       0x40 ./Drivers/STM32H7xx_HAL_Driver/Src/stm32h7xx_hal_cortex.o
                0x00000000080017a4                HAL_NVIC_SetPriorityGrouping
 .text.HAL_NVIC_SetPriority
                0x00000000080017e4       0x54 ./Drivers/STM32H7xx_HAL_Driver/Src/stm32h7xx_hal_cortex.o
                0x00000000080017e4                HAL_NVIC_SetPriority
 .text.HAL_NVIC_EnableIRQ
                0x0000000008001838       0x30 ./Drivers/STM32H7xx_HAL_Driver/Src/stm32h7xx_hal_cortex.o
                0x0000000008001838                HAL_NVIC_EnableIRQ
 .text.HAL_SYSTICK_Config
                0x0000000008001868       0x18 ./Drivers/STM32H7xx_HAL_Driver/Src/stm32h7xx_hal_cortex.o
                0x0000000008001868                HAL_SYSTICK_Config
 .text.HAL_DAC_Init
                0x0000000008001880       0x60 ./Drivers/STM32H7xx_HAL_Driver/Src/stm32h7xx_hal_dac.o
                0x0000000008001880                HAL_DAC_Init
 .text.HAL_DAC_ConfigChannel
                0x00000000080018e0      0x3c8 ./Drivers/STM32H7xx_HAL_Driver/Src/stm32h7xx_hal_dac.o
                0x00000000080018e0                HAL_DAC_ConfigChannel
 .text.HAL_GPIO_Init
                0x0000000008001ca8      0x560 ./Drivers/STM32H7xx_HAL_Driver/Src/stm32h7xx_hal_gpio.o
                0x0000000008001ca8                HAL_GPIO_Init
 .text.HAL_GPIO_WritePin
                0x0000000008002208       0x68 ./Drivers/STM32H7xx_HAL_Driver/Src/stm32h7xx_hal_gpio.o
                0x0000000008002208                HAL_GPIO_WritePin
 .text.HAL_GPIO_EXTI_IRQHandler
                0x0000000008002270       0x34 ./Drivers/STM32H7xx_HAL_Driver/Src/stm32h7xx_hal_gpio.o
                0x0000000008002270                HAL_GPIO_EXTI_IRQHandler
 .text.HAL_GPIO_EXTI_Callback
                0x00000000080022a4       0x16 ./Drivers/STM32H7xx_HAL_Driver/Src/stm32h7xx_hal_gpio.o
                0x00000000080022a4                HAL_GPIO_EXTI_Callback
 *fill*         0x00000000080022ba        0x2 
 .text.HAL_PWREx_ConfigSupply
                0x00000000080022bc       0x8c ./Drivers/STM32H7xx_HAL_Driver/Src/stm32h7xx_hal_pwr_ex.o
                0x00000000080022bc                HAL_PWREx_ConfigSupply
 .text.HAL_RCC_OscConfig
                0x0000000008002348      0xab0 ./Drivers/STM32H7xx_HAL_Driver/Src/stm32h7xx_hal_rcc.o
                0x0000000008002348                HAL_RCC_OscConfig
 .text.HAL_RCC_ClockConfig
                0x0000000008002df8      0x6e0 ./Drivers/STM32H7xx_HAL_Driver/Src/stm32h7xx_hal_rcc.o
                0x0000000008002df8                HAL_RCC_ClockConfig
 .text.HAL_RCC_GetSysClockFreq
                0x00000000080034d8      0x2f4 ./Drivers/STM32H7xx_HAL_Driver/Src/stm32h7xx_hal_rcc.o
                0x00000000080034d8                HAL_RCC_GetSysClockFreq
 .text.HAL_RCCEx_PeriphCLKConfig
                0x00000000080037cc     0x1418 ./Drivers/STM32H7xx_HAL_Driver/Src/stm32h7xx_hal_rcc_ex.o
                0x00000000080037cc                HAL_RCCEx_PeriphCLKConfig
 .text.RCCEx_PLL2_Config
                0x0000000008004be4      0x244 ./Drivers/STM32H7xx_HAL_Driver/Src/stm32h7xx_hal_rcc_ex.o
 .text.RCCEx_PLL3_Config
                0x0000000008004e28      0x24c ./Drivers/STM32H7xx_HAL_Driver/Src/stm32h7xx_hal_rcc_ex.o
 .text.HAL_SPI_Init
                0x0000000008005074      0x554 ./Drivers/STM32H7xx_HAL_Driver/Src/stm32h7xx_hal_spi.o
                0x0000000008005074                HAL_SPI_Init
 .text.HAL_SPI_Transmit
                0x00000000080055c8      0x40c ./Drivers/STM32H7xx_HAL_Driver/Src/stm32h7xx_hal_spi.o
                0x00000000080055c8                HAL_SPI_Transmit
 .text.SPI_CloseTransfer
                0x00000000080059d4      0x140 ./Drivers/STM32H7xx_HAL_Driver/Src/stm32h7xx_hal_spi.o
 .text.SPI_WaitOnFlagUntilTimeout
                0x0000000008005b14       0x5c ./Drivers/STM32H7xx_HAL_Driver/Src/stm32h7xx_hal_spi.o
 .text.SPI_GetPacketSize
                0x0000000008005b70       0x36 ./Drivers/STM32H7xx_HAL_Driver/Src/stm32h7xx_hal_spi.o
 *fill*         0x0000000008005ba6        0x2 
 .text._ZN5ColorC2ERKS_
                0x0000000008005ba8       0x44 ./fgl/buffered_pencil.o
                0x0000000008005ba8                Color::Color(Color const&)
                0x0000000008005ba8                Color::Color(Color const&)
 .text._ZN5ColorC2Efff
                0x0000000008005bec       0xcc ./fgl/color.o
                0x0000000008005bec                Color::Color(float, float, float)
                0x0000000008005bec                Color::Color(float, float, float)
 .text._ZN5ColorD2Ev
                0x0000000008005cb8       0x20 ./fgl/color.o
                0x0000000008005cb8                Color::~Color()
                0x0000000008005cb8                Color::~Color()
 .text._ZN5ColorD0Ev
                0x0000000008005cd8       0x20 ./fgl/color.o
                0x0000000008005cd8                Color::~Color()
 .text._ZN6PencilC2ER7Display
                0x0000000008005cf8       0x4c ./fgl/pencil.o
                0x0000000008005cf8                Pencil::Pencil(Display&)
                0x0000000008005cf8                Pencil::Pencil(Display&)
 .text._ZN6PencilD2Ev
                0x0000000008005d44       0x20 ./fgl/pencil.o
                0x0000000008005d44                Pencil::~Pencil()
                0x0000000008005d44                Pencil::~Pencil()
 .text._ZN6PencilD0Ev
                0x0000000008005d64       0x20 ./fgl/pencil.o
                0x0000000008005d64                Pencil::~Pencil()
 .text._ZN6Pencil9drawPixelEff5Color
                0x0000000008005d84       0x7a ./fgl/pencil.o
                0x0000000008005d84                Pencil::drawPixel(float, float, Color)
 .text._ZN6Pencil8drawLineEffff5Color
                0x0000000008005dfe      0x212 ./fgl/pencil.o
                0x0000000008005dfe                Pencil::drawLine(float, float, float, float, Color)
 .text._ZN6Pencil13drawRectangleEffff5Color
                0x0000000008006010      0x1b8 ./fgl/pencil.o
                0x0000000008006010                Pencil::drawRectangle(float, float, float, float, Color)
 .text._ZN6Pencil11drawEllipseEffff5Colorm
                0x00000000080061c8      0x200 ./fgl/pencil.o
                0x00000000080061c8                Pencil::drawEllipse(float, float, float, float, Color, unsigned long)
 .text._ZN7DisplayC2Ev
                0x00000000080063c8       0x20 ./fgl/displays/ST7735.o
                0x00000000080063c8                Display::Display()
                0x00000000080063c8                Display::Display()
 .text._ZN6ST7735C2Ev
                0x00000000080063e8       0x4c ./fgl/displays/ST7735.o
                0x00000000080063e8                ST7735::ST7735()
                0x00000000080063e8                ST7735::ST7735()
 .text._ZN6ST7735D2Ev
                0x0000000008006434       0x24 ./fgl/displays/ST7735.o
                0x0000000008006434                ST7735::~ST7735()
                0x0000000008006434                ST7735::~ST7735()
 .text._ZN6ST773511sendCommandEh
                0x0000000008006458       0x30 ./fgl/displays/ST7735.o
                0x0000000008006458                ST7735::sendCommand(unsigned char)
 .text._ZN6ST77358sendDataEh
                0x0000000008006488       0x30 ./fgl/displays/ST7735.o
                0x0000000008006488                ST7735::sendData(unsigned char)
 .text._ZN6ST77354initEv
                0x00000000080064b8       0x28 ./fgl/displays/ST7735.o
                0x00000000080064b8                ST7735::init()
 .text._ZN6ST773512initCommand1Ev
                0x00000000080064e0      0x174 ./fgl/displays/ST7735.o
                0x00000000080064e0                ST7735::initCommand1()
 .text._ZN6ST773512initCommand2Ev
                0x0000000008006654       0x60 ./fgl/displays/ST7735.o
                0x0000000008006654                ST7735::initCommand2()
 .text._ZN6ST773512initCommand3Ev
                0x00000000080066b4      0x14c ./fgl/displays/ST7735.o
                0x00000000080066b4                ST7735::initCommand3()
 .text._ZN6ST77357getNameEv
                0x0000000008006800       0x1c ./fgl/displays/ST7735.o
                0x0000000008006800                ST7735::getName()
 .text._ZN6ST77358getWidthEv
                0x000000000800681c       0x26 ./fgl/displays/ST7735.o
                0x000000000800681c                ST7735::getWidth()
 .text._ZN6ST77359getHeightEv
                0x0000000008006842       0x26 ./fgl/displays/ST7735.o
                0x0000000008006842                ST7735::getHeight()
 .text._ZN6ST77358getDPMMXEv
                0x0000000008006868       0x4c ./fgl/displays/ST7735.o
                0x0000000008006868                ST7735::getDPMMX()
 .text._ZN6ST77358getDPMMYEv
                0x00000000080068b4       0x4c ./fgl/displays/ST7735.o
                0x00000000080068b4                ST7735::getDPMMY()
 .text._ZN6ST773513setBrightnessEf
                0x0000000008006900       0x18 ./fgl/displays/ST7735.o
                0x0000000008006900                ST7735::setBrightness(float)
 .text._ZN6ST773513getBrightnessEv
                0x0000000008006918       0x1e ./fgl/displays/ST7735.o
                0x0000000008006918                ST7735::getBrightness()
 .text._ZN6ST773514setOrientationE11Orientation
                0x0000000008006936       0x1c ./fgl/displays/ST7735.o
                0x0000000008006936                ST7735::setOrientation(Orientation)
 .text._ZN6ST773514getOrientationEv
                0x0000000008006952       0x18 ./fgl/displays/ST7735.o
                0x0000000008006952                ST7735::getOrientation()
 .text._ZN6ST77355resetEv
                0x000000000800696a       0x60 ./fgl/displays/ST7735.o
                0x000000000800696a                ST7735::reset()
 .text._ZN6ST77356selectEv
                0x00000000080069ca       0x22 ./fgl/displays/ST7735.o
                0x00000000080069ca                ST7735::select()
 .text._ZN6ST77358unselectEv
                0x00000000080069ec       0x22 ./fgl/displays/ST7735.o
                0x00000000080069ec                ST7735::unselect()
 .text._ZN6ST773516setAddressWindowEhhhh
                0x0000000008006a0e       0x82 ./fgl/displays/ST7735.o
                0x0000000008006a0e                ST7735::setAddressWindow(unsigned char, unsigned char, unsigned char, unsigned char)
 .text._ZN6ST773512convertColorEfff
                0x0000000008006a90      0x124 ./fgl/displays/ST7735.o
                0x0000000008006a90                ST7735::convertColor(float, float, float)
 .text._ZN6ST77359drawPixelEiifff
                0x0000000008006bb4       0xc0 ./fgl/displays/ST7735.o
                0x0000000008006bb4                ST7735::drawPixel(int, int, float, float, float)
 .text._ZN6ST77358drawAreaEiiiifff
                0x0000000008006c74      0x136 ./fgl/displays/ST7735.o
                0x0000000008006c74                ST7735::drawArea(int, int, int, int, float, float, float)
 *fill*         0x0000000008006daa        0x2 
 .text._ZN7DisplayD2Ev
                0x0000000008006dac       0x20 ./fgl/displays/display.o
                0x0000000008006dac                Display::~Display()
                0x0000000008006dac                Display::~Display()
 .text._ZdlPvj  0x0000000008006dcc        0x4 /opt/st/stm32cubeide_1.7.0/plugins/com.st.stm32cube.ide.mcu.externaltools.gnu-tools-for-stm32.9-2020-q2-update.linux64_2.0.0.202105311346/tools/bin/../lib/gcc/arm-none-eabi/9.3.1/../../../../arm-none-eabi/lib/thumb/v7e-m+dp/hard/libstdc++_nano.a(del_ops.o)
                0x0000000008006dcc                operator delete(void*, unsigned int)
 .text._Znwj    0x0000000008006dd0       0x22 /opt/st/stm32cubeide_1.7.0/plugins/com.st.stm32cube.ide.mcu.externaltools.gnu-tools-for-stm32.9-2020-q2-update.linux64_2.0.0.202105311346/tools/bin/../lib/gcc/arm-none-eabi/9.3.1/../../../../arm-none-eabi/lib/thumb/v7e-m+dp/hard/libstdc++_nano.a(new_op.o)
                0x0000000008006dd0                operator new(unsigned int)
 .text.__cxa_pure_virtual
                0x0000000008006df2        0x6 /opt/st/stm32cubeide_1.7.0/plugins/com.st.stm32cube.ide.mcu.externaltools.gnu-tools-for-stm32.9-2020-q2-update.linux64_2.0.0.202105311346/tools/bin/../lib/gcc/arm-none-eabi/9.3.1/../../../../arm-none-eabi/lib/thumb/v7e-m+dp/hard/libstdc++_nano.a(pure.o)
                0x0000000008006df2                __cxa_pure_virtual
 .text._ZdlPv   0x0000000008006df8        0x4 /opt/st/stm32cubeide_1.7.0/plugins/com.st.stm32cube.ide.mcu.externaltools.gnu-tools-for-stm32.9-2020-q2-update.linux64_2.0.0.202105311346/tools/bin/../lib/gcc/arm-none-eabi/9.3.1/../../../../arm-none-eabi/lib/thumb/v7e-m+dp/hard/libstdc++_nano.a(del_op.o)
                0x0000000008006df8                operator delete(void*)
 .text._ZN10__cxxabiv111__terminateEPFvvE
                0x0000000008006dfc        0x8 /opt/st/stm32cubeide_1.7.0/plugins/com.st.stm32cube.ide.mcu.externaltools.gnu-tools-for-stm32.9-2020-q2-update.linux64_2.0.0.202105311346/tools/bin/../lib/gcc/arm-none-eabi/9.3.1/../../../../arm-none-eabi/lib/thumb/v7e-m+dp/hard/libstdc++_nano.a(eh_terminate.o)
                0x0000000008006dfc                __cxxabiv1::__terminate(void (*)())
 .text._ZSt13get_terminatev
                0x0000000008006e04       0x10 /opt/st/stm32cubeide_1.7.0/plugins/com.st.stm32cube.ide.mcu.externaltools.gnu-tools-for-stm32.9-2020-q2-update.linux64_2.0.0.202105311346/tools/bin/../lib/gcc/arm-none-eabi/9.3.1/../../../../arm-none-eabi/lib/thumb/v7e-m+dp/hard/libstdc++_nano.a(eh_terminate.o)
                0x0000000008006e04                std::get_terminate()
 .text._ZSt9terminatev
                0x0000000008006e14        0xa /opt/st/stm32cubeide_1.7.0/plugins/com.st.stm32cube.ide.mcu.externaltools.gnu-tools-for-stm32.9-2020-q2-update.linux64_2.0.0.202105311346/tools/bin/../lib/gcc/arm-none-eabi/9.3.1/../../../../arm-none-eabi/lib/thumb/v7e-m+dp/hard/libstdc++_nano.a(eh_terminate.o)
                0x0000000008006e14                std::terminate()
 *fill*         0x0000000008006e1e        0x2 
 .text._ZSt15get_new_handlerv
                0x0000000008006e20       0x10 /opt/st/stm32cubeide_1.7.0/plugins/com.st.stm32cube.ide.mcu.externaltools.gnu-tools-for-stm32.9-2020-q2-update.linux64_2.0.0.202105311346/tools/bin/../lib/gcc/arm-none-eabi/9.3.1/../../../../arm-none-eabi/lib/thumb/v7e-m+dp/hard/libstdc++_nano.a(new_handler.o)
                0x0000000008006e20                std::get_new_handler()
 .text.sinf_poly
                0x0000000008006e30       0x54 /opt/st/stm32cubeide_1.7.0/plugins/com.st.stm32cube.ide.mcu.externaltools.gnu-tools-for-stm32.9-2020-q2-update.linux64_2.0.0.202105311346/tools/bin/../lib/gcc/arm-none-eabi/9.3.1/../../../../arm-none-eabi/lib/thumb/v7e-m+dp/hard/libm.a(lib_a-cosf.o)
 *fill*         0x0000000008006e84        0x4 
 .text.cosf     0x0000000008006e88      0x128 /opt/st/stm32cubeide_1.7.0/plugins/com.st.stm32cube.ide.mcu.externaltools.gnu-tools-for-stm32.9-2020-q2-update.linux64_2.0.0.202105311346/tools/bin/../lib/gcc/arm-none-eabi/9.3.1/../../../../arm-none-eabi/lib/thumb/v7e-m+dp/hard/libm.a(lib_a-cosf.o)
                0x0000000008006e88                cosf
 .text.with_errnof
                0x0000000008006fb0       0x16 /opt/st/stm32cubeide_1.7.0/plugins/com.st.stm32cube.ide.mcu.externaltools.gnu-tools-for-stm32.9-2020-q2-update.linux64_2.0.0.202105311346/tools/bin/../lib/gcc/arm-none-eabi/9.3.1/../../../../arm-none-eabi/lib/thumb/v7e-m+dp/hard/libm.a(lib_a-math_errf.o)
 .text.__math_invalidf
                0x0000000008006fc6       0x1e /opt/st/stm32cubeide_1.7.0/plugins/com.st.stm32cube.ide.mcu.externaltools.gnu-tools-for-stm32.9-2020-q2-update.linux64_2.0.0.202105311346/tools/bin/../lib/gcc/arm-none-eabi/9.3.1/../../../../arm-none-eabi/lib/thumb/v7e-m+dp/hard/libm.a(lib_a-math_errf.o)
                0x0000000008006fc6                __math_invalidf
 *fill*         0x0000000008006fe4        0x4 
 .text.sin      0x0000000008006fe8       0x90 /opt/st/stm32cubeide_1.7.0/plugins/com.st.stm32cube.ide.mcu.externaltools.gnu-tools-for-stm32.9-2020-q2-update.linux64_2.0.0.202105311346/tools/bin/../lib/gcc/arm-none-eabi/9.3.1/../../../../arm-none-eabi/lib/thumb/v7e-m+dp/hard/libm.a(lib_a-s_sin.o)
                0x0000000008006fe8                sin
 .text.floorf   0x0000000008007078       0x84 /opt/st/stm32cubeide_1.7.0/plugins/com.st.stm32cube.ide.mcu.externaltools.gnu-tools-for-stm32.9-2020-q2-update.linux64_2.0.0.202105311346/tools/bin/../lib/gcc/arm-none-eabi/9.3.1/../../../../arm-none-eabi/lib/thumb/v7e-m+dp/hard/libm.a(lib_a-sf_floor.o)
                0x0000000008007078                floorf
 .text.roundf   0x00000000080070fc       0x4c /opt/st/stm32cubeide_1.7.0/plugins/com.st.stm32cube.ide.mcu.externaltools.gnu-tools-for-stm32.9-2020-q2-update.linux64_2.0.0.202105311346/tools/bin/../lib/gcc/arm-none-eabi/9.3.1/../../../../arm-none-eabi/lib/thumb/v7e-m+dp/hard/libm.a(lib_a-sf_round.o)
                0x00000000080070fc                roundf
 .text.sinf_poly
                0x0000000008007148       0x54 /opt/st/stm32cubeide_1.7.0/plugins/com.st.stm32cube.ide.mcu.externaltools.gnu-tools-for-stm32.9-2020-q2-update.linux64_2.0.0.202105311346/tools/bin/../lib/gcc/arm-none-eabi/9.3.1/../../../../arm-none-eabi/lib/thumb/v7e-m+dp/hard/libm.a(lib_a-sinf.o)
 *fill*         0x000000000800719c        0x4 
 .text.sinf     0x00000000080071a0      0x140 /opt/st/stm32cubeide_1.7.0/plugins/com.st.stm32cube.ide.mcu.externaltools.gnu-tools-for-stm32.9-2020-q2-update.linux64_2.0.0.202105311346/tools/bin/../lib/gcc/arm-none-eabi/9.3.1/../../../../arm-none-eabi/lib/thumb/v7e-m+dp/hard/libm.a(lib_a-sinf.o)
                0x00000000080071a0                sinf
 .text.__ieee754_rem_pio2
                0x00000000080072e0      0x280 /opt/st/stm32cubeide_1.7.0/plugins/com.st.stm32cube.ide.mcu.externaltools.gnu-tools-for-stm32.9-2020-q2-update.linux64_2.0.0.202105311346/tools/bin/../lib/gcc/arm-none-eabi/9.3.1/../../../../arm-none-eabi/lib/thumb/v7e-m+dp/hard/libm.a(lib_a-e_rem_pio2.o)
                0x00000000080072e0                __ieee754_rem_pio2
 .text.__kernel_cos
                0x0000000008007560       0xd8 /opt/st/stm32cubeide_1.7.0/plugins/com.st.stm32cube.ide.mcu.externaltools.gnu-tools-for-stm32.9-2020-q2-update.linux64_2.0.0.202105311346/tools/bin/../lib/gcc/arm-none-eabi/9.3.1/../../../../arm-none-eabi/lib/thumb/v7e-m+dp/hard/libm.a(lib_a-k_cos.o)
                0x0000000008007560                __kernel_cos
 .text.__kernel_rem_pio2
                0x0000000008007638      0x500 /opt/st/stm32cubeide_1.7.0/plugins/com.st.stm32cube.ide.mcu.externaltools.gnu-tools-for-stm32.9-2020-q2-update.linux64_2.0.0.202105311346/tools/bin/../lib/gcc/arm-none-eabi/9.3.1/../../../../arm-none-eabi/lib/thumb/v7e-m+dp/hard/libm.a(lib_a-k_rem_pio2.o)
                0x0000000008007638                __kernel_rem_pio2
 .text.__kernel_sin
                0x0000000008007b38       0xb0 /opt/st/stm32cubeide_1.7.0/plugins/com.st.stm32cube.ide.mcu.externaltools.gnu-tools-for-stm32.9-2020-q2-update.linux64_2.0.0.202105311346/tools/bin/../lib/gcc/arm-none-eabi/9.3.1/../../../../arm-none-eabi/lib/thumb/v7e-m+dp/hard/libm.a(lib_a-k_sin.o)
                0x0000000008007b38                __kernel_sin
 .text.fabs     0x0000000008007be8       0x12 /opt/st/stm32cubeide_1.7.0/plugins/com.st.stm32cube.ide.mcu.externaltools.gnu-tools-for-stm32.9-2020-q2-update.linux64_2.0.0.202105311346/tools/bin/../lib/gcc/arm-none-eabi/9.3.1/../../../../arm-none-eabi/lib/thumb/v7e-m+dp/hard/libm.a(lib_a-s_fabs.o)
                0x0000000008007be8                fabs
 *fill*         0x0000000008007bfa        0x6 
 .text.floor    0x0000000008007c00       0xe8 /opt/st/stm32cubeide_1.7.0/plugins/com.st.stm32cube.ide.mcu.externaltools.gnu-tools-for-stm32.9-2020-q2-update.linux64_2.0.0.202105311346/tools/bin/../lib/gcc/arm-none-eabi/9.3.1/../../../../arm-none-eabi/lib/thumb/v7e-m+dp/hard/libm.a(lib_a-s_floor.o)
                0x0000000008007c00                floor
 .text.scalbn   0x0000000008007ce8      0x124 /opt/st/stm32cubeide_1.7.0/plugins/com.st.stm32cube.ide.mcu.externaltools.gnu-tools-for-stm32.9-2020-q2-update.linux64_2.0.0.202105311346/tools/bin/../lib/gcc/arm-none-eabi/9.3.1/../../../../arm-none-eabi/lib/thumb/v7e-m+dp/hard/libm.a(lib_a-s_scalbn.o)
                0x0000000008007ce8                scalbn
 .text.abort    0x0000000008007e0c        0xe /opt/st/stm32cubeide_1.7.0/plugins/com.st.stm32cube.ide.mcu.externaltools.gnu-tools-for-stm32.9-2020-q2-update.linux64_2.0.0.202105311346/tools/bin/../lib/gcc/arm-none-eabi/9.3.1/../../../../arm-none-eabi/lib/thumb/v7e-m+dp/hard/libc_nano.a(lib_a-abort.o)
                0x0000000008007e0c                abort
 *fill*         0x0000000008007e1a        0x2 
 .text.__assert_func
                0x0000000008007e1c       0x3c /opt/st/stm32cubeide_1.7.0/plugins/com.st.stm32cube.ide.mcu.externaltools.gnu-tools-for-stm32.9-2020-q2-update.linux64_2.0.0.202105311346/tools/bin/../lib/gcc/arm-none-eabi/9.3.1/../../../../arm-none-eabi/lib/thumb/v7e-m+dp/hard/libc_nano.a(lib_a-assert.o)
                0x0000000008007e1c                __assert_func
 .text.__errno  0x0000000008007e58        0xc /opt/st/stm32cubeide_1.7.0/plugins/com.st.stm32cube.ide.mcu.externaltools.gnu-tools-for-stm32.9-2020-q2-update.linux64_2.0.0.202105311346/tools/bin/../lib/gcc/arm-none-eabi/9.3.1/../../../../arm-none-eabi/lib/thumb/v7e-m+dp/hard/libc_nano.a(lib_a-errno.o)
                0x0000000008007e58                __errno
 .text.fprintf  0x0000000008007e64       0x24 /opt/st/stm32cubeide_1.7.0/plugins/com.st.stm32cube.ide.mcu.externaltools.gnu-tools-for-stm32.9-2020-q2-update.linux64_2.0.0.202105311346/tools/bin/../lib/gcc/arm-none-eabi/9.3.1/../../../../arm-none-eabi/lib/thumb/v7e-m+dp/hard/libc_nano.a(lib_a-fprintf.o)
                0x0000000008007e64                fprintf
                0x0000000008007e64                fiprintf
 .text.__libc_init_array
                0x0000000008007e88       0x48 /opt/st/stm32cubeide_1.7.0/plugins/com.st.stm32cube.ide.mcu.externaltools.gnu-tools-for-stm32.9-2020-q2-update.linux64_2.0.0.202105311346/tools/bin/../lib/gcc/arm-none-eabi/9.3.1/../../../../arm-none-eabi/lib/thumb/v7e-m+dp/hard/libc_nano.a(lib_a-init.o)
                0x0000000008007e88                __libc_init_array
 .text.malloc   0x0000000008007ed0       0x10 /opt/st/stm32cubeide_1.7.0/plugins/com.st.stm32cube.ide.mcu.externaltools.gnu-tools-for-stm32.9-2020-q2-update.linux64_2.0.0.202105311346/tools/bin/../lib/gcc/arm-none-eabi/9.3.1/../../../../arm-none-eabi/lib/thumb/v7e-m+dp/hard/libc_nano.a(lib_a-malloc.o)
                0x0000000008007ed0                malloc
 .text.free     0x0000000008007ee0       0x10 /opt/st/stm32cubeide_1.7.0/plugins/com.st.stm32cube.ide.mcu.externaltools.gnu-tools-for-stm32.9-2020-q2-update.linux64_2.0.0.202105311346/tools/bin/../lib/gcc/arm-none-eabi/9.3.1/../../../../arm-none-eabi/lib/thumb/v7e-m+dp/hard/libc_nano.a(lib_a-malloc.o)
                0x0000000008007ee0                free
 .text.memset   0x0000000008007ef0       0x10 /opt/st/stm32cubeide_1.7.0/plugins/com.st.stm32cube.ide.mcu.externaltools.gnu-tools-for-stm32.9-2020-q2-update.linux64_2.0.0.202105311346/tools/bin/../lib/gcc/arm-none-eabi/9.3.1/../../../../arm-none-eabi/lib/thumb/v7e-m+dp/hard/libc_nano.a(lib_a-memset.o)
                0x0000000008007ef0                memset
 .text._free_r  0x0000000008007f00       0xa0 /opt/st/stm32cubeide_1.7.0/plugins/com.st.stm32cube.ide.mcu.externaltools.gnu-tools-for-stm32.9-2020-q2-update.linux64_2.0.0.202105311346/tools/bin/../lib/gcc/arm-none-eabi/9.3.1/../../../../arm-none-eabi/lib/thumb/v7e-m+dp/hard/libc_nano.a(lib_a-nano-freer.o)
                0x0000000008007f00                _free_r
 .text._malloc_r
                0x0000000008007fa0       0xb4 /opt/st/stm32cubeide_1.7.0/plugins/com.st.stm32cube.ide.mcu.externaltools.gnu-tools-for-stm32.9-2020-q2-update.linux64_2.0.0.202105311346/tools/bin/../lib/gcc/arm-none-eabi/9.3.1/../../../../arm-none-eabi/lib/thumb/v7e-m+dp/hard/libc_nano.a(lib_a-nano-mallocr.o)
                0x0000000008007fa0                _malloc_r
 .text.__sfputc_r
                0x0000000008008054       0x2e /opt/st/stm32cubeide_1.7.0/plugins/com.st.stm32cube.ide.mcu.externaltools.gnu-tools-for-stm32.9-2020-q2-update.linux64_2.0.0.202105311346/tools/bin/../lib/gcc/arm-none-eabi/9.3.1/../../../../arm-none-eabi/lib/thumb/v7e-m+dp/hard/libc_nano.a(lib_a-nano-vfprintf.o)
 .text.__sfputs_r
                0x0000000008008082       0x24 /opt/st/stm32cubeide_1.7.0/plugins/com.st.stm32cube.ide.mcu.externaltools.gnu-tools-for-stm32.9-2020-q2-update.linux64_2.0.0.202105311346/tools/bin/../lib/gcc/arm-none-eabi/9.3.1/../../../../arm-none-eabi/lib/thumb/v7e-m+dp/hard/libc_nano.a(lib_a-nano-vfprintf.o)
                0x0000000008008082                __sfputs_r
 *fill*         0x00000000080080a6        0x2 
 .text._vfprintf_r
                0x00000000080080a8      0x260 /opt/st/stm32cubeide_1.7.0/plugins/com.st.stm32cube.ide.mcu.externaltools.gnu-tools-for-stm32.9-2020-q2-update.linux64_2.0.0.202105311346/tools/bin/../lib/gcc/arm-none-eabi/9.3.1/../../../../arm-none-eabi/lib/thumb/v7e-m+dp/hard/libc_nano.a(lib_a-nano-vfprintf.o)
                0x00000000080080a8                _vfiprintf_r
                0x00000000080080a8                _vfprintf_r
 .text._printf_common
                0x0000000008008308       0xda /opt/st/stm32cubeide_1.7.0/plugins/com.st.stm32cube.ide.mcu.externaltools.gnu-tools-for-stm32.9-2020-q2-update.linux64_2.0.0.202105311346/tools/bin/../lib/gcc/arm-none-eabi/9.3.1/../../../../arm-none-eabi/lib/thumb/v7e-m+dp/hard/libc_nano.a(lib_a-nano-vfprintf_i.o)
                0x0000000008008308                _printf_common
 *fill*         0x00000000080083e2        0x2 
 .text._printf_i
                0x00000000080083e4      0x24c /opt/st/stm32cubeide_1.7.0/plugins/com.st.stm32cube.ide.mcu.externaltools.gnu-tools-for-stm32.9-2020-q2-update.linux64_2.0.0.202105311346/tools/bin/../lib/gcc/arm-none-eabi/9.3.1/../../../../arm-none-eabi/lib/thumb/v7e-m+dp/hard/libc_nano.a(lib_a-nano-vfprintf_i.o)
                0x00000000080083e4                _printf_i
 .text._sbrk_r  0x0000000008008630       0x20 /opt/st/stm32cubeide_1.7.0/plugins/com.st.stm32cube.ide.mcu.externaltools.gnu-tools-for-stm32.9-2020-q2-update.linux64_2.0.0.202105311346/tools/bin/../lib/gcc/arm-none-eabi/9.3.1/../../../../arm-none-eabi/lib/thumb/v7e-m+dp/hard/libc_nano.a(lib_a-sbrkr.o)
                0x0000000008008630                _sbrk_r
 .text._raise_r
                0x0000000008008650       0x50 /opt/st/stm32cubeide_1.7.0/plugins/com.st.stm32cube.ide.mcu.externaltools.gnu-tools-for-stm32.9-2020-q2-update.linux64_2.0.0.202105311346/tools/bin/../lib/gcc/arm-none-eabi/9.3.1/../../../../arm-none-eabi/lib/thumb/v7e-m+dp/hard/libc_nano.a(lib_a-signal.o)
                0x0000000008008650                _raise_r
 .text.raise    0x00000000080086a0       0x10 /opt/st/stm32cubeide_1.7.0/plugins/com.st.stm32cube.ide.mcu.externaltools.gnu-tools-for-stm32.9-2020-q2-update.linux64_2.0.0.202105311346/tools/bin/../lib/gcc/arm-none-eabi/9.3.1/../../../../arm-none-eabi/lib/thumb/v7e-m+dp/hard/libc_nano.a(lib_a-signal.o)
                0x00000000080086a0                raise
 .text._kill_r  0x00000000080086b0       0x24 /opt/st/stm32cubeide_1.7.0/plugins/com.st.stm32cube.ide.mcu.externaltools.gnu-tools-for-stm32.9-2020-q2-update.linux64_2.0.0.202105311346/tools/bin/../lib/gcc/arm-none-eabi/9.3.1/../../../../arm-none-eabi/lib/thumb/v7e-m+dp/hard/libc_nano.a(lib_a-signalr.o)
                0x00000000080086b0                _kill_r
 .text._getpid_r
                0x00000000080086d4        0x4 /opt/st/stm32cubeide_1.7.0/plugins/com.st.stm32cube.ide.mcu.externaltools.gnu-tools-for-stm32.9-2020-q2-update.linux64_2.0.0.202105311346/tools/bin/../lib/gcc/arm-none-eabi/9.3.1/../../../../arm-none-eabi/lib/thumb/v7e-m+dp/hard/libc_nano.a(lib_a-signalr.o)
                0x00000000080086d4                _getpid_r
 .text.__swbuf_r
                0x00000000080086d8       0xa4 /opt/st/stm32cubeide_1.7.0/plugins/com.st.stm32cube.ide.mcu.externaltools.gnu-tools-for-stm32.9-2020-q2-update.linux64_2.0.0.202105311346/tools/bin/../lib/gcc/arm-none-eabi/9.3.1/../../../../arm-none-eabi/lib/thumb/v7e-m+dp/hard/libc_nano.a(lib_a-wbuf.o)
                0x00000000080086d8                __swbuf_r
 .text.__swsetup_r
                0x000000000800877c       0xdc /opt/st/stm32cubeide_1.7.0/plugins/com.st.stm32cube.ide.mcu.externaltools.gnu-tools-for-stm32.9-2020-q2-update.linux64_2.0.0.202105311346/tools/bin/../lib/gcc/arm-none-eabi/9.3.1/../../../../arm-none-eabi/lib/thumb/v7e-m+dp/hard/libc_nano.a(lib_a-wsetup.o)
                0x000000000800877c                __swsetup_r
 .text.__sflush_r
                0x0000000008008858      0x10c /opt/st/stm32cubeide_1.7.0/plugins/com.st.stm32cube.ide.mcu.externaltools.gnu-tools-for-stm32.9-2020-q2-update.linux64_2.0.0.202105311346/tools/bin/../lib/gcc/arm-none-eabi/9.3.1/../../../../arm-none-eabi/lib/thumb/v7e-m+dp/hard/libc_nano.a(lib_a-fflush.o)
                0x0000000008008858                __sflush_r
 .text._fflush_r
                0x0000000008008964       0x78 /opt/st/stm32cubeide_1.7.0/plugins/com.st.stm32cube.ide.mcu.externaltools.gnu-tools-for-stm32.9-2020-q2-update.linux64_2.0.0.202105311346/tools/bin/../lib/gcc/arm-none-eabi/9.3.1/../../../../arm-none-eabi/lib/thumb/v7e-m+dp/hard/libc_nano.a(lib_a-fflush.o)
                0x0000000008008964                _fflush_r
 .text.std      0x00000000080089dc       0x48 /opt/st/stm32cubeide_1.7.0/plugins/com.st.stm32cube.ide.mcu.externaltools.gnu-tools-for-stm32.9-2020-q2-update.linux64_2.0.0.202105311346/tools/bin/../lib/gcc/arm-none-eabi/9.3.1/../../../../arm-none-eabi/lib/thumb/v7e-m+dp/hard/libc_nano.a(lib_a-findfp.o)
 .text._cleanup_r
                0x0000000008008a24        0xc /opt/st/stm32cubeide_1.7.0/plugins/com.st.stm32cube.ide.mcu.externaltools.gnu-tools-for-stm32.9-2020-q2-update.linux64_2.0.0.202105311346/tools/bin/../lib/gcc/arm-none-eabi/9.3.1/../../../../arm-none-eabi/lib/thumb/v7e-m+dp/hard/libc_nano.a(lib_a-findfp.o)
                0x0000000008008a24                _cleanup_r
 .text.__sfmoreglue
                0x0000000008008a30       0x2c /opt/st/stm32cubeide_1.7.0/plugins/com.st.stm32cube.ide.mcu.externaltools.gnu-tools-for-stm32.9-2020-q2-update.linux64_2.0.0.202105311346/tools/bin/../lib/gcc/arm-none-eabi/9.3.1/../../../../arm-none-eabi/lib/thumb/v7e-m+dp/hard/libc_nano.a(lib_a-findfp.o)
                0x0000000008008a30                __sfmoreglue
 .text.__sfp_lock_acquire
                0x0000000008008a5c        0xc /opt/st/stm32cubeide_1.7.0/plugins/com.st.stm32cube.ide.mcu.externaltools.gnu-tools-for-stm32.9-2020-q2-update.linux64_2.0.0.202105311346/tools/bin/../lib/gcc/arm-none-eabi/9.3.1/../../../../arm-none-eabi/lib/thumb/v7e-m+dp/hard/libc_nano.a(lib_a-findfp.o)
                0x0000000008008a5c                __sfp_lock_acquire
 .text.__sfp_lock_release
                0x0000000008008a68        0xc /opt/st/stm32cubeide_1.7.0/plugins/com.st.stm32cube.ide.mcu.externaltools.gnu-tools-for-stm32.9-2020-q2-update.linux64_2.0.0.202105311346/tools/bin/../lib/gcc/arm-none-eabi/9.3.1/../../../../arm-none-eabi/lib/thumb/v7e-m+dp/hard/libc_nano.a(lib_a-findfp.o)
                0x0000000008008a68                __sfp_lock_release
 .text.__sinit_lock_acquire
                0x0000000008008a74        0xc /opt/st/stm32cubeide_1.7.0/plugins/com.st.stm32cube.ide.mcu.externaltools.gnu-tools-for-stm32.9-2020-q2-update.linux64_2.0.0.202105311346/tools/bin/../lib/gcc/arm-none-eabi/9.3.1/../../../../arm-none-eabi/lib/thumb/v7e-m+dp/hard/libc_nano.a(lib_a-findfp.o)
                0x0000000008008a74                __sinit_lock_acquire
 .text.__sinit_lock_release
                0x0000000008008a80        0xc /opt/st/stm32cubeide_1.7.0/plugins/com.st.stm32cube.ide.mcu.externaltools.gnu-tools-for-stm32.9-2020-q2-update.linux64_2.0.0.202105311346/tools/bin/../lib/gcc/arm-none-eabi/9.3.1/../../../../arm-none-eabi/lib/thumb/v7e-m+dp/hard/libc_nano.a(lib_a-findfp.o)
                0x0000000008008a80                __sinit_lock_release
 .text.__sinit  0x0000000008008a8c       0x70 /opt/st/stm32cubeide_1.7.0/plugins/com.st.stm32cube.ide.mcu.externaltools.gnu-tools-for-stm32.9-2020-q2-update.linux64_2.0.0.202105311346/tools/bin/../lib/gcc/arm-none-eabi/9.3.1/../../../../arm-none-eabi/lib/thumb/v7e-m+dp/hard/libc_nano.a(lib_a-findfp.o)
                0x0000000008008a8c                __sinit
 .text.__sfp    0x0000000008008afc       0x8c /opt/st/stm32cubeide_1.7.0/plugins/com.st.stm32cube.ide.mcu.externaltools.gnu-tools-for-stm32.9-2020-q2-update.linux64_2.0.0.202105311346/tools/bin/../lib/gcc/arm-none-eabi/9.3.1/../../../../arm-none-eabi/lib/thumb/v7e-m+dp/hard/libc_nano.a(lib_a-findfp.o)
                0x0000000008008afc                __sfp
 .text._fwalk_reent
                0x0000000008008b88       0x3e /opt/st/stm32cubeide_1.7.0/plugins/com.st.stm32cube.ide.mcu.externaltools.gnu-tools-for-stm32.9-2020-q2-update.linux64_2.0.0.202105311346/tools/bin/../lib/gcc/arm-none-eabi/9.3.1/../../../../arm-none-eabi/lib/thumb/v7e-m+dp/hard/libc_nano.a(lib_a-fwalk.o)
                0x0000000008008b88                _fwalk_reent
 .text.__retarget_lock_init_recursive
                0x0000000008008bc6        0x2 /opt/st/stm32cubeide_1.7.0/plugins/com.st.stm32cube.ide.mcu.externaltools.gnu-tools-for-stm32.9-2020-q2-update.linux64_2.0.0.202105311346/tools/bin/../lib/gcc/arm-none-eabi/9.3.1/../../../../arm-none-eabi/lib/thumb/v7e-m+dp/hard/libc_nano.a(lib_a-lock.o)
                0x0000000008008bc6                __retarget_lock_init_recursive
 .text.__retarget_lock_acquire_recursive
                0x0000000008008bc8        0x2 /opt/st/stm32cubeide_1.7.0/plugins/com.st.stm32cube.ide.mcu.externaltools.gnu-tools-for-stm32.9-2020-q2-update.linux64_2.0.0.202105311346/tools/bin/../lib/gcc/arm-none-eabi/9.3.1/../../../../arm-none-eabi/lib/thumb/v7e-m+dp/hard/libc_nano.a(lib_a-lock.o)
                0x0000000008008bc8                __retarget_lock_acquire_recursive
 .text.__retarget_lock_release_recursive
                0x0000000008008bca        0x2 /opt/st/stm32cubeide_1.7.0/plugins/com.st.stm32cube.ide.mcu.externaltools.gnu-tools-for-stm32.9-2020-q2-update.linux64_2.0.0.202105311346/tools/bin/../lib/gcc/arm-none-eabi/9.3.1/../../../../arm-none-eabi/lib/thumb/v7e-m+dp/hard/libc_nano.a(lib_a-lock.o)
                0x0000000008008bca                __retarget_lock_release_recursive
 .text.__swhatbuf_r
                0x0000000008008bcc       0x48 /opt/st/stm32cubeide_1.7.0/plugins/com.st.stm32cube.ide.mcu.externaltools.gnu-tools-for-stm32.9-2020-q2-update.linux64_2.0.0.202105311346/tools/bin/../lib/gcc/arm-none-eabi/9.3.1/../../../../arm-none-eabi/lib/thumb/v7e-m+dp/hard/libc_nano.a(lib_a-makebuf.o)
                0x0000000008008bcc                __swhatbuf_r
 .text.__smakebuf_r
                0x0000000008008c14       0x80 /opt/st/stm32cubeide_1.7.0/plugins/com.st.stm32cube.ide.mcu.externaltools.gnu-tools-for-stm32.9-2020-q2-update.linux64_2.0.0.202105311346/tools/bin/../lib/gcc/arm-none-eabi/9.3.1/../../../../arm-none-eabi/lib/thumb/v7e-m+dp/hard/libc_nano.a(lib_a-makebuf.o)
                0x0000000008008c14                __smakebuf_r
 .text.__malloc_lock
                0x0000000008008c94        0xc /opt/st/stm32cubeide_1.7.0/plugins/com.st.stm32cube.ide.mcu.externaltools.gnu-tools-for-stm32.9-2020-q2-update.linux64_2.0.0.202105311346/tools/bin/../lib/gcc/arm-none-eabi/9.3.1/../../../../arm-none-eabi/lib/thumb/v7e-m+dp/hard/libc_nano.a(lib_a-mlock.o)
                0x0000000008008c94                __malloc_lock
 .text.__malloc_unlock
                0x0000000008008ca0        0xc /opt/st/stm32cubeide_1.7.0/plugins/com.st.stm32cube.ide.mcu.externaltools.gnu-tools-for-stm32.9-2020-q2-update.linux64_2.0.0.202105311346/tools/bin/../lib/gcc/arm-none-eabi/9.3.1/../../../../arm-none-eabi/lib/thumb/v7e-m+dp/hard/libc_nano.a(lib_a-mlock.o)
                0x0000000008008ca0                __malloc_unlock
 .text.__sread  0x0000000008008cac       0x22 /opt/st/stm32cubeide_1.7.0/plugins/com.st.stm32cube.ide.mcu.externaltools.gnu-tools-for-stm32.9-2020-q2-update.linux64_2.0.0.202105311346/tools/bin/../lib/gcc/arm-none-eabi/9.3.1/../../../../arm-none-eabi/lib/thumb/v7e-m+dp/hard/libc_nano.a(lib_a-stdio.o)
                0x0000000008008cac                __sread
 .text.__swrite
                0x0000000008008cce       0x38 /opt/st/stm32cubeide_1.7.0/plugins/com.st.stm32cube.ide.mcu.externaltools.gnu-tools-for-stm32.9-2020-q2-update.linux64_2.0.0.202105311346/tools/bin/../lib/gcc/arm-none-eabi/9.3.1/../../../../arm-none-eabi/lib/thumb/v7e-m+dp/hard/libc_nano.a(lib_a-stdio.o)
                0x0000000008008cce                __swrite
 .text.__sseek  0x0000000008008d06       0x24 /opt/st/stm32cubeide_1.7.0/plugins/com.st.stm32cube.ide.mcu.externaltools.gnu-tools-for-stm32.9-2020-q2-update.linux64_2.0.0.202105311346/tools/bin/../lib/gcc/arm-none-eabi/9.3.1/../../../../arm-none-eabi/lib/thumb/v7e-m+dp/hard/libc_nano.a(lib_a-stdio.o)
                0x0000000008008d06                __sseek
 .text.__sclose
                0x0000000008008d2a        0x8 /opt/st/stm32cubeide_1.7.0/plugins/com.st.stm32cube.ide.mcu.externaltools.gnu-tools-for-stm32.9-2020-q2-update.linux64_2.0.0.202105311346/tools/bin/../lib/gcc/arm-none-eabi/9.3.1/../../../../arm-none-eabi/lib/thumb/v7e-m+dp/hard/libc_nano.a(lib_a-stdio.o)
                0x0000000008008d2a                __sclose
 *fill*         0x0000000008008d32        0x2 
 .text._write_r
                0x0000000008008d34       0x24 /opt/st/stm32cubeide_1.7.0/plugins/com.st.stm32cube.ide.mcu.externaltools.gnu-tools-for-stm32.9-2020-q2-update.linux64_2.0.0.202105311346/tools/bin/../lib/gcc/arm-none-eabi/9.3.1/../../../../arm-none-eabi/lib/thumb/v7e-m+dp/hard/libc_nano.a(lib_a-writer.o)
                0x0000000008008d34                _write_r
 .text._close_r
                0x0000000008008d58       0x20 /opt/st/stm32cubeide_1.7.0/plugins/com.st.stm32cube.ide.mcu.externaltools.gnu-tools-for-stm32.9-2020-q2-update.linux64_2.0.0.202105311346/tools/bin/../lib/gcc/arm-none-eabi/9.3.1/../../../../arm-none-eabi/lib/thumb/v7e-m+dp/hard/libc_nano.a(lib_a-closer.o)
                0x0000000008008d58                _close_r
 .text._fstat_r
                0x0000000008008d78       0x24 /opt/st/stm32cubeide_1.7.0/plugins/com.st.stm32cube.ide.mcu.externaltools.gnu-tools-for-stm32.9-2020-q2-update.linux64_2.0.0.202105311346/tools/bin/../lib/gcc/arm-none-eabi/9.3.1/../../../../arm-none-eabi/lib/thumb/v7e-m+dp/hard/libc_nano.a(lib_a-fstatr.o)
                0x0000000008008d78                _fstat_r
 .text._isatty_r
                0x0000000008008d9c       0x20 /opt/st/stm32cubeide_1.7.0/plugins/com.st.stm32cube.ide.mcu.externaltools.gnu-tools-for-stm32.9-2020-q2-update.linux64_2.0.0.202105311346/tools/bin/../lib/gcc/arm-none-eabi/9.3.1/../../../../arm-none-eabi/lib/thumb/v7e-m+dp/hard/libc_nano.a(lib_a-isattyr.o)
                0x0000000008008d9c                _isatty_r
 .text._lseek_r
                0x0000000008008dbc       0x24 /opt/st/stm32cubeide_1.7.0/plugins/com.st.stm32cube.ide.mcu.externaltools.gnu-tools-for-stm32.9-2020-q2-update.linux64_2.0.0.202105311346/tools/bin/../lib/gcc/arm-none-eabi/9.3.1/../../../../arm-none-eabi/lib/thumb/v7e-m+dp/hard/libc_nano.a(lib_a-lseekr.o)
                0x0000000008008dbc                _lseek_r
 .text._read_r  0x0000000008008de0       0x24 /opt/st/stm32cubeide_1.7.0/plugins/com.st.stm32cube.ide.mcu.externaltools.gnu-tools-for-stm32.9-2020-q2-update.linux64_2.0.0.202105311346/tools/bin/../lib/gcc/arm-none-eabi/9.3.1/../../../../arm-none-eabi/lib/thumb/v7e-m+dp/hard/libc_nano.a(lib_a-readr.o)
                0x0000000008008de0                _read_r
 *(.glue_7)
 .glue_7        0x0000000008008e04        0x0 linker stubs
 *(.glue_7t)
 .glue_7t       0x0000000008008e04        0x0 linker stubs
 *(.eh_frame)
 .eh_frame      0x0000000008008e04        0x0 /opt/st/stm32cubeide_1.7.0/plugins/com.st.stm32cube.ide.mcu.externaltools.gnu-tools-for-stm32.9-2020-q2-update.linux64_2.0.0.202105311346/tools/bin/../lib/gcc/arm-none-eabi/9.3.1/thumb/v7e-m+dp/hard/crtbegin.o
 *(.init)
 .init          0x0000000008008e04        0x4 /opt/st/stm32cubeide_1.7.0/plugins/com.st.stm32cube.ide.mcu.externaltools.gnu-tools-for-stm32.9-2020-q2-update.linux64_2.0.0.202105311346/tools/bin/../lib/gcc/arm-none-eabi/9.3.1/thumb/v7e-m+dp/hard/crti.o
                0x0000000008008e04                _init
 .init          0x0000000008008e08        0x8 /opt/st/stm32cubeide_1.7.0/plugins/com.st.stm32cube.ide.mcu.externaltools.gnu-tools-for-stm32.9-2020-q2-update.linux64_2.0.0.202105311346/tools/bin/../lib/gcc/arm-none-eabi/9.3.1/thumb/v7e-m+dp/hard/crtn.o
 *(.fini)
 .fini          0x0000000008008e10        0x4 /opt/st/stm32cubeide_1.7.0/plugins/com.st.stm32cube.ide.mcu.externaltools.gnu-tools-for-stm32.9-2020-q2-update.linux64_2.0.0.202105311346/tools/bin/../lib/gcc/arm-none-eabi/9.3.1/thumb/v7e-m+dp/hard/crti.o
                0x0000000008008e10                _fini
 .fini          0x0000000008008e14        0x8 /opt/st/stm32cubeide_1.7.0/plugins/com.st.stm32cube.ide.mcu.externaltools.gnu-tools-for-stm32.9-2020-q2-update.linux64_2.0.0.202105311346/tools/bin/../lib/gcc/arm-none-eabi/9.3.1/thumb/v7e-m+dp/hard/crtn.o
                0x0000000008008e1c                . = ALIGN (0x4)
                0x0000000008008e1c                _etext = .

.vfp11_veneer   0x0000000008008e1c        0x0
 .vfp11_veneer  0x0000000008008e1c        0x0 linker stubs

.v4_bx          0x0000000008008e1c        0x0
 .v4_bx         0x0000000008008e1c        0x0 linker stubs

.iplt           0x0000000008008e1c        0x0
 .iplt          0x0000000008008e1c        0x0 /opt/st/stm32cubeide_1.7.0/plugins/com.st.stm32cube.ide.mcu.externaltools.gnu-tools-for-stm32.9-2020-q2-update.linux64_2.0.0.202105311346/tools/bin/../lib/gcc/arm-none-eabi/9.3.1/thumb/v7e-m+dp/hard/crtbegin.o

.rodata         0x0000000008008e20      0xb44
                0x0000000008008e20                . = ALIGN (0x4)
 *(.rodata)
 .rodata        0x0000000008008e20       0x3b ./Drivers/STM32H7xx_HAL_Driver/Src/stm32h7xx_hal_cortex.o
 *fill*         0x0000000008008e5b        0x1 
 .rodata        0x0000000008008e5c       0x38 ./Drivers/STM32H7xx_HAL_Driver/Src/stm32h7xx_hal_dac.o
 .rodata        0x0000000008008e94       0x39 ./Drivers/STM32H7xx_HAL_Driver/Src/stm32h7xx_hal_gpio.o
 *fill*         0x0000000008008ecd        0x3 
 .rodata        0x0000000008008ed0       0x3b ./Drivers/STM32H7xx_HAL_Driver/Src/stm32h7xx_hal_pwr_ex.o
 *fill*         0x0000000008008f0b        0x1 
 .rodata        0x0000000008008f0c       0x38 ./Drivers/STM32H7xx_HAL_Driver/Src/stm32h7xx_hal_rcc.o
 .rodata        0x0000000008008f44       0x3b ./Drivers/STM32H7xx_HAL_Driver/Src/stm32h7xx_hal_rcc_ex.o
 *fill*         0x0000000008008f7f        0x1 
 .rodata        0x0000000008008f80       0x38 ./Drivers/STM32H7xx_HAL_Driver/Src/stm32h7xx_hal_spi.o
 .rodata        0x0000000008008fb8      0x458 ./fgl/pencil.o
 .rodata        0x0000000008009410        0x7 ./fgl/displays/ST7735.o
 *(.rodata*)
 *fill*         0x0000000008009417        0x1 
 .rodata._ZTV14STM32H7_ST7735
                0x0000000008009418       0x70 ./Core/Src/stm32h7_st7735.o
                0x0000000008009418                vtable for STM32H7_ST7735
 .rodata.D1CorePrescTable
                0x0000000008009488       0x10 ./Core/Src/system_stm32h7xx.o
                0x0000000008009488                D1CorePrescTable
 .rodata._ZTV5Color
                0x0000000008009498       0x10 ./fgl/color.o
                0x0000000008009498                vtable for Color
 .rodata._ZTV6Pencil
                0x00000000080094a8       0x14 ./fgl/pencil.o
                0x00000000080094a8                vtable for Pencil
 .rodata._ZTV6ST7735
                0x00000000080094bc       0x70 ./fgl/displays/ST7735.o
                0x00000000080094bc                vtable for ST7735
 .rodata._ZTV7Display
                0x000000000800952c       0x4c ./fgl/displays/display.o
                0x000000000800952c                vtable for Display
 .rodata.__inv_pio4
                0x0000000008009578       0x60 /opt/st/stm32cubeide_1.7.0/plugins/com.st.stm32cube.ide.mcu.externaltools.gnu-tools-for-stm32.9-2020-q2-update.linux64_2.0.0.202105311346/tools/bin/../lib/gcc/arm-none-eabi/9.3.1/../../../../arm-none-eabi/lib/thumb/v7e-m+dp/hard/libm.a(lib_a-sincosf_data.o)
                0x0000000008009578                __inv_pio4
 .rodata.__sincosf_table
                0x00000000080095d8       0xe0 /opt/st/stm32cubeide_1.7.0/plugins/com.st.stm32cube.ide.mcu.externaltools.gnu-tools-for-stm32.9-2020-q2-update.linux64_2.0.0.202105311346/tools/bin/../lib/gcc/arm-none-eabi/9.3.1/../../../../arm-none-eabi/lib/thumb/v7e-m+dp/hard/libm.a(lib_a-sincosf_data.o)
                0x00000000080095d8                __sincosf_table
 .rodata.npio2_hw
                0x00000000080096b8       0x80 /opt/st/stm32cubeide_1.7.0/plugins/com.st.stm32cube.ide.mcu.externaltools.gnu-tools-for-stm32.9-2020-q2-update.linux64_2.0.0.202105311346/tools/bin/../lib/gcc/arm-none-eabi/9.3.1/../../../../arm-none-eabi/lib/thumb/v7e-m+dp/hard/libm.a(lib_a-e_rem_pio2.o)
 .rodata.two_over_pi
                0x0000000008009738      0x108 /opt/st/stm32cubeide_1.7.0/plugins/com.st.stm32cube.ide.mcu.externaltools.gnu-tools-for-stm32.9-2020-q2-update.linux64_2.0.0.202105311346/tools/bin/../lib/gcc/arm-none-eabi/9.3.1/../../../../arm-none-eabi/lib/thumb/v7e-m+dp/hard/libm.a(lib_a-e_rem_pio2.o)
 .rodata.PIo2   0x0000000008009840       0x40 /opt/st/stm32cubeide_1.7.0/plugins/com.st.stm32cube.ide.mcu.externaltools.gnu-tools-for-stm32.9-2020-q2-update.linux64_2.0.0.202105311346/tools/bin/../lib/gcc/arm-none-eabi/9.3.1/../../../../arm-none-eabi/lib/thumb/v7e-m+dp/hard/libm.a(lib_a-k_rem_pio2.o)
 .rodata.init_jk
                0x0000000008009880       0x10 /opt/st/stm32cubeide_1.7.0/plugins/com.st.stm32cube.ide.mcu.externaltools.gnu-tools-for-stm32.9-2020-q2-update.linux64_2.0.0.202105311346/tools/bin/../lib/gcc/arm-none-eabi/9.3.1/../../../../arm-none-eabi/lib/thumb/v7e-m+dp/hard/libm.a(lib_a-k_rem_pio2.o)
 .rodata.__assert_func.str1.1
                0x0000000008009890       0x3c /opt/st/stm32cubeide_1.7.0/plugins/com.st.stm32cube.ide.mcu.externaltools.gnu-tools-for-stm32.9-2020-q2-update.linux64_2.0.0.202105311346/tools/bin/../lib/gcc/arm-none-eabi/9.3.1/../../../../arm-none-eabi/lib/thumb/v7e-m+dp/hard/libc_nano.a(lib_a-assert.o)
                                         0x3d (size before relaxing)
 .rodata._global_impure_ptr
                0x00000000080098cc        0x4 /opt/st/stm32cubeide_1.7.0/plugins/com.st.stm32cube.ide.mcu.externaltools.gnu-tools-for-stm32.9-2020-q2-update.linux64_2.0.0.202105311346/tools/bin/../lib/gcc/arm-none-eabi/9.3.1/../../../../arm-none-eabi/lib/thumb/v7e-m+dp/hard/libc_nano.a(lib_a-impure.o)
                0x00000000080098cc                _global_impure_ptr
 .rodata._vfprintf_r.str1.1
                0x00000000080098d0       0x11 /opt/st/stm32cubeide_1.7.0/plugins/com.st.stm32cube.ide.mcu.externaltools.gnu-tools-for-stm32.9-2020-q2-update.linux64_2.0.0.202105311346/tools/bin/../lib/gcc/arm-none-eabi/9.3.1/../../../../arm-none-eabi/lib/thumb/v7e-m+dp/hard/libc_nano.a(lib_a-nano-vfprintf.o)
 .rodata._printf_i.str1.1
                0x00000000080098e1       0x22 /opt/st/stm32cubeide_1.7.0/plugins/com.st.stm32cube.ide.mcu.externaltools.gnu-tools-for-stm32.9-2020-q2-update.linux64_2.0.0.202105311346/tools/bin/../lib/gcc/arm-none-eabi/9.3.1/../../../../arm-none-eabi/lib/thumb/v7e-m+dp/hard/libc_nano.a(lib_a-nano-vfprintf_i.o)
 *fill*         0x0000000008009903        0x1 
 .rodata.__sf_fake_stderr
                0x0000000008009904       0x20 /opt/st/stm32cubeide_1.7.0/plugins/com.st.stm32cube.ide.mcu.externaltools.gnu-tools-for-stm32.9-2020-q2-update.linux64_2.0.0.202105311346/tools/bin/../lib/gcc/arm-none-eabi/9.3.1/../../../../arm-none-eabi/lib/thumb/v7e-m+dp/hard/libc_nano.a(lib_a-findfp.o)
                0x0000000008009904                __sf_fake_stderr
 .rodata.__sf_fake_stdin
                0x0000000008009924       0x20 /opt/st/stm32cubeide_1.7.0/plugins/com.st.stm32cube.ide.mcu.externaltools.gnu-tools-for-stm32.9-2020-q2-update.linux64_2.0.0.202105311346/tools/bin/../lib/gcc/arm-none-eabi/9.3.1/../../../../arm-none-eabi/lib/thumb/v7e-m+dp/hard/libc_nano.a(lib_a-findfp.o)
                0x0000000008009924                __sf_fake_stdin
 .rodata.__sf_fake_stdout
                0x0000000008009944       0x20 /opt/st/stm32cubeide_1.7.0/plugins/com.st.stm32cube.ide.mcu.externaltools.gnu-tools-for-stm32.9-2020-q2-update.linux64_2.0.0.202105311346/tools/bin/../lib/gcc/arm-none-eabi/9.3.1/../../../../arm-none-eabi/lib/thumb/v7e-m+dp/hard/libc_nano.a(lib_a-findfp.o)
                0x0000000008009944                __sf_fake_stdout
                0x0000000008009964                . = ALIGN (0x4)

.rel.dyn        0x0000000008009964        0x0
 .rel.iplt      0x0000000008009964        0x0 /opt/st/stm32cubeide_1.7.0/plugins/com.st.stm32cube.ide.mcu.externaltools.gnu-tools-for-stm32.9-2020-q2-update.linux64_2.0.0.202105311346/tools/bin/../lib/gcc/arm-none-eabi/9.3.1/thumb/v7e-m+dp/hard/crtbegin.o

.ARM.extab
 *(.ARM.extab* .gnu.linkonce.armextab.*)

.ARM            0x0000000008009964        0x0
                0x0000000008009964                __exidx_start = .
 *(.ARM.exidx*)
                0x0000000008009964                __exidx_end = .

.preinit_array  0x0000000008009964        0x0
                0x0000000008009964                PROVIDE (__preinit_array_start = .)
 *(.preinit_array*)
                0x0000000008009964                PROVIDE (__preinit_array_end = .)

.init_array     0x0000000008009964        0x4
                0x0000000008009964                PROVIDE (__init_array_start = .)
 *(SORT_BY_NAME(.init_array.*))
 *(.init_array*)
 .init_array    0x0000000008009964        0x4 /opt/st/stm32cubeide_1.7.0/plugins/com.st.stm32cube.ide.mcu.externaltools.gnu-tools-for-stm32.9-2020-q2-update.linux64_2.0.0.202105311346/tools/bin/../lib/gcc/arm-none-eabi/9.3.1/thumb/v7e-m+dp/hard/crtbegin.o
                0x0000000008009968                PROVIDE (__init_array_end = .)

.fini_array     0x0000000008009968        0x4
                [!provide]                        PROVIDE (__fini_array_start = .)
 *(SORT_BY_NAME(.fini_array.*))
 *(.fini_array*)
 .fini_array    0x0000000008009968        0x4 /opt/st/stm32cubeide_1.7.0/plugins/com.st.stm32cube.ide.mcu.externaltools.gnu-tools-for-stm32.9-2020-q2-update.linux64_2.0.0.202105311346/tools/bin/../lib/gcc/arm-none-eabi/9.3.1/thumb/v7e-m+dp/hard/crtbegin.o
                [!provide]                        PROVIDE (__fini_array_end = .)
                0x000000000800996c                _sidata = LOADADDR (.data)

.data           0x0000000020000000       0x78 load address 0x000000000800996c
                0x0000000020000000                . = ALIGN (0x4)
                0x0000000020000000                _sdata = .
 *(.data)
 *(.data*)
 .data.SystemCoreClock
                0x0000000020000000        0x4 ./Core/Src/system_stm32h7xx.o
                0x0000000020000000                SystemCoreClock
 .data.SystemD2Clock
                0x0000000020000004        0x4 ./Core/Src/system_stm32h7xx.o
                0x0000000020000004                SystemD2Clock
 .data.uwTickPrio
                0x0000000020000008        0x4 ./Drivers/STM32H7xx_HAL_Driver/Src/stm32h7xx_hal.o
                0x0000000020000008                uwTickPrio
 .data.uwTickFreq
                0x000000002000000c        0x1 ./Drivers/STM32H7xx_HAL_Driver/Src/stm32h7xx_hal.o
                0x000000002000000c                uwTickFreq
 *fill*         0x000000002000000d        0x3 
 .data._ZN10__cxxabiv119__terminate_handlerE
                0x0000000020000010        0x4 /opt/st/stm32cubeide_1.7.0/plugins/com.st.stm32cube.ide.mcu.externaltools.gnu-tools-for-stm32.9-2020-q2-update.linux64_2.0.0.202105311346/tools/bin/../lib/gcc/arm-none-eabi/9.3.1/../../../../arm-none-eabi/lib/thumb/v7e-m+dp/hard/libstdc++_nano.a(eh_term_handler.o)
                0x0000000020000010                __cxxabiv1::__terminate_handler
 .data._impure_ptr
                0x0000000020000014        0x4 /opt/st/stm32cubeide_1.7.0/plugins/com.st.stm32cube.ide.mcu.externaltools.gnu-tools-for-stm32.9-2020-q2-update.linux64_2.0.0.202105311346/tools/bin/../lib/gcc/arm-none-eabi/9.3.1/../../../../arm-none-eabi/lib/thumb/v7e-m+dp/hard/libc_nano.a(lib_a-impure.o)
                0x0000000020000014                _impure_ptr
 .data.impure_data
                0x0000000020000018       0x60 /opt/st/stm32cubeide_1.7.0/plugins/com.st.stm32cube.ide.mcu.externaltools.gnu-tools-for-stm32.9-2020-q2-update.linux64_2.0.0.202105311346/tools/bin/../lib/gcc/arm-none-eabi/9.3.1/../../../../arm-none-eabi/lib/thumb/v7e-m+dp/hard/libc_nano.a(lib_a-impure.o)
 *(.RamFunc)
 *(.RamFunc*)
                0x0000000020000078                . = ALIGN (0x4)
                0x0000000020000078                _edata = .

.igot.plt       0x0000000020000078        0x0 load address 0x00000000080099e4
 .igot.plt      0x0000000020000078        0x0 /opt/st/stm32cubeide_1.7.0/plugins/com.st.stm32cube.ide.mcu.externaltools.gnu-tools-for-stm32.9-2020-q2-update.linux64_2.0.0.202105311346/tools/bin/../lib/gcc/arm-none-eabi/9.3.1/thumb/v7e-m+dp/hard/crtbegin.o
                0x0000000020000078                . = ALIGN (0x4)

.bss            0x0000000020000078       0xdc load address 0x00000000080099e4
                0x0000000020000078                _sbss = .
                0x0000000020000078                __bss_start__ = _sbss
 *(.bss)
 .bss           0x0000000020000078       0x1c /opt/st/stm32cubeide_1.7.0/plugins/com.st.stm32cube.ide.mcu.externaltools.gnu-tools-for-stm32.9-2020-q2-update.linux64_2.0.0.202105311346/tools/bin/../lib/gcc/arm-none-eabi/9.3.1/thumb/v7e-m+dp/hard/crtbegin.o
 *(.bss*)
 .bss.__sbrk_heap_end
                0x0000000020000094        0x4 ./Core/Src/sysmem.o
 .bss._ZN12_GLOBAL__N_113__new_handlerE
                0x0000000020000098        0x4 /opt/st/stm32cubeide_1.7.0/plugins/com.st.stm32cube.ide.mcu.externaltools.gnu-tools-for-stm32.9-2020-q2-update.linux64_2.0.0.202105311346/tools/bin/../lib/gcc/arm-none-eabi/9.3.1/../../../../arm-none-eabi/lib/thumb/v7e-m+dp/hard/libstdc++_nano.a(new_handler.o)
 .bss.__malloc_free_list
                0x000000002000009c        0x4 /opt/st/stm32cubeide_1.7.0/plugins/com.st.stm32cube.ide.mcu.externaltools.gnu-tools-for-stm32.9-2020-q2-update.linux64_2.0.0.202105311346/tools/bin/../lib/gcc/arm-none-eabi/9.3.1/../../../../arm-none-eabi/lib/thumb/v7e-m+dp/hard/libc_nano.a(lib_a-nano-mallocr.o)
                0x000000002000009c                __malloc_free_list
 .bss.__malloc_sbrk_start
                0x00000000200000a0        0x4 /opt/st/stm32cubeide_1.7.0/plugins/com.st.stm32cube.ide.mcu.externaltools.gnu-tools-for-stm32.9-2020-q2-update.linux64_2.0.0.202105311346/tools/bin/../lib/gcc/arm-none-eabi/9.3.1/../../../../arm-none-eabi/lib/thumb/v7e-m+dp/hard/libc_nano.a(lib_a-nano-mallocr.o)
                0x00000000200000a0                __malloc_sbrk_start
 *(COMMON)
 COMMON         0x00000000200000a4       0x14 ./Core/Src/dac.o
                0x00000000200000a4                hdac1
 COMMON         0x00000000200000b8       0x88 ./Core/Src/spi.o
                0x00000000200000b8                hspi1
 COMMON         0x0000000020000140        0x4 ./Drivers/STM32H7xx_HAL_Driver/Src/stm32h7xx_hal.o
                0x0000000020000140                uwTick
 COMMON         0x0000000020000144        0x9 /opt/st/stm32cubeide_1.7.0/plugins/com.st.stm32cube.ide.mcu.externaltools.gnu-tools-for-stm32.9-2020-q2-update.linux64_2.0.0.202105311346/tools/bin/../lib/gcc/arm-none-eabi/9.3.1/../../../../arm-none-eabi/lib/thumb/v7e-m+dp/hard/libc_nano.a(lib_a-lock.o)
                0x0000000020000144                __lock___atexit_recursive_mutex
                0x0000000020000145                __lock___arc4random_mutex
                0x0000000020000146                __lock___env_recursive_mutex
                0x0000000020000147                __lock___sinit_recursive_mutex
                0x0000000020000148                __lock___malloc_recursive_mutex
                0x0000000020000149                __lock___at_quick_exit_mutex
                0x000000002000014a                __lock___dd_hash_mutex
                0x000000002000014b                __lock___tz_mutex
                0x000000002000014c                __lock___sfp_recursive_mutex
 *fill*         0x000000002000014d        0x3 
 COMMON         0x0000000020000150        0x4 /opt/st/stm32cubeide_1.7.0/plugins/com.st.stm32cube.ide.mcu.externaltools.gnu-tools-for-stm32.9-2020-q2-update.linux64_2.0.0.202105311346/tools/bin/../lib/gcc/arm-none-eabi/9.3.1/../../../../arm-none-eabi/lib/thumb/v7e-m+dp/hard/libc_nano.a(lib_a-reent.o)
                0x0000000020000150                errno
                0x0000000020000154                . = ALIGN (0x4)
                0x0000000020000154                _ebss = .
                0x0000000020000154                __bss_end__ = _ebss

._user_heap_stack
                0x0000000020000154      0x604 load address 0x00000000080099e4
                0x0000000020000158                . = ALIGN (0x8)
 *fill*         0x0000000020000154        0x4 
                [!provide]                        PROVIDE (end = .)
                0x0000000020000158                PROVIDE (_end = .)
                0x0000000020000358                . = (. + _Min_Heap_Size)
 *fill*         0x0000000020000158      0x200 
                0x0000000020000758                . = (. + _Min_Stack_Size)
 *fill*         0x0000000020000358      0x400 
                0x0000000020000758                . = ALIGN (0x8)

/DISCARD/
 libc.a(*)
 libm.a(*)
 libgcc.a(*)

.ARM.attributes
                0x0000000000000000       0x2e
 *(.ARM.attributes)
 .ARM.attributes
                0x0000000000000000       0x1e /opt/st/stm32cubeide_1.7.0/plugins/com.st.stm32cube.ide.mcu.externaltools.gnu-tools-for-stm32.9-2020-q2-update.linux64_2.0.0.202105311346/tools/bin/../lib/gcc/arm-none-eabi/9.3.1/thumb/v7e-m+dp/hard/crti.o
 .ARM.attributes
                0x000000000000001e       0x32 /opt/st/stm32cubeide_1.7.0/plugins/com.st.stm32cube.ide.mcu.externaltools.gnu-tools-for-stm32.9-2020-q2-update.linux64_2.0.0.202105311346/tools/bin/../lib/gcc/arm-none-eabi/9.3.1/thumb/v7e-m+dp/hard/crtbegin.o
 .ARM.attributes
                0x0000000000000050       0x32 ./Core/Src/cppmain.o
 .ARM.attributes
                0x0000000000000082       0x32 ./Core/Src/dac.o
 .ARM.attributes
                0x00000000000000b4       0x32 ./Core/Src/gpio.o
 .ARM.attributes
                0x00000000000000e6       0x32 ./Core/Src/main.o
 .ARM.attributes
                0x0000000000000118       0x32 ./Core/Src/spi.o
 .ARM.attributes
                0x000000000000014a       0x32 ./Core/Src/stm32h7_st7735.o
 .ARM.attributes
                0x000000000000017c       0x32 ./Core/Src/stm32h7xx_hal_msp.o
 .ARM.attributes
                0x00000000000001ae       0x32 ./Core/Src/stm32h7xx_it.o
 .ARM.attributes
                0x00000000000001e0       0x32 ./Core/Src/syscalls.o
 .ARM.attributes
                0x0000000000000212       0x32 ./Core/Src/sysmem.o
 .ARM.attributes
                0x0000000000000244       0x32 ./Core/Src/system_stm32h7xx.o
 .ARM.attributes
                0x0000000000000276       0x21 ./Core/Startup/startup_stm32h743vitx.o
 .ARM.attributes
                0x0000000000000297       0x32 ./Drivers/STM32H7xx_HAL_Driver/Src/stm32h7xx_hal.o
 .ARM.attributes
                0x00000000000002c9       0x32 ./Drivers/STM32H7xx_HAL_Driver/Src/stm32h7xx_hal_cortex.o
 .ARM.attributes
                0x00000000000002fb       0x32 ./Drivers/STM32H7xx_HAL_Driver/Src/stm32h7xx_hal_dac.o
 .ARM.attributes
                0x000000000000032d       0x32 ./Drivers/STM32H7xx_HAL_Driver/Src/stm32h7xx_hal_gpio.o
 .ARM.attributes
                0x000000000000035f       0x32 ./Drivers/STM32H7xx_HAL_Driver/Src/stm32h7xx_hal_pwr_ex.o
 .ARM.attributes
                0x0000000000000391       0x32 ./Drivers/STM32H7xx_HAL_Driver/Src/stm32h7xx_hal_rcc.o
 .ARM.attributes
                0x00000000000003c3       0x32 ./Drivers/STM32H7xx_HAL_Driver/Src/stm32h7xx_hal_rcc_ex.o
 .ARM.attributes
                0x00000000000003f5       0x32 ./Drivers/STM32H7xx_HAL_Driver/Src/stm32h7xx_hal_spi.o
 .ARM.attributes
                0x0000000000000427       0x32 ./fgl/buffered_pencil.o
 .ARM.attributes
                0x0000000000000459       0x32 ./fgl/color.o
 .ARM.attributes
                0x000000000000048b       0x32 ./fgl/pencil.o
 .ARM.attributes
                0x00000000000004bd       0x32 ./fgl/displays/ST7735.o
 .ARM.attributes
                0x00000000000004ef       0x32 ./fgl/displays/display.o
 .ARM.attributes
                0x0000000000000521       0x32 /opt/st/stm32cubeide_1.7.0/plugins/com.st.stm32cube.ide.mcu.externaltools.gnu-tools-for-stm32.9-2020-q2-update.linux64_2.0.0.202105311346/tools/bin/../lib/gcc/arm-none-eabi/9.3.1/../../../../arm-none-eabi/lib/thumb/v7e-m+dp/hard/libstdc++_nano.a(del_ops.o)
 .ARM.attributes
                0x0000000000000553       0x32 /opt/st/stm32cubeide_1.7.0/plugins/com.st.stm32cube.ide.mcu.externaltools.gnu-tools-for-stm32.9-2020-q2-update.linux64_2.0.0.202105311346/tools/bin/../lib/gcc/arm-none-eabi/9.3.1/../../../../arm-none-eabi/lib/thumb/v7e-m+dp/hard/libstdc++_nano.a(new_op.o)
 .ARM.attributes
                0x0000000000000585       0x32 /opt/st/stm32cubeide_1.7.0/plugins/com.st.stm32cube.ide.mcu.externaltools.gnu-tools-for-stm32.9-2020-q2-update.linux64_2.0.0.202105311346/tools/bin/../lib/gcc/arm-none-eabi/9.3.1/../../../../arm-none-eabi/lib/thumb/v7e-m+dp/hard/libstdc++_nano.a(pure.o)
 .ARM.attributes
                0x00000000000005b7       0x32 /opt/st/stm32cubeide_1.7.0/plugins/com.st.stm32cube.ide.mcu.externaltools.gnu-tools-for-stm32.9-2020-q2-update.linux64_2.0.0.202105311346/tools/bin/../lib/gcc/arm-none-eabi/9.3.1/../../../../arm-none-eabi/lib/thumb/v7e-m+dp/hard/libstdc++_nano.a(del_op.o)
 .ARM.attributes
                0x00000000000005e9       0x32 /opt/st/stm32cubeide_1.7.0/plugins/com.st.stm32cube.ide.mcu.externaltools.gnu-tools-for-stm32.9-2020-q2-update.linux64_2.0.0.202105311346/tools/bin/../lib/gcc/arm-none-eabi/9.3.1/../../../../arm-none-eabi/lib/thumb/v7e-m+dp/hard/libstdc++_nano.a(eh_terminate.o)
 .ARM.attributes
                0x000000000000061b       0x32 /opt/st/stm32cubeide_1.7.0/plugins/com.st.stm32cube.ide.mcu.externaltools.gnu-tools-for-stm32.9-2020-q2-update.linux64_2.0.0.202105311346/tools/bin/../lib/gcc/arm-none-eabi/9.3.1/../../../../arm-none-eabi/lib/thumb/v7e-m+dp/hard/libstdc++_nano.a(new_handler.o)
 .ARM.attributes
                0x000000000000064d       0x30 /opt/st/stm32cubeide_1.7.0/plugins/com.st.stm32cube.ide.mcu.externaltools.gnu-tools-for-stm32.9-2020-q2-update.linux64_2.0.0.202105311346/tools/bin/../lib/gcc/arm-none-eabi/9.3.1/../../../../arm-none-eabi/lib/thumb/v7e-m+dp/hard/libstdc++_nano.a(eh_term_handler.o)
 .ARM.attributes
                0x000000000000067d       0x32 /opt/st/stm32cubeide_1.7.0/plugins/com.st.stm32cube.ide.mcu.externaltools.gnu-tools-for-stm32.9-2020-q2-update.linux64_2.0.0.202105311346/tools/bin/../lib/gcc/arm-none-eabi/9.3.1/../../../../arm-none-eabi/lib/thumb/v7e-m+dp/hard/libm.a(lib_a-cosf.o)
 .ARM.attributes
                0x00000000000006af       0x32 /opt/st/stm32cubeide_1.7.0/plugins/com.st.stm32cube.ide.mcu.externaltools.gnu-tools-for-stm32.9-2020-q2-update.linux64_2.0.0.202105311346/tools/bin/../lib/gcc/arm-none-eabi/9.3.1/../../../../arm-none-eabi/lib/thumb/v7e-m+dp/hard/libm.a(lib_a-math_errf.o)
 .ARM.attributes
                0x00000000000006e1       0x32 /opt/st/stm32cubeide_1.7.0/plugins/com.st.stm32cube.ide.mcu.externaltools.gnu-tools-for-stm32.9-2020-q2-update.linux64_2.0.0.202105311346/tools/bin/../lib/gcc/arm-none-eabi/9.3.1/../../../../arm-none-eabi/lib/thumb/v7e-m+dp/hard/libm.a(lib_a-s_sin.o)
 .ARM.attributes
                0x0000000000000713       0x32 /opt/st/stm32cubeide_1.7.0/plugins/com.st.stm32cube.ide.mcu.externaltools.gnu-tools-for-stm32.9-2020-q2-update.linux64_2.0.0.202105311346/tools/bin/../lib/gcc/arm-none-eabi/9.3.1/../../../../arm-none-eabi/lib/thumb/v7e-m+dp/hard/libm.a(lib_a-sf_floor.o)
 .ARM.attributes
                0x0000000000000745       0x32 /opt/st/stm32cubeide_1.7.0/plugins/com.st.stm32cube.ide.mcu.externaltools.gnu-tools-for-stm32.9-2020-q2-update.linux64_2.0.0.202105311346/tools/bin/../lib/gcc/arm-none-eabi/9.3.1/../../../../arm-none-eabi/lib/thumb/v7e-m+dp/hard/libm.a(lib_a-sf_round.o)
 .ARM.attributes
                0x0000000000000777       0x30 /opt/st/stm32cubeide_1.7.0/plugins/com.st.stm32cube.ide.mcu.externaltools.gnu-tools-for-stm32.9-2020-q2-update.linux64_2.0.0.202105311346/tools/bin/../lib/gcc/arm-none-eabi/9.3.1/../../../../arm-none-eabi/lib/thumb/v7e-m+dp/hard/libm.a(lib_a-sincosf_data.o)
 .ARM.attributes
                0x00000000000007a7       0x32 /opt/st/stm32cubeide_1.7.0/plugins/com.st.stm32cube.ide.mcu.externaltools.gnu-tools-for-stm32.9-2020-q2-update.linux64_2.0.0.202105311346/tools/bin/../lib/gcc/arm-none-eabi/9.3.1/../../../../arm-none-eabi/lib/thumb/v7e-m+dp/hard/libm.a(lib_a-sinf.o)
 .ARM.attributes
                0x00000000000007d9       0x32 /opt/st/stm32cubeide_1.7.0/plugins/com.st.stm32cube.ide.mcu.externaltools.gnu-tools-for-stm32.9-2020-q2-update.linux64_2.0.0.202105311346/tools/bin/../lib/gcc/arm-none-eabi/9.3.1/../../../../arm-none-eabi/lib/thumb/v7e-m+dp/hard/libm.a(lib_a-e_rem_pio2.o)
 .ARM.attributes
                0x000000000000080b       0x32 /opt/st/stm32cubeide_1.7.0/plugins/com.st.stm32cube.ide.mcu.externaltools.gnu-tools-for-stm32.9-2020-q2-update.linux64_2.0.0.202105311346/tools/bin/../lib/gcc/arm-none-eabi/9.3.1/../../../../arm-none-eabi/lib/thumb/v7e-m+dp/hard/libm.a(lib_a-k_cos.o)
 .ARM.attributes