Archive member included to satisfy reference by file (symbol)

/opt/st/stm32cubeide_1.7.0/plugins/com.st.stm32cube.ide.mcu.externaltools.gnu-tools-for-stm32.9-2020-q2-update.linux64_2.0.0.202105311346/tools/bin/../lib/gcc/arm-none-eabi/9.3.1/../../../../arm-none-eabi/lib/thumb/v7e-m+dp/hard/libc_nano.a(lib_a-errno.o)
                              ./Core/Src/syscalls.o (__errno)
/opt/st/stm32cubeide_1.7.0/plugins/com.st.stm32cube.ide.mcu.externaltools.gnu-tools-for-stm32.9-2020-q2-update.linux64_2.0.0.202105311346/tools/bin/../lib/gcc/arm-none-eabi/9.3.1/../../../../arm-none-eabi/lib/thumb/v7e-m+dp/hard/libc_nano.a(lib_a-exit.o)
                              /opt/st/stm32cubeide_1.7.0/plugins/com.st.stm32cube.ide.mcu.externaltools.gnu-tools-for-stm32.9-2020-q2-update.linux64_2.0.0.202105311346/tools/bin/../lib/gcc/arm-none-eabi/9.3.1/../../../../arm-none-eabi/lib/thumb/v7e-m+dp/hard/crt0.o (exit)
/opt/st/stm32cubeide_1.7.0/plugins/com.st.stm32cube.ide.mcu.externaltools.gnu-tools-for-stm32.9-2020-q2-update.linux64_2.0.0.202105311346/tools/bin/../lib/gcc/arm-none-eabi/9.3.1/../../../../arm-none-eabi/lib/thumb/v7e-m+dp/hard/libc_nano.a(lib_a-impure.o)
                              /opt/st/stm32cubeide_1.7.0/plugins/com.st.stm32cube.ide.mcu.externaltools.gnu-tools-for-stm32.9-2020-q2-update.linux64_2.0.0.202105311346/tools/bin/../lib/gcc/arm-none-eabi/9.3.1/../../../../arm-none-eabi/lib/thumb/v7e-m+dp/hard/libc_nano.a(lib_a-exit.o) (_global_impure_ptr)
/opt/st/stm32cubeide_1.7.0/plugins/com.st.stm32cube.ide.mcu.externaltools.gnu-tools-for-stm32.9-2020-q2-update.linux64_2.0.0.202105311346/tools/bin/../lib/gcc/arm-none-eabi/9.3.1/../../../../arm-none-eabi/lib/thumb/v7e-m+dp/hard/libc_nano.a(lib_a-init.o)
                              /opt/st/stm32cubeide_1.7.0/plugins/com.st.stm32cube.ide.mcu.externaltools.gnu-tools-for-stm32.9-2020-q2-update.linux64_2.0.0.202105311346/tools/bin/../lib/gcc/arm-none-eabi/9.3.1/../../../../arm-none-eabi/lib/thumb/v7e-m+dp/hard/crt0.o (__libc_init_array)
/opt/st/stm32cubeide_1.7.0/plugins/com.st.stm32cube.ide.mcu.externaltools.gnu-tools-for-stm32.9-2020-q2-update.linux64_2.0.0.202105311346/tools/bin/../lib/gcc/arm-none-eabi/9.3.1/../../../../arm-none-eabi/lib/thumb/v7e-m+dp/hard/libc_nano.a(lib_a-memset.o)
                              /opt/st/stm32cubeide_1.7.0/plugins/com.st.stm32cube.ide.mcu.externaltools.gnu-tools-for-stm32.9-2020-q2-update.linux64_2.0.0.202105311346/tools/bin/../lib/gcc/arm-none-eabi/9.3.1/../../../../arm-none-eabi/lib/thumb/v7e-m+dp/hard/crt0.o (memset)

Allocating common symbols
Common symbol       size              file

hdac1               0x14              ./Core/Src/dac.o
uwTick              0x4               ./Drivers/STM32H7xx_HAL_Driver/Src/stm32h7xx_hal.o
pFlash              0x1c              ./Drivers/STM32H7xx_HAL_Driver/Src/stm32h7xx_hal_flash.o
hspi1               0x88              ./Core/Src/spi.o

Discarded input sections

 .text          0x0000000000000000        0x0 /opt/st/stm32cubeide_1.7.0/plugins/com.st.stm32cube.ide.mcu.externaltools.gnu-tools-for-stm32.9-2020-q2-update.linux64_2.0.0.202105311346/tools/bin/../lib/gcc/arm-none-eabi/9.3.1/thumb/v7e-m+dp/hard/crti.o
 .data          0x0000000000000000        0x0 /opt/st/stm32cubeide_1.7.0/plugins/com.st.stm32cube.ide.mcu.externaltools.gnu-tools-for-stm32.9-2020-q2-update.linux64_2.0.0.202105311346/tools/bin/../lib/gcc/arm-none-eabi/9.3.1/thumb/v7e-m+dp/hard/crti.o
 .bss           0x0000000000000000        0x0 /opt/st/stm32cubeide_1.7.0/plugins/com.st.stm32cube.ide.mcu.externaltools.gnu-tools-for-stm32.9-2020-q2-update.linux64_2.0.0.202105311346/tools/bin/../lib/gcc/arm-none-eabi/9.3.1/thumb/v7e-m+dp/hard/crti.o
 .data          0x0000000000000000        0x4 /opt/st/stm32cubeide_1.7.0/plugins/com.st.stm32cube.ide.mcu.externaltools.gnu-tools-for-stm32.9-2020-q2-update.linux64_2.0.0.202105311346/tools/bin/../lib/gcc/arm-none-eabi/9.3.1/thumb/v7e-m+dp/hard/crtbegin.o
 .text          0x0000000000000000       0x7c /opt/st/stm32cubeide_1.7.0/plugins/com.st.stm32cube.ide.mcu.externaltools.gnu-tools-for-stm32.9-2020-q2-update.linux64_2.0.0.202105311346/tools/bin/../lib/gcc/arm-none-eabi/9.3.1/../../../../arm-none-eabi/lib/thumb/v7e-m+dp/hard/crt0.o
 .data          0x0000000000000000        0x0 /opt/st/stm32cubeide_1.7.0/plugins/com.st.stm32cube.ide.mcu.externaltools.gnu-tools-for-stm32.9-2020-q2-update.linux64_2.0.0.202105311346/tools/bin/../lib/gcc/arm-none-eabi/9.3.1/../../../../arm-none-eabi/lib/thumb/v7e-m+dp/hard/crt0.o
 .bss           0x0000000000000000        0x0 /opt/st/stm32cubeide_1.7.0/plugins/com.st.stm32cube.ide.mcu.externaltools.gnu-tools-for-stm32.9-2020-q2-update.linux64_2.0.0.202105311346/tools/bin/../lib/gcc/arm-none-eabi/9.3.1/../../../../arm-none-eabi/lib/thumb/v7e-m+dp/hard/crt0.o
[...]
Memory Configuration

Name             Origin             Length             Attributes
FLASH            0x0000000008000000 0x0000000000200000 xr
RAM              0x0000000020000000 0x0000000000020000 xrw
RAM_D1           0x0000000024000000 0x0000000000080000 xrw
RAM_D2           0x0000000030000000 0x0000000000048000 xrw
RAM_D3           0x0000000038000000 0x0000000000010000 xrw
ITCMRAM          0x0000000000000000 0x0000000000010000 xrw
*default*        0x0000000000000000 0xffffffffffffffff

Linker script and memory map

LOAD /opt/st/stm32cubeide_1.7.0/plugins/com.st.stm32cube.ide.mcu.externaltools.gnu-tools-for-stm32.9-2020-q2-update.linux64_2.0.0.202105311346/tools/bin/../lib/gcc/arm-none-eabi/9.3.1/thumb/v7e-m+dp/hard/crti.o
LOAD /opt/st/stm32cubeide_1.7.0/plugins/com.st.stm32cube.ide.mcu.externaltools.gnu-tools-for-stm32.9-2020-q2-update.linux64_2.0.0.202105311346/tools/bin/../lib/gcc/arm-none-eabi/9.3.1/thumb/v7e-m+dp/hard/crtbegin.o
LOAD /opt/st/stm32cubeide_1.7.0/plugins/com.st.stm32cube.ide.mcu.externaltools.gnu-tools-for-stm32.9-2020-q2-update.linux64_2.0.0.202105311346/tools/bin/../lib/gcc/arm-none-eabi/9.3.1/../../../../arm-none-eabi/lib/thumb/v7e-m+dp/hard/crt0.o
LOAD ./Core/Src/dac.o
LOAD ./Core/Src/gpio.o
LOAD ./Core/Src/main.o
LOAD ./Core/Src/spi.o
LOAD ./Core/Src/stm32h7xx_hal_msp.o
LOAD ./Core/Src/stm32h7xx_it.o
LOAD ./Core/Src/syscalls.o
LOAD ./Core/Src/sysmem.o
LOAD ./Core/Src/system_stm32h7xx.o
LOAD ./Core/Startup/startup_stm32h743vitx.o
LOAD ./Drivers/STM32H7xx_HAL_Driver/Src/stm32h7xx_hal.o
LOAD ./Drivers/STM32H7xx_HAL_Driver/Src/stm32h7xx_hal_cortex.o
LOAD ./Drivers/STM32H7xx_HAL_Driver/Src/stm32h7xx_hal_dac.o
LOAD ./Drivers/STM32H7xx_HAL_Driver/Src/stm32h7xx_hal_dac_ex.o
LOAD ./Drivers/STM32H7xx_HAL_Driver/Src/stm32h7xx_hal_dma.o
LOAD ./Drivers/STM32H7xx_HAL_Driver/Src/stm32h7xx_hal_dma_ex.o
LOAD ./Drivers/STM32H7xx_HAL_Driver/Src/stm32h7xx_hal_exti.o
LOAD ./Drivers/STM32H7xx_HAL_Driver/Src/stm32h7xx_hal_flash.o
LOAD ./Drivers/STM32H7xx_HAL_Driver/Src/stm32h7xx_hal_flash_ex.o
LOAD ./Drivers/STM32H7xx_HAL_Driver/Src/stm32h7xx_hal_gpio.o
LOAD ./Drivers/STM32H7xx_HAL_Driver/Src/stm32h7xx_hal_hsem.o
LOAD ./Drivers/STM32H7xx_HAL_Driver/Src/stm32h7xx_hal_i2c.o
LOAD ./Drivers/STM32H7xx_HAL_Driver/Src/stm32h7xx_hal_i2c_ex.o
LOAD ./Drivers/STM32H7xx_HAL_Driver/Src/stm32h7xx_hal_mdma.o
LOAD ./Drivers/STM32H7xx_HAL_Driver/Src/stm32h7xx_hal_pwr.o
LOAD ./Drivers/STM32H7xx_HAL_Driver/Src/stm32h7xx_hal_pwr_ex.o
LOAD ./Drivers/STM32H7xx_HAL_Driver/Src/stm32h7xx_hal_rcc.o
LOAD ./Drivers/STM32H7xx_HAL_Driver/Src/stm32h7xx_hal_rcc_ex.o
LOAD ./Drivers/STM32H7xx_HAL_Driver/Src/stm32h7xx_hal_spi.o
LOAD ./Drivers/STM32H7xx_HAL_Driver/Src/stm32h7xx_hal_spi_ex.o
LOAD ./Drivers/STM32H7xx_HAL_Driver/Src/stm32h7xx_hal_tim.o
LOAD ./Drivers/STM32H7xx_HAL_Driver/Src/stm32h7xx_hal_tim_ex.o
START GROUP
LOAD /opt/st/stm32cubeide_1.7.0/plugins/com.st.stm32cube.ide.mcu.externaltools.gnu-tools-for-stm32.9-2020-q2-update.linux64_2.0.0.202105311346/tools/bin/../lib/gcc/arm-none-eabi/9.3.1/../../../../arm-none-eabi/lib/thumb/v7e-m+dp/hard/libstdc++_nano.a
LOAD /opt/st/stm32cubeide_1.7.0/plugins/com.st.stm32cube.ide.mcu.externaltools.gnu-tools-for-stm32.9-2020-q2-update.linux64_2.0.0.202105311346/tools/bin/../lib/gcc/arm-none-eabi/9.3.1/../../../../arm-none-eabi/lib/thumb/v7e-m+dp/hard/libsupc++_nano.a
END GROUP
LOAD /opt/st/stm32cubeide_1.7.0/plugins/com.st.stm32cube.ide.mcu.externaltools.gnu-tools-for-stm32.9-2020-q2-update.linux64_2.0.0.202105311346/tools/bin/../lib/gcc/arm-none-eabi/9.3.1/../../../../arm-none-eabi/lib/thumb/v7e-m+dp/hard/libstdc++_nano.a
LOAD /opt/st/stm32cubeide_1.7.0/plugins/com.st.stm32cube.ide.mcu.externaltools.gnu-tools-for-stm32.9-2020-q2-update.linux64_2.0.0.202105311346/tools/bin/../lib/gcc/arm-none-eabi/9.3.1/../../../../arm-none-eabi/lib/thumb/v7e-m+dp/hard/libm.a
LOAD /opt/st/stm32cubeide_1.7.0/plugins/com.st.stm32cube.ide.mcu.externaltools.gnu-tools-for-stm32.9-2020-q2-update.linux64_2.0.0.202105311346/tools/bin/../lib/gcc/arm-none-eabi/9.3.1/../../../../arm-none-eabi/lib/thumb/v7e-m+dp/hard/libc_nano.a
START GROUP
LOAD /opt/st/stm32cubeide_1.7.0/plugins/com.st.stm32cube.ide.mcu.externaltools.gnu-tools-for-stm32.9-2020-q2-update.linux64_2.0.0.202105311346/tools/bin/../lib/gcc/arm-none-eabi/9.3.1/thumb/v7e-m+dp/hard/libgcc.a
LOAD /opt/st/stm32cubeide_1.7.0/plugins/com.st.stm32cube.ide.mcu.externaltools.gnu-tools-for-stm32.9-2020-q2-update.linux64_2.0.0.202105311346/tools/bin/../lib/gcc/arm-none-eabi/9.3.1/../../../../arm-none-eabi/lib/thumb/v7e-m+dp/hard/libc_nano.a
END GROUP
START GROUP
LOAD /opt/st/stm32cubeide_1.7.0/plugins/com.st.stm32cube.ide.mcu.externaltools.gnu-tools-for-stm32.9-2020-q2-update.linux64_2.0.0.202105311346/tools/bin/../lib/gcc/arm-none-eabi/9.3.1/thumb/v7e-m+dp/hard/libgcc.a
LOAD /opt/st/stm32cubeide_1.7.0/plugins/com.st.stm32cube.ide.mcu.externaltools.gnu-tools-for-stm32.9-2020-q2-update.linux64_2.0.0.202105311346/tools/bin/../lib/gcc/arm-none-eabi/9.3.1/../../../../arm-none-eabi/lib/thumb/v7e-m+dp/hard/libc_nano.a
END GROUP
LOAD /opt/st/stm32cubeide_1.7.0/plugins/com.st.stm32cube.ide.mcu.externaltools.gnu-tools-for-stm32.9-2020-q2-update.linux64_2.0.0.202105311346/tools/bin/../lib/gcc/arm-none-eabi/9.3.1/thumb/v7e-m+dp/hard/crtend.o
LOAD /opt/st/stm32cubeide_1.7.0/plugins/com.st.stm32cube.ide.mcu.externaltools.gnu-tools-for-stm32.9-2020-q2-update.linux64_2.0.0.202105311346/tools/bin/../lib/gcc/arm-none-eabi/9.3.1/thumb/v7e-m+dp/hard/crtn.o
                0x0000000020020000                _estack = 0x20020000
                0x0000000000000200                _Min_Heap_Size = 0x200
                0x0000000000000400                _Min_Stack_Size = 0x400

.isr_vector     0x0000000008000000      0x298
                0x0000000008000000                . = ALIGN (0x4)
 *(.isr_vector)
 .isr_vector    0x0000000008000000      0x298 ./Core/Startup/startup_stm32h743vitx.o
                0x0000000008000000                g_pfnVectors
                0x0000000008000298                . = ALIGN (0x4)

.text           0x0000000008000298     0x48c8
                0x0000000008000298                . = ALIGN (0x4)
 *(.text)
 .text          0x0000000008000298       0x40 /opt/st/stm32cubeide_1.7.0/plugins/com.st.stm32cube.ide.mcu.externaltools.gnu-tools-for-stm32.9-2020-q2-update.linux64_2.0.0.202105311346/tools/bin/../lib/gcc/arm-none-eabi/9.3.1/thumb/v7e-m+dp/hard/crtbegin.o
 *(.text*)
 .text.MX_DAC1_Init
                0x00000000080002d8       0x64 ./Core/Src/dac.o
                0x00000000080002d8                MX_DAC1_Init
 .text.HAL_DAC_MspInit
                0x000000000800033c       0x44 ./Core/Src/dac.o
                0x000000000800033c                HAL_DAC_MspInit
 .text.MX_GPIO_Init
                0x0000000008000380      0x120 ./Core/Src/gpio.o
                0x0000000008000380                MX_GPIO_Init
 .text.main     0x00000000080004a0       0x1a ./Core/Src/main.o
                0x00000000080004a0                main
 *fill*         0x00000000080004ba        0x2 
 .text.SystemClock_Config
                0x00000000080004bc       0xfc ./Core/Src/main.o
                0x00000000080004bc                SystemClock_Config
 .text.Error_Handler
                0x00000000080005b8        0xa ./Core/Src/main.o
                0x00000000080005b8                Error_Handler
 .text.assert_failed
                0x00000000080005c2       0x16 ./Core/Src/main.o
                0x00000000080005c2                assert_failed
 .text.MX_SPI1_Init
                0x00000000080005d8       0xb0 ./Core/Src/spi.o
                0x00000000080005d8                MX_SPI1_Init
 .text.HAL_SPI_MspInit
                0x0000000008000688       0xc8 ./Core/Src/spi.o
                0x0000000008000688                HAL_SPI_MspInit
 .text.HAL_MspInit
                0x0000000008000750       0x34 ./Core/Src/stm32h7xx_hal_msp.o
                0x0000000008000750                HAL_MspInit
 .text.NMI_Handler
                0x0000000008000784        0x6 ./Core/Src/stm32h7xx_it.o
                0x0000000008000784                NMI_Handler
 .text.HardFault_Handler
                0x000000000800078a        0x6 ./Core/Src/stm32h7xx_it.o
                0x000000000800078a                HardFault_Handler
 .text.MemManage_Handler
                0x0000000008000790        0x6 ./Core/Src/stm32h7xx_it.o
                0x0000000008000790                MemManage_Handler
 .text.BusFault_Handler
                0x0000000008000796        0x6 ./Core/Src/stm32h7xx_it.o
                0x0000000008000796                BusFault_Handler
 .text.UsageFault_Handler
                0x000000000800079c        0x6 ./Core/Src/stm32h7xx_it.o
                0x000000000800079c                UsageFault_Handler
 .text.SVC_Handler
                0x00000000080007a2        0xe ./Core/Src/stm32h7xx_it.o
                0x00000000080007a2                SVC_Handler
 .text.DebugMon_Handler
                0x00000000080007b0        0xe ./Core/Src/stm32h7xx_it.o
                0x00000000080007b0                DebugMon_Handler
 .text.PendSV_Handler
                0x00000000080007be        0xe ./Core/Src/stm32h7xx_it.o
                0x00000000080007be                PendSV_Handler
 .text.SysTick_Handler
                0x00000000080007cc        0xc ./Core/Src/stm32h7xx_it.o
                0x00000000080007cc                SysTick_Handler
 .text.EXTI1_IRQHandler
                0x00000000080007d8        0xe ./Core/Src/stm32h7xx_it.o
                0x00000000080007d8                EXTI1_IRQHandler
 .text.EXTI2_IRQHandler
                0x00000000080007e6        0xe ./Core/Src/stm32h7xx_it.o
                0x00000000080007e6                EXTI2_IRQHandler
 .text.EXTI3_IRQHandler
                0x00000000080007f4        0xe ./Core/Src/stm32h7xx_it.o
                0x00000000080007f4                EXTI3_IRQHandler
 *fill*         0x0000000008000802        0x2 
 .text.SystemInit
                0x0000000008000804      0x118 ./Core/Src/system_stm32h7xx.o
                0x0000000008000804                SystemInit
 .text.Reset_Handler
                0x000000000800091c       0x50 ./Core/Startup/startup_stm32h743vitx.o
                0x000000000800091c                Reset_Handler
 .text.Default_Handler
                0x000000000800096c        0x2 ./Core/Startup/startup_stm32h743vitx.o
                0x000000000800096c                RTC_Alarm_IRQHandler
                0x000000000800096c                TIM8_CC_IRQHandler
                0x000000000800096c                HRTIM1_Master_IRQHandler
                0x000000000800096c                UART8_IRQHandler
                0x000000000800096c                SPI4_IRQHandler
                0x000000000800096c                TIM1_CC_IRQHandler
                0x000000000800096c                BDMA_Channel6_IRQHandler
                0x000000000800096c                DMA2_Stream5_IRQHandler
                0x000000000800096c                HRTIM1_FLT_IRQHandler
                0x000000000800096c                JPEG_IRQHandler
                0x000000000800096c                DMA1_Stream5_IRQHandler
                0x000000000800096c                BDMA_Channel1_IRQHandler
                0x000000000800096c                HRTIM1_TIMD_IRQHandler
                0x000000000800096c                TAMP_STAMP_IRQHandler
                0x000000000800096c                LPTIM4_IRQHandler
                0x000000000800096c                TIM8_TRG_COM_TIM14_IRQHandler
                0x000000000800096c                LPTIM2_IRQHandler
                0x000000000800096c                DFSDM1_FLT1_IRQHandler
                0x000000000800096c                DMAMUX2_OVR_IRQHandler
                0x000000000800096c                TIM8_UP_TIM13_IRQHandler
                0x000000000800096c                I2C3_ER_IRQHandler
                0x000000000800096c                DFSDM1_FLT2_IRQHandler
                0x000000000800096c                MDMA_IRQHandler
                0x000000000800096c                LPTIM3_IRQHandler
                0x000000000800096c                HSEM1_IRQHandler
                0x000000000800096c                EXTI0_IRQHandler
                0x000000000800096c                I2C2_EV_IRQHandler
                0x000000000800096c                DMA1_Stream2_IRQHandler
                0x000000000800096c                FPU_IRQHandler
                0x000000000800096c                OTG_HS_WKUP_IRQHandler
                0x000000000800096c                FDCAN1_IT1_IRQHandler
                0x000000000800096c                LTDC_ER_IRQHandler
                0x000000000800096c                DMA2_Stream2_IRQHandler
                0x000000000800096c                HRTIM1_TIME_IRQHandler
                0x000000000800096c                SPI1_IRQHandler
                0x000000000800096c                TIM6_DAC_IRQHandler
                0x000000000800096c                DCMI_IRQHandler
                0x000000000800096c                HRTIM1_TIMC_IRQHandler
                0x000000000800096c                DMA2_Stream3_IRQHandler
                0x000000000800096c                SAI2_IRQHandler
                0x000000000800096c                DFSDM1_FLT3_IRQHandler
                0x000000000800096c                USART6_IRQHandler
                0x000000000800096c                TIM17_IRQHandler
                0x000000000800096c                USART3_IRQHandler
                0x000000000800096c                BDMA_Channel7_IRQHandler
                0x000000000800096c                LPTIM5_IRQHandler
                0x000000000800096c                UART5_IRQHandler
                0x000000000800096c                ADC3_IRQHandler
                0x000000000800096c                DMA2_Stream0_IRQHandler
                0x000000000800096c                TIM4_IRQHandler
                0x000000000800096c                BDMA_Channel2_IRQHandler
                0x000000000800096c                QUADSPI_IRQHandler
                0x000000000800096c                I2C1_EV_IRQHandler
                0x000000000800096c                DMA1_Stream6_IRQHandler
                0x000000000800096c                DMAMUX1_OVR_IRQHandler
                0x000000000800096c                DMA1_Stream1_IRQHandler
                0x000000000800096c                TIM16_IRQHandler
                0x000000000800096c                UART4_IRQHandler
                0x000000000800096c                BDMA_Channel5_IRQHandler
                0x000000000800096c                TIM3_IRQHandler
                0x000000000800096c                RCC_IRQHandler
                0x000000000800096c                TIM8_BRK_TIM12_IRQHandler
                0x000000000800096c                TIM1_TRG_COM_IRQHandler
                0x000000000800096c                Default_Handler
                0x000000000800096c                ECC_IRQHandler
                0x000000000800096c                CEC_IRQHandler
                0x000000000800096c                EXTI15_10_IRQHandler
                0x000000000800096c                BDMA_Channel0_IRQHandler
                0x000000000800096c                ADC_IRQHandler
                0x000000000800096c                DMA1_Stream7_IRQHandler
                0x000000000800096c                HRTIM1_TIMA_IRQHandler
                0x000000000800096c                SPI5_IRQHandler
                0x000000000800096c                TIM7_IRQHandler
                0x000000000800096c                SDMMC1_IRQHandler
                0x000000000800096c                TIM5_IRQHandler
                0x000000000800096c                DMA2_Stream7_IRQHandler
                0x000000000800096c                TIM15_IRQHandler
                0x000000000800096c                PVD_AVD_IRQHandler
                0x000000000800096c                I2C3_EV_IRQHandler
                0x000000000800096c                EXTI9_5_IRQHandler
                0x000000000800096c                RTC_WKUP_IRQHandler
                0x000000000800096c                LTDC_IRQHandler
                0x000000000800096c                SAI3_IRQHandler
                0x000000000800096c                ETH_WKUP_IRQHandler
                0x000000000800096c                SPDIF_RX_IRQHandler
                0x000000000800096c                SPI2_IRQHandler
                0x000000000800096c                OTG_HS_EP1_IN_IRQHandler
                0x000000000800096c                DMA1_Stream0_IRQHandler
                0x000000000800096c                CRS_IRQHandler
                0x000000000800096c                EXTI4_IRQHandler
                0x000000000800096c                RNG_IRQHandler
                0x000000000800096c                HRTIM1_TIMB_IRQHandler
                0x000000000800096c                FDCAN2_IT1_IRQHandler
                0x000000000800096c                ETH_IRQHandler
                0x000000000800096c                TIM1_UP_IRQHandler
                0x000000000800096c                BDMA_Channel4_IRQHandler
                0x000000000800096c                OTG_HS_EP1_OUT_IRQHandler
                0x000000000800096c                WWDG_IRQHandler
                0x000000000800096c                SPI6_IRQHandler
                0x000000000800096c                MDIOS_IRQHandler
                0x000000000800096c                I2C4_EV_IRQHandler
                0x000000000800096c                FDCAN2_IT0_IRQHandler
                0x000000000800096c                LPUART1_IRQHandler
                0x000000000800096c                FDCAN1_IT0_IRQHandler
                0x000000000800096c                TIM2_IRQHandler
                0x000000000800096c                OTG_FS_WKUP_IRQHandler
                0x000000000800096c                OTG_HS_IRQHandler
                0x000000000800096c                DMA2D_IRQHandler
                0x000000000800096c                TIM1_BRK_IRQHandler
                0x000000000800096c                SDMMC2_IRQHandler
                0x000000000800096c                OTG_FS_EP1_OUT_IRQHandler
                0x000000000800096c                BDMA_Channel3_IRQHandler
                0x000000000800096c                UART7_IRQHandler
                0x000000000800096c                MDIOS_WKUP_IRQHandler
                0x000000000800096c                USART2_IRQHandler
                0x000000000800096c                DFSDM1_FLT0_IRQHandler
                0x000000000800096c                SAI4_IRQHandler
                0x000000000800096c                I2C2_ER_IRQHandler
                0x000000000800096c                DMA2_Stream1_IRQHandler
                0x000000000800096c                FLASH_IRQHandler
                0x000000000800096c                DMA2_Stream4_IRQHandler
                0x000000000800096c                USART1_IRQHandler
                0x000000000800096c                OTG_FS_IRQHandler
                0x000000000800096c                SPI3_IRQHandler
                0x000000000800096c                WAKEUP_PIN_IRQHandler
                0x000000000800096c                DMA1_Stream4_IRQHandler
                0x000000000800096c                OTG_FS_EP1_IN_IRQHandler
                0x000000000800096c                I2C1_ER_IRQHandler
                0x000000000800096c                FMC_IRQHandler
                0x000000000800096c                FDCAN_CAL_IRQHandler
                0x000000000800096c                SWPMI1_IRQHandler
                0x000000000800096c                COMP1_IRQHandler
                0x000000000800096c                LPTIM1_IRQHandler
                0x000000000800096c                I2C4_ER_IRQHandler
                0x000000000800096c                DMA2_Stream6_IRQHandler
                0x000000000800096c                SAI1_IRQHandler
                0x000000000800096c                DMA1_Stream3_IRQHandler
 *fill*         0x000000000800096e        0x2 
 .text.HAL_Init
                0x0000000008000970       0x78 ./Drivers/STM32H7xx_HAL_Driver/Src/stm32h7xx_hal.o
                0x0000000008000970                HAL_Init
 .text.HAL_InitTick
                0x00000000080009e8       0x6c ./Drivers/STM32H7xx_HAL_Driver/Src/stm32h7xx_hal.o
                0x00000000080009e8                HAL_InitTick
 .text.HAL_IncTick
                0x0000000008000a54       0x28 ./Drivers/STM32H7xx_HAL_Driver/Src/stm32h7xx_hal.o
                0x0000000008000a54                HAL_IncTick
 .text.HAL_GetTick
                0x0000000008000a7c       0x18 ./Drivers/STM32H7xx_HAL_Driver/Src/stm32h7xx_hal.o
                0x0000000008000a7c                HAL_GetTick
 .text.HAL_Delay
                0x0000000008000a94       0x48 ./Drivers/STM32H7xx_HAL_Driver/Src/stm32h7xx_hal.o
                0x0000000008000a94                HAL_Delay
 .text.HAL_GetREVID
                0x0000000008000adc       0x18 ./Drivers/STM32H7xx_HAL_Driver/Src/stm32h7xx_hal.o
                0x0000000008000adc                HAL_GetREVID
 .text.__NVIC_SetPriorityGrouping
                0x0000000008000af4       0x48 ./Drivers/STM32H7xx_HAL_Driver/Src/stm32h7xx_hal_cortex.o
 .text.__NVIC_GetPriorityGrouping
                0x0000000008000b3c       0x1c ./Drivers/STM32H7xx_HAL_Driver/Src/stm32h7xx_hal_cortex.o
 .text.__NVIC_EnableIRQ
                0x0000000008000b58       0x3c ./Drivers/STM32H7xx_HAL_Driver/Src/stm32h7xx_hal_cortex.o
 .text.__NVIC_SetPriority
                0x0000000008000b94       0x54 ./Drivers/STM32H7xx_HAL_Driver/Src/stm32h7xx_hal_cortex.o
 .text.NVIC_EncodePriority
                0x0000000008000be8       0x66 ./Drivers/STM32H7xx_HAL_Driver/Src/stm32h7xx_hal_cortex.o
 *fill*         0x0000000008000c4e        0x2 
 .text.SysTick_Config
                0x0000000008000c50       0x44 ./Drivers/STM32H7xx_HAL_Driver/Src/stm32h7xx_hal_cortex.o
 .text.HAL_NVIC_SetPriorityGrouping
                0x0000000008000c94       0x40 ./Drivers/STM32H7xx_HAL_Driver/Src/stm32h7xx_hal_cortex.o
                0x0000000008000c94                HAL_NVIC_SetPriorityGrouping
 .text.HAL_NVIC_SetPriority
                0x0000000008000cd4       0x54 ./Drivers/STM32H7xx_HAL_Driver/Src/stm32h7xx_hal_cortex.o
                0x0000000008000cd4                HAL_NVIC_SetPriority
 .text.HAL_NVIC_EnableIRQ
                0x0000000008000d28       0x30 ./Drivers/STM32H7xx_HAL_Driver/Src/stm32h7xx_hal_cortex.o
                0x0000000008000d28                HAL_NVIC_EnableIRQ
 .text.HAL_SYSTICK_Config
                0x0000000008000d58       0x18 ./Drivers/STM32H7xx_HAL_Driver/Src/stm32h7xx_hal_cortex.o
                0x0000000008000d58                HAL_SYSTICK_Config
 .text.HAL_DAC_Init
                0x0000000008000d70       0x60 ./Drivers/STM32H7xx_HAL_Driver/Src/stm32h7xx_hal_dac.o
                0x0000000008000d70                HAL_DAC_Init
 .text.HAL_DAC_ConfigChannel
                0x0000000008000dd0      0x3c8 ./Drivers/STM32H7xx_HAL_Driver/Src/stm32h7xx_hal_dac.o
                0x0000000008000dd0                HAL_DAC_ConfigChannel
 .text.HAL_GPIO_Init
                0x0000000008001198      0x560 ./Drivers/STM32H7xx_HAL_Driver/Src/stm32h7xx_hal_gpio.o
                0x0000000008001198                HAL_GPIO_Init
 .text.HAL_GPIO_WritePin
                0x00000000080016f8       0x68 ./Drivers/STM32H7xx_HAL_Driver/Src/stm32h7xx_hal_gpio.o
                0x00000000080016f8                HAL_GPIO_WritePin
 .text.HAL_GPIO_EXTI_IRQHandler
                0x0000000008001760       0x34 ./Drivers/STM32H7xx_HAL_Driver/Src/stm32h7xx_hal_gpio.o
                0x0000000008001760                HAL_GPIO_EXTI_IRQHandler
 .text.HAL_GPIO_EXTI_Callback
                0x0000000008001794       0x16 ./Drivers/STM32H7xx_HAL_Driver/Src/stm32h7xx_hal_gpio.o
                0x0000000008001794                HAL_GPIO_EXTI_Callback
 *fill*         0x00000000080017aa        0x2 
 .text.HAL_PWREx_ConfigSupply
                0x00000000080017ac       0x8c ./Drivers/STM32H7xx_HAL_Driver/Src/stm32h7xx_hal_pwr_ex.o
                0x00000000080017ac                HAL_PWREx_ConfigSupply
 .text.HAL_RCC_OscConfig
                0x0000000008001838      0xab0 ./Drivers/STM32H7xx_HAL_Driver/Src/stm32h7xx_hal_rcc.o
                0x0000000008001838                HAL_RCC_OscConfig
 .text.HAL_RCC_ClockConfig
                0x00000000080022e8      0x6e0 ./Drivers/STM32H7xx_HAL_Driver/Src/stm32h7xx_hal_rcc.o
                0x00000000080022e8                HAL_RCC_ClockConfig
 .text.HAL_RCC_GetSysClockFreq
                0x00000000080029c8      0x2f4 ./Drivers/STM32H7xx_HAL_Driver/Src/stm32h7xx_hal_rcc.o
                0x00000000080029c8                HAL_RCC_GetSysClockFreq
 .text.HAL_RCCEx_PeriphCLKConfig
                0x0000000008002cbc     0x1418 ./Drivers/STM32H7xx_HAL_Driver/Src/stm32h7xx_hal_rcc_ex.o
                0x0000000008002cbc                HAL_RCCEx_PeriphCLKConfig
 .text.RCCEx_PLL2_Config
                0x00000000080040d4      0x244 ./Drivers/STM32H7xx_HAL_Driver/Src/stm32h7xx_hal_rcc_ex.o
 .text.RCCEx_PLL3_Config
                0x0000000008004318      0x24c ./Drivers/STM32H7xx_HAL_Driver/Src/stm32h7xx_hal_rcc_ex.o
 .text.HAL_SPI_Init
                0x0000000008004564      0x554 ./Drivers/STM32H7xx_HAL_Driver/Src/stm32h7xx_hal_spi.o
                0x0000000008004564                HAL_SPI_Init
 .text.SPI_GetPacketSize
                0x0000000008004ab8       0x36 ./Drivers/STM32H7xx_HAL_Driver/Src/stm32h7xx_hal_spi.o
 *fill*         0x0000000008004aee        0x2 
 .text.__libc_init_array
                0x0000000008004af0       0x48 /opt/st/stm32cubeide_1.7.0/plugins/com.st.stm32cube.ide.mcu.externaltools.gnu-tools-for-stm32.9-2020-q2-update.linux64_2.0.0.202105311346/tools/bin/../lib/gcc/arm-none-eabi/9.3.1/../../../../arm-none-eabi/lib/thumb/v7e-m+dp/hard/libc_nano.a(lib_a-init.o)
                0x0000000008004af0                __libc_init_array
 .text.memset   0x0000000008004b38       0x10 /opt/st/stm32cubeide_1.7.0/plugins/com.st.stm32cube.ide.mcu.externaltools.gnu-tools-for-stm32.9-2020-q2-update.linux64_2.0.0.202105311346/tools/bin/../lib/gcc/arm-none-eabi/9.3.1/../../../../arm-none-eabi/lib/thumb/v7e-m+dp/hard/libc_nano.a(lib_a-memset.o)
                0x0000000008004b38                memset
 *(.glue_7)
 .glue_7        0x0000000008004b48        0x0 linker stubs
 *(.glue_7t)
 .glue_7t       0x0000000008004b48        0x0 linker stubs
 *(.eh_frame)
 .eh_frame      0x0000000008004b48        0x0 /opt/st/stm32cubeide_1.7.0/plugins/com.st.stm32cube.ide.mcu.externaltools.gnu-tools-for-stm32.9-2020-q2-update.linux64_2.0.0.202105311346/tools/bin/../lib/gcc/arm-none-eabi/9.3.1/thumb/v7e-m+dp/hard/crtbegin.o
 *(.init)
 .init          0x0000000008004b48        0x4 /opt/st/stm32cubeide_1.7.0/plugins/com.st.stm32cube.ide.mcu.externaltools.gnu-tools-for-stm32.9-2020-q2-update.linux64_2.0.0.202105311346/tools/bin/../lib/gcc/arm-none-eabi/9.3.1/thumb/v7e-m+dp/hard/crti.o
                0x0000000008004b48                _init
 .init          0x0000000008004b4c        0x8 /opt/st/stm32cubeide_1.7.0/plugins/com.st.stm32cube.ide.mcu.externaltools.gnu-tools-for-stm32.9-2020-q2-update.linux64_2.0.0.202105311346/tools/bin/../lib/gcc/arm-none-eabi/9.3.1/thumb/v7e-m+dp/hard/crtn.o
 *(.fini)
 .fini          0x0000000008004b54        0x4 /opt/st/stm32cubeide_1.7.0/plugins/com.st.stm32cube.ide.mcu.externaltools.gnu-tools-for-stm32.9-2020-q2-update.linux64_2.0.0.202105311346/tools/bin/../lib/gcc/arm-none-eabi/9.3.1/thumb/v7e-m+dp/hard/crti.o
                0x0000000008004b54                _fini
 .fini          0x0000000008004b58        0x8 /opt/st/stm32cubeide_1.7.0/plugins/com.st.stm32cube.ide.mcu.externaltools.gnu-tools-for-stm32.9-2020-q2-update.linux64_2.0.0.202105311346/tools/bin/../lib/gcc/arm-none-eabi/9.3.1/thumb/v7e-m+dp/hard/crtn.o
                0x0000000008004b60                . = ALIGN (0x4)
                0x0000000008004b60                _etext = .

.vfp11_veneer   0x0000000008004b60        0x0
 .vfp11_veneer  0x0000000008004b60        0x0 linker stubs

.v4_bx          0x0000000008004b60        0x0
 .v4_bx         0x0000000008004b60        0x0 linker stubs

.iplt           0x0000000008004b60        0x0
 .iplt          0x0000000008004b60        0x0 /opt/st/stm32cubeide_1.7.0/plugins/com.st.stm32cube.ide.mcu.externaltools.gnu-tools-for-stm32.9-2020-q2-update.linux64_2.0.0.202105311346/tools/bin/../lib/gcc/arm-none-eabi/9.3.1/thumb/v7e-m+dp/hard/crtbegin.o

.rodata         0x0000000008004b60      0x1a8
                0x0000000008004b60                . = ALIGN (0x4)
 *(.rodata)
 .rodata        0x0000000008004b60       0x3b ./Drivers/STM32H7xx_HAL_Driver/Src/stm32h7xx_hal_cortex.o
 *fill*         0x0000000008004b9b        0x1 
 .rodata        0x0000000008004b9c       0x38 ./Drivers/STM32H7xx_HAL_Driver/Src/stm32h7xx_hal_dac.o
 .rodata        0x0000000008004bd4       0x39 ./Drivers/STM32H7xx_HAL_Driver/Src/stm32h7xx_hal_gpio.o
 *fill*         0x0000000008004c0d        0x3 
 .rodata        0x0000000008004c10       0x3b ./Drivers/STM32H7xx_HAL_Driver/Src/stm32h7xx_hal_pwr_ex.o
 *fill*         0x0000000008004c4b        0x1 
 .rodata        0x0000000008004c4c       0x38 ./Drivers/STM32H7xx_HAL_Driver/Src/stm32h7xx_hal_rcc.o
 .rodata        0x0000000008004c84       0x3b ./Drivers/STM32H7xx_HAL_Driver/Src/stm32h7xx_hal_rcc_ex.o
 *fill*         0x0000000008004cbf        0x1 
 .rodata        0x0000000008004cc0       0x38 ./Drivers/STM32H7xx_HAL_Driver/Src/stm32h7xx_hal_spi.o
 *(.rodata*)
 .rodata.D1CorePrescTable
                0x0000000008004cf8       0x10 ./Core/Src/system_stm32h7xx.o
                0x0000000008004cf8                D1CorePrescTable
                0x0000000008004d08                . = ALIGN (0x4)

.rel.dyn        0x0000000008004d08        0x0
 .rel.iplt      0x0000000008004d08        0x0 /opt/st/stm32cubeide_1.7.0/plugins/com.st.stm32cube.ide.mcu.externaltools.gnu-tools-for-stm32.9-2020-q2-update.linux64_2.0.0.202105311346/tools/bin/../lib/gcc/arm-none-eabi/9.3.1/thumb/v7e-m+dp/hard/crtbegin.o

.ARM.extab
 *(.ARM.extab* .gnu.linkonce.armextab.*)

.ARM            0x0000000008004d08        0x0
                0x0000000008004d08                __exidx_start = .
 *(.ARM.exidx*)
                0x0000000008004d08                __exidx_end = .

.preinit_array  0x0000000008004d08        0x0
                0x0000000008004d08                PROVIDE (__preinit_array_start = .)
 *(.preinit_array*)
                0x0000000008004d08                PROVIDE (__preinit_array_end = .)

.init_array     0x0000000008004d08        0x4
                0x0000000008004d08                PROVIDE (__init_array_start = .)
 *(SORT_BY_NAME(.init_array.*))
 *(.init_array*)
 .init_array    0x0000000008004d08        0x4 /opt/st/stm32cubeide_1.7.0/plugins/com.st.stm32cube.ide.mcu.externaltools.gnu-tools-for-stm32.9-2020-q2-update.linux64_2.0.0.202105311346/tools/bin/../lib/gcc/arm-none-eabi/9.3.1/thumb/v7e-m+dp/hard/crtbegin.o
                0x0000000008004d0c                PROVIDE (__init_array_end = .)

.fini_array     0x0000000008004d0c        0x4
                [!provide]                        PROVIDE (__fini_array_start = .)
 *(SORT_BY_NAME(.fini_array.*))
 *(.fini_array*)
 .fini_array    0x0000000008004d0c        0x4 /opt/st/stm32cubeide_1.7.0/plugins/com.st.stm32cube.ide.mcu.externaltools.gnu-tools-for-stm32.9-2020-q2-update.linux64_2.0.0.202105311346/tools/bin/../lib/gcc/arm-none-eabi/9.3.1/thumb/v7e-m+dp/hard/crtbegin.o
                [!provide]                        PROVIDE (__fini_array_end = .)
                0x0000000008004d10                _sidata = LOADADDR (.data)

.data           0x0000000020000000       0x10 load address 0x0000000008004d10
                0x0000000020000000                . = ALIGN (0x4)
                0x0000000020000000                _sdata = .
 *(.data)
 *(.data*)
 .data.SystemCoreClock
                0x0000000020000000        0x4 ./Core/Src/system_stm32h7xx.o
                0x0000000020000000                SystemCoreClock
 .data.SystemD2Clock
                0x0000000020000004        0x4 ./Core/Src/system_stm32h7xx.o
                0x0000000020000004                SystemD2Clock
 .data.uwTickPrio
                0x0000000020000008        0x4 ./Drivers/STM32H7xx_HAL_Driver/Src/stm32h7xx_hal.o
                0x0000000020000008                uwTickPrio
 .data.uwTickFreq
                0x000000002000000c        0x1 ./Drivers/STM32H7xx_HAL_Driver/Src/stm32h7xx_hal.o
                0x000000002000000c                uwTickFreq
 *(.RamFunc)
 *(.RamFunc*)
                0x0000000020000010                . = ALIGN (0x4)
 *fill*         0x000000002000000d        0x3 
                0x0000000020000010                _edata = .

.igot.plt       0x0000000020000010        0x0 load address 0x0000000008004d20
 .igot.plt      0x0000000020000010        0x0 /opt/st/stm32cubeide_1.7.0/plugins/com.st.stm32cube.ide.mcu.externaltools.gnu-tools-for-stm32.9-2020-q2-update.linux64_2.0.0.202105311346/tools/bin/../lib/gcc/arm-none-eabi/9.3.1/thumb/v7e-m+dp/hard/crtbegin.o
                0x0000000020000010                . = ALIGN (0x4)

.bss            0x0000000020000010       0xbc load address 0x0000000008004d20
                0x0000000020000010                _sbss = .
                0x0000000020000010                __bss_start__ = _sbss
 *(.bss)
 .bss           0x0000000020000010       0x1c /opt/st/stm32cubeide_1.7.0/plugins/com.st.stm32cube.ide.mcu.externaltools.gnu-tools-for-stm32.9-2020-q2-update.linux64_2.0.0.202105311346/tools/bin/../lib/gcc/arm-none-eabi/9.3.1/thumb/v7e-m+dp/hard/crtbegin.o
 *(.bss*)
 *(COMMON)
 COMMON         0x000000002000002c       0x14 ./Core/Src/dac.o
                0x000000002000002c                hdac1
 COMMON         0x0000000020000040       0x88 ./Core/Src/spi.o
                0x0000000020000040                hspi1
 COMMON         0x00000000200000c8        0x4 ./Drivers/STM32H7xx_HAL_Driver/Src/stm32h7xx_hal.o
                0x00000000200000c8                uwTick
                0x00000000200000cc                . = ALIGN (0x4)
                0x00000000200000cc                _ebss = .
                0x00000000200000cc                __bss_end__ = _ebss

._user_heap_stack
                0x00000000200000cc      0x604 load address 0x0000000008004d20
                0x00000000200000d0                . = ALIGN (0x8)
 *fill*         0x00000000200000cc        0x4 
                [!provide]                        PROVIDE (end = .)
                0x00000000200000d0                PROVIDE (_end = .)
                0x00000000200002d0                . = (. + _Min_Heap_Size)
 *fill*         0x00000000200000d0      0x200 
                0x00000000200006d0                . = (. + _Min_Stack_Size)
 *fill*         0x00000000200002d0      0x400 
                0x00000000200006d0                . = ALIGN (0x8)

/DISCARD/
 libc.a(*)
 libm.a(*)
 libgcc.a(*)

.ARM.attributes
                0x0000000000000000       0x2e
 *(.ARM.attributes)
 .ARM.attributes
                0x0000000000000000       0x1e /opt/st/stm32cubeide_1.7.0/plugins/com.st.stm32cube.ide.mcu.externaltools.gnu-tools-for-stm32.9-2020-q2-update.linux64_2.0.0.202105311346/tools/bin/../lib/gcc/arm-none-eabi/9.3.1/thumb/v7e-m+dp/hard/crti.o
 .ARM.attributes
                0x000000000000001e       0x32 /opt/st/stm32cubeide_1.7.0/plugins/com.st.stm32cube.ide.mcu.externaltools.gnu-tools-for-stm32.9-2020-q2-update.linux64_2.0.0.202105311346/tools/bin/../lib/gcc/arm-none-eabi/9.3.1/thumb/v7e-m+dp/hard/crtbegin.o
 .ARM.attributes
                0x0000000000000050       0x32 ./Core/Src/dac.o
 .ARM.attributes
                0x0000000000000082       0x32 ./Core/Src/gpio.o
 .ARM.attributes
                0x00000000000000b4       0x32 ./Core/Src/main.o
 .ARM.attributes
                0x00000000000000e6       0x32 ./Core/Src/spi.o
 .ARM.attributes
                0x0000000000000118       0x32 ./Core/Src/stm32h7xx_hal_msp.o
 .ARM.attributes
                0x000000000000014a       0x32 ./Core/Src/stm32h7xx_it.o
 .ARM.attributes
                0x000000000000017c       0x32 ./Core/Src/system_stm32h7xx.o
 .ARM.attributes
                0x00000000000001ae       0x21 ./Core/Startup/startup_stm32h743vitx.o
 .ARM.attributes
                0x00000000000001cf       0x32 ./Drivers/STM32H7xx_HAL_Driver/Src/stm32h7xx_hal.o
 .ARM.attributes
                0x0000000000000201       0x32 ./Drivers/STM32H7xx_HAL_Driver/Src/stm32h7xx_hal_cortex.o
 .ARM.attributes
                0x0000000000000233       0x32 ./Drivers/STM32H7xx_HAL_Driver/Src/stm32h7xx_hal_dac.o
 .ARM.attributes
                0x0000000000000265       0x32 ./Drivers/STM32H7xx_HAL_Driver/Src/stm32h7xx_hal_gpio.o
 .ARM.attributes
                0x0000000000000297       0x32 ./Drivers/STM32H7xx_HAL_Driver/Src/stm32h7xx_hal_pwr_ex.o
 .ARM.attributes
                0x00000000000002c9       0x32 ./Drivers/STM32H7xx_HAL_Driver/Src/stm32h7xx_hal_rcc.o
 .ARM.attributes
                0x00000000000002fb       0x32 ./Drivers/STM32H7xx_HAL_Driver/Src/stm32h7xx_hal_rcc_ex.o
 .ARM.attributes
                0x000000000000032d       0x32 ./Drivers/STM32H7xx_HAL_Driver/Src/stm32h7xx_hal_spi.o
 .ARM.attributes
                0x000000000000035f       0x32 /opt/st/stm32cubeide_1.7.0/plugins/com.st.stm32cube.ide.mcu.externaltools.gnu-tools-for-stm32.9-2020-q2-update.linux64_2.0.0.202105311346/tools/bin/../lib/gcc/arm-none-eabi/9.3.1/../../../../arm-none-eabi/lib/thumb/v7e-m+dp/hard/libc_nano.a(lib_a-init.o)
 .ARM.attributes
                0x0000000000000391       0x32 /opt/st/stm32cubeide_1.7.0/plugins/com.st.stm32cube.ide.mcu.externaltools.gnu-tools-for-stm32.9-2020-q2-update.linux64_2.0.0.202105311346/tools/bin/../lib/gcc/arm-none-eabi/9.3.1/../../../../arm-none-eabi/lib/thumb/v7e-m+dp/hard/libc_nano.a(lib_a-memset.o)
 .ARM.attributes
                0x00000000000003c3       0x1e /opt/st/stm32cubeide_1.7.0/plugins/com.st.stm32cube.ide.mcu.externaltools.gnu-tools-for-stm32.9-2020-q2-update.linux64_2.0.0.202105311346/tools/bin/../lib/gcc/arm-none-eabi/9.3.1/thumb/v7e-m+dp/hard/crtn.o
OUTPUT(STM32H743VI.elf elf32-littlearm)
LOAD linker stubs
LOAD /opt/st/stm32cubeide_1.7.0/plugins/com.st.stm32cube.ide.mcu.externaltools.gnu-tools-for-stm32.9-2020-q2-update.linux64_2.0.0.202105311346/tools/bin/../lib/gcc/arm-none-eabi/9.3.1/../../../../arm-none-eabi/lib/thumb/v7e-m+dp/hard/libc.a
LOAD /opt/st/stm32cubeide_1.7.0/plugins/com.st.stm32cube.ide.mcu.externaltools.gnu-tools-for-stm32.9-2020-q2-update.linux64_2.0.0.202105311346/tools/bin/../lib/gcc/arm-none-eabi/9.3.1/../../../../arm-none-eabi/lib/thumb/v7e-m+dp/hard/libm.a
LOAD /opt/st/stm32cubeide_1.7.0/plugins/com.st.stm32cube.ide.mcu.externaltools.gnu-tools-for-stm32.9-2020-q2-update.linux64_2.0.0.202105311346/tools/bin/../lib/gcc/arm-none-eabi/9.3.1/thumb/v7e-m+dp/hard/libgcc.a

.debug_info     0x0000000000000000    0x169b9
 .debug_info    0x0000000000000000     0x1558 ./Core/Src/dac.o
 .debug_info    0x0000000000001558     0x1440 ./Core/Src/gpio.o
 .debug_info    0x0000000000002998     0x1941 ./Core/Src/main.o
 .debug_info    0x00000000000042d9     0x1a90 ./Core/Src/spi.o
 .debug_info    0x0000000000005d69      0xf3b ./Core/Src/stm32h7xx_hal_msp.o
 .debug_info    0x0000000000006ca4      0xc30 ./Core/Src/stm32h7xx_it.o
 .debug_info    0x00000000000078d4     0x1748 ./Core/Src/system_stm32h7xx.o
 .debug_info    0x000000000000901c       0x22 ./Core/Startup/startup_stm32h743vitx.o
 .debug_info    0x000000000000903e     0x1f5e ./Drivers/STM32H7xx_HAL_Driver/Src/stm32h7xx_hal.o
 .debug_info    0x000000000000af9c     0x1bec ./Drivers/STM32H7xx_HAL_Driver/Src/stm32h7xx_hal_cortex.o
 .debug_info    0x000000000000cb88     0x15e0 ./Drivers/STM32H7xx_HAL_Driver/Src/stm32h7xx_hal_dac.o
 .debug_info    0x000000000000e168     0x17bf ./Drivers/STM32H7xx_HAL_Driver/Src/stm32h7xx_hal_gpio.o
 .debug_info    0x000000000000f927     0x1b06 ./Drivers/STM32H7xx_HAL_Driver/Src/stm32h7xx_hal_pwr_ex.o
 .debug_info    0x000000000001142d     0x192a ./Drivers/STM32H7xx_HAL_Driver/Src/stm32h7xx_hal_rcc.o
 .debug_info    0x0000000000012d57     0x1cc2 ./Drivers/STM32H7xx_HAL_Driver/Src/stm32h7xx_hal_rcc_ex.o
 .debug_info    0x0000000000014a19     0x1fa0 ./Drivers/STM32H7xx_HAL_Driver/Src/stm32h7xx_hal_spi.o

.debug_abbrev   0x0000000000000000     0x28f8
 .debug_abbrev  0x0000000000000000      0x25a ./Core/Src/dac.o
 .debug_abbrev  0x000000000000025a      0x229 ./Core/Src/gpio.o
 .debug_abbrev  0x0000000000000483      0x29c ./Core/Src/main.o
 .debug_abbrev  0x000000000000071f      0x265 ./Core/Src/spi.o
 .debug_abbrev  0x0000000000000984      0x20f ./Core/Src/stm32h7xx_hal_msp.o
 .debug_abbrev  0x0000000000000b93      0x1ef ./Core/Src/stm32h7xx_it.o
 .debug_abbrev  0x0000000000000d82      0x262 ./Core/Src/system_stm32h7xx.o
 .debug_abbrev  0x0000000000000fe4       0x12 ./Core/Startup/startup_stm32h743vitx.o
 .debug_abbrev  0x0000000000000ff6      0x2ff ./Drivers/STM32H7xx_HAL_Driver/Src/stm32h7xx_hal.o
 .debug_abbrev  0x00000000000012f5      0x409 ./Drivers/STM32H7xx_HAL_Driver/Src/stm32h7xx_hal_cortex.o
 .debug_abbrev  0x00000000000016fe      0x28d ./Drivers/STM32H7xx_HAL_Driver/Src/stm32h7xx_hal_dac.o
 .debug_abbrev  0x000000000000198b      0x2cb ./Drivers/STM32H7xx_HAL_Driver/Src/stm32h7xx_hal_gpio.o
 .debug_abbrev  0x0000000000001c56      0x350 ./Drivers/STM32H7xx_HAL_Driver/Src/stm32h7xx_hal_pwr_ex.o
 .debug_abbrev  0x0000000000001fa6      0x322 ./Drivers/STM32H7xx_HAL_Driver/Src/stm32h7xx_hal_rcc.o
 .debug_abbrev  0x00000000000022c8      0x31d ./Drivers/STM32H7xx_HAL_Driver/Src/stm32h7xx_hal_rcc_ex.o
 .debug_abbrev  0x00000000000025e5      0x313 ./Drivers/STM32H7xx_HAL_Driver/Src/stm32h7xx_hal_spi.o

.debug_aranges  0x0000000000000000      0x9e8
 .debug_aranges
                0x0000000000000000       0x30 ./Core/Src/dac.o
 .debug_aranges
                0x0000000000000030       0x20 ./Core/Src/gpio.o
 .debug_aranges
                0x0000000000000050       0x38 ./Core/Src/main.o
 .debug_aranges
                0x0000000000000088       0x30 ./Core/Src/spi.o
 .debug_aranges
                0x00000000000000b8       0x20 ./Core/Src/stm32h7xx_hal_msp.o
 .debug_aranges
                0x00000000000000d8       0x78 ./Core/Src/stm32h7xx_it.o
 .debug_aranges
                0x0000000000000150       0x28 ./Core/Src/system_stm32h7xx.o
 .debug_aranges
                0x0000000000000178       0x28 ./Core/Startup/startup_stm32h743vitx.o
 .debug_aranges
                0x00000000000001a0      0x198 ./Drivers/STM32H7xx_HAL_Driver/Src/stm32h7xx_hal.o
 .debug_aranges
                0x0000000000000338      0x120 ./Drivers/STM32H7xx_HAL_Driver/Src/stm32h7xx_hal_cortex.o
 .debug_aranges
                0x0000000000000458       0xc0 ./Drivers/STM32H7xx_HAL_Driver/Src/stm32h7xx_hal_dac.o
 .debug_aranges
                0x0000000000000518       0x58 ./Drivers/STM32H7xx_HAL_Driver/Src/stm32h7xx_hal_gpio.o
 .debug_aranges
                0x0000000000000570      0x158 ./Drivers/STM32H7xx_HAL_Driver/Src/stm32h7xx_hal_pwr_ex.o
 .debug_aranges
                0x00000000000006c8       0x88 ./Drivers/STM32H7xx_HAL_Driver/Src/stm32h7xx_hal_rcc.o
 .debug_aranges
                0x0000000000000750       0xf8 ./Drivers/STM32H7xx_HAL_Driver/Src/stm32h7xx_hal_rcc_ex.o
 .debug_aranges
                0x0000000000000848      0x1a0 ./Drivers/STM32H7xx_HAL_Driver/Src/stm32h7xx_hal_spi.o

.debug_ranges   0x0000000000000000      0x8f0
 .debug_ranges  0x0000000000000000       0x20 ./Core/Src/dac.o
 .debug_ranges  0x0000000000000020       0x10 ./Core/Src/gpio.o
 .debug_ranges  0x0000000000000030       0x28 ./Core/Src/main.o
 .debug_ranges  0x0000000000000058       0x20 ./Core/Src/spi.o
 .debug_ranges  0x0000000000000078       0x10 ./Core/Src/stm32h7xx_hal_msp.o
 .debug_ranges  0x0000000000000088       0x68 ./Core/Src/stm32h7xx_it.o
 .debug_ranges  0x00000000000000f0       0x18 ./Core/Src/system_stm32h7xx.o
 .debug_ranges  0x0000000000000108       0x20 ./Core/Startup/startup_stm32h743vitx.o
 .debug_ranges  0x0000000000000128      0x188 ./Drivers/STM32H7xx_HAL_Driver/Src/stm32h7xx_hal.o
 .debug_ranges  0x00000000000002b0      0x110 ./Drivers/STM32H7xx_HAL_Driver/Src/stm32h7xx_hal_cortex.o
 .debug_ranges  0x00000000000003c0       0xb0 ./Drivers/STM32H7xx_HAL_Driver/Src/stm32h7xx_hal_dac.o
 .debug_ranges  0x0000000000000470       0x48 ./Drivers/STM32H7xx_HAL_Driver/Src/stm32h7xx_hal_gpio.o
 .debug_ranges  0x00000000000004b8      0x148 ./Drivers/STM32H7xx_HAL_Driver/Src/stm32h7xx_hal_pwr_ex.o
 .debug_ranges  0x0000000000000600       0x78 ./Drivers/STM32H7xx_HAL_Driver/Src/stm32h7xx_hal_rcc.o
 .debug_ranges  0x0000000000000678       0xe8 ./Drivers/STM32H7xx_HAL_Driver/Src/stm32h7xx_hal_rcc_ex.o
 .debug_ranges  0x0000000000000760      0x190 ./Drivers/STM32H7xx_HAL_Driver/Src/stm32h7xx_hal_spi.o

.debug_macro    0x0000000000000000    0x35883
 .debug_macro   0x0000000000000000      0x2c6 ./Core/Src/dac.o
 .debug_macro   0x00000000000002c6      0xac0 ./Core/Src/dac.o
 .debug_macro   0x0000000000000d86      0x23f ./Core/Src/dac.o
 .debug_macro   0x0000000000000fc5       0x2e ./Core/Src/dac.o
 .debug_macro   0x0000000000000ff3       0x3b ./Core/Src/dac.o
 .debug_macro   0x000000000000102e       0x22 ./Core/Src/dac.o
 .debug_macro   0x0000000000001050       0x8e ./Core/Src/dac.o
 .debug_macro   0x00000000000010de       0x51 ./Core/Src/dac.o
 .debug_macro   0x000000000000112f      0x103 ./Core/Src/dac.o
 .debug_macro   0x0000000000001232       0x6a ./Core/Src/dac.o
 .debug_macro   0x000000000000129c      0x1df ./Core/Src/dac.o
 .debug_macro   0x000000000000147b       0x1c ./Core/Src/dac.o
 .debug_macro   0x0000000000001497       0x22 ./Core/Src/dac.o
 .debug_macro   0x00000000000014b9      0x101 ./Core/Src/dac.o
 .debug_macro   0x00000000000015ba     0x1305 ./Core/Src/dac.o
 .debug_macro   0x00000000000028bf      0x11f ./Core/Src/dac.o
 .debug_macro   0x00000000000029de       0x27 ./Core/Src/dac.o
 .debug_macro   0x0000000000002a05    0x253d1 ./Core/Src/dac.o
 .debug_macro   0x0000000000027dd6       0x43 ./Core/Src/dac.o
 .debug_macro   0x0000000000027e19     0x3cd3 ./Core/Src/dac.o
 .debug_macro   0x000000000002baec      0x174 ./Core/Src/dac.o
 .debug_macro   0x000000000002bc60       0x52 ./Core/Src/dac.o
 .debug_macro   0x000000000002bcb2       0x17 ./Core/Src/dac.o
 .debug_macro   0x000000000002bcc9       0x3c ./Core/Src/dac.o
 .debug_macro   0x000000000002bd05       0x34 ./Core/Src/dac.o
 .debug_macro   0x000000000002bd39       0x16 ./Core/Src/dac.o
 .debug_macro   0x000000000002bd4f       0x43 ./Core/Src/dac.o
 .debug_macro   0x000000000002bd92       0x34 ./Core/Src/dac.o
 .debug_macro   0x000000000002bdc6       0x10 ./Core/Src/dac.o
 .debug_macro   0x000000000002bdd6       0x58 ./Core/Src/dac.o
 .debug_macro   0x000000000002be2e       0x71 ./Core/Src/dac.o
 .debug_macro   0x000000000002be9f       0x1c ./Core/Src/dac.o
 .debug_macro   0x000000000002bebb      0x12a ./Core/Src/dac.o
 .debug_macro   0x000000000002bfe5      0x333 ./Core/Src/dac.o
 .debug_macro   0x000000000002c318      0x1a9 ./Core/Src/dac.o
 .debug_macro   0x000000000002c4c1       0x5d ./Core/Src/dac.o
 .debug_macro   0x000000000002c51e     0x2382 ./Core/Src/dac.o
 .debug_macro   0x000000000002e8a0     0x1002 ./Core/Src/dac.o
 .debug_macro   0x000000000002f8a2      0x14d ./Core/Src/dac.o
 .debug_macro   0x000000000002f9ef      0x117 ./Core/Src/dac.o
 .debug_macro   0x000000000002fb06      0x3b2 ./Core/Src/dac.o
 .debug_macro   0x000000000002feb8       0x27 ./Core/Src/dac.o
 .debug_macro   0x000000000002fedf      0x72d ./Core/Src/dac.o
 .debug_macro   0x000000000003060c      0x229 ./Core/Src/dac.o
 .debug_macro   0x0000000000030835       0x66 ./Core/Src/dac.o
 .debug_macro   0x000000000003089b      0x3bb ./Core/Src/dac.o
 .debug_macro   0x0000000000030c56      0x3e5 ./Core/Src/dac.o
 .debug_macro   0x000000000003103b      0x275 ./Core/Src/dac.o
 .debug_macro   0x00000000000312b0      0x184 ./Core/Src/dac.o
 .debug_macro   0x0000000000031434       0xd8 ./Core/Src/dac.o
 .debug_macro   0x000000000003150c      0x3cb ./Core/Src/dac.o
 .debug_macro   0x00000000000318d7      0x408 ./Core/Src/dac.o
 .debug_macro   0x0000000000031cdf       0x51 ./Core/Src/dac.o
 .debug_macro   0x0000000000031d30       0x4a ./Core/Src/dac.o
 .debug_macro   0x0000000000031d7a      0x22c ./Core/Src/dac.o
 .debug_macro   0x0000000000031fa6       0x67 ./Core/Src/dac.o
 .debug_macro   0x000000000003200d       0xa5 ./Core/Src/dac.o
 .debug_macro   0x00000000000320b2      0x1c5 ./Core/Src/dac.o
 .debug_macro   0x0000000000032277      0x25f ./Core/Src/dac.o
 .debug_macro   0x00000000000324d6       0x35 ./Core/Src/dac.o
 .debug_macro   0x000000000003250b      0x5dd ./Core/Src/dac.o
 .debug_macro   0x0000000000032ae8       0x9e ./Core/Src/dac.o
 .debug_macro   0x0000000000032b86      0x5a0 ./Core/Src/dac.o
 .debug_macro   0x0000000000033126       0x5e ./Core/Src/dac.o
 .debug_macro   0x0000000000033184      0x2c6 ./Core/Src/gpio.o
 .debug_macro   0x000000000003344a      0x2de ./Core/Src/main.o
 .debug_macro   0x0000000000033728      0x2c6 ./Core/Src/spi.o
 .debug_macro   0x00000000000339ee      0x2bc ./Core/Src/stm32h7xx_hal_msp.o
 .debug_macro   0x0000000000033caa      0x2c6 ./Core/Src/stm32h7xx_it.o
 .debug_macro   0x0000000000033f70      0x2b3 ./Core/Src/system_stm32h7xx.o
 .debug_macro   0x0000000000034223      0x2d7 ./Drivers/STM32H7xx_HAL_Driver/Src/stm32h7xx_hal.o
 .debug_macro   0x00000000000344fa      0x2ad ./Drivers/STM32H7xx_HAL_Driver/Src/stm32h7xx_hal_cortex.o
 .debug_macro   0x00000000000347a7      0x2b5 ./Drivers/STM32H7xx_HAL_Driver/Src/stm32h7xx_hal_dac.o
 .debug_macro   0x0000000000034a5c      0x2e9 ./Drivers/STM32H7xx_HAL_Driver/Src/stm32h7xx_hal_gpio.o
 .debug_macro   0x0000000000034d45      0x2e6 ./Drivers/STM32H7xx_HAL_Driver/Src/stm32h7xx_hal_pwr_ex.o
 .debug_macro   0x000000000003502b      0x2d1 ./Drivers/STM32H7xx_HAL_Driver/Src/stm32h7xx_hal_rcc.o
 .debug_macro   0x00000000000352fc      0x2cb ./Drivers/STM32H7xx_HAL_Driver/Src/stm32h7xx_hal_rcc_ex.o
 .debug_macro   0x00000000000355c7      0x2bc ./Drivers/STM32H7xx_HAL_Driver/Src/stm32h7xx_hal_spi.o

.debug_line     0x0000000000000000     0xe810
 .debug_line    0x0000000000000000      0x880 ./Core/Src/dac.o
 .debug_line    0x0000000000000880      0x857 ./Core/Src/gpio.o
 .debug_line    0x00000000000010d7      0x8eb ./Core/Src/main.o
 .debug_line    0x00000000000019c2      0x8cb ./Core/Src/spi.o
 .debug_line    0x000000000000228d      0x82a ./Core/Src/stm32h7xx_hal_msp.o
 .debug_line    0x0000000000002ab7      0x935 ./Core/Src/stm32h7xx_it.o
 .debug_line    0x00000000000033ec      0x9e1 ./Core/Src/system_stm32h7xx.o
 .debug_line    0x0000000000003dcd       0x88 ./Core/Startup/startup_stm32h743vitx.o
 .debug_line    0x0000000000003e55     0x1399 ./Drivers/STM32H7xx_HAL_Driver/Src/stm32h7xx_hal.o
 .debug_line    0x00000000000051ee      0xfcb ./Drivers/STM32H7xx_HAL_Driver/Src/stm32h7xx_hal_cortex.o
 .debug_line    0x00000000000061b9      0xe5b ./Drivers/STM32H7xx_HAL_Driver/Src/stm32h7xx_hal_dac.o
 .debug_line    0x0000000000007014      0xe6e ./Drivers/STM32H7xx_HAL_Driver/Src/stm32h7xx_hal_gpio.o
 .debug_line    0x0000000000007e82     0x10ec ./Drivers/STM32H7xx_HAL_Driver/Src/stm32h7xx_hal_pwr_ex.o
 .debug_line    0x0000000000008f6e     0x16de ./Drivers/STM32H7xx_HAL_Driver/Src/stm32h7xx_hal_rcc.o
 .debug_line    0x000000000000a64c     0x1e34 ./Drivers/STM32H7xx_HAL_Driver/Src/stm32h7xx_hal_rcc_ex.o
 .debug_line    0x000000000000c480     0x2390 ./Drivers/STM32H7xx_HAL_Driver/Src/stm32h7xx_hal_spi.o

.debug_str      0x0000000000000000   0x152784
 .debug_str     0x0000000000000000   0x14ef35 ./Core/Src/dac.o
                                     0x14f46e (size before relaxing)
 .debug_str     0x000000000014ef35      0x847 ./Core/Src/gpio.o
                                     0x14f7ef (size before relaxing)
 .debug_str     0x000000000014f77c      0x506 ./Core/Src/main.o
                                     0x14f6a3 (size before relaxing)
 .debug_str     0x000000000014fc82      0x346 ./Core/Src/spi.o
                                     0x14f8e7 (size before relaxing)
 .debug_str     0x000000000014ffc8       0x2c ./Core/Src/stm32h7xx_hal_msp.o
                                     0x14ef35 (size before relaxing)
 .debug_str     0x000000000014fff4       0xf0 ./Core/Src/stm32h7xx_it.o
                                     0x14ede3 (size before relaxing)
 .debug_str     0x00000000001500e4      0x332 ./Core/Src/system_stm32h7xx.o
                                     0x14f086 (size before relaxing)
 .debug_str     0x0000000000150416       0x36 ./Core/Startup/startup_stm32h743vitx.o
                                         0x72 (size before relaxing)
 .debug_str     0x000000000015044c      0x749 ./Drivers/STM32H7xx_HAL_Driver/Src/stm32h7xx_hal.o
                                     0x14fe97 (size before relaxing)
 .debug_str     0x0000000000150b95      0x39f ./Drivers/STM32H7xx_HAL_Driver/Src/stm32h7xx_hal_cortex.o
                                     0x14f9b3 (size before relaxing)
 .debug_str     0x0000000000150f34      0x1f6 ./Drivers/STM32H7xx_HAL_Driver/Src/stm32h7xx_hal_dac.o
                                     0x14f280 (size before relaxing)
 .debug_str     0x000000000015112a      0x204 ./Drivers/STM32H7xx_HAL_Driver/Src/stm32h7xx_hal_gpio.o
                                     0x14f136 (size before relaxing)
 .debug_str     0x000000000015132e      0x63e ./Drivers/STM32H7xx_HAL_Driver/Src/stm32h7xx_hal_pwr_ex.o
                                     0x14f4f0 (size before relaxing)
 .debug_str     0x000000000015196c      0x26c ./Drivers/STM32H7xx_HAL_Driver/Src/stm32h7xx_hal_rcc.o
                                     0x14f3c5 (size before relaxing)
 .debug_str     0x0000000000151bd8      0x665 ./Drivers/STM32H7xx_HAL_Driver/Src/stm32h7xx_hal_rcc_ex.o
                                     0x14f877 (size before relaxing)
 .debug_str     0x000000000015223d      0x547 ./Drivers/STM32H7xx_HAL_Driver/Src/stm32h7xx_hal_spi.o
                                     0x14f6b5 (size before relaxing)

.comment        0x0000000000000000       0x53
 .comment       0x0000000000000000       0x53 ./Core/Src/dac.o
                                         0x54 (size before relaxing)
 .comment       0x0000000000000053       0x54 ./Core/Src/gpio.o
 .comment       0x0000000000000053       0x54 ./Core/Src/main.o
 .comment       0x0000000000000053       0x54 ./Core/Src/spi.o
 .comment       0x0000000000000053       0x54 ./Core/Src/stm32h7xx_hal_msp.o
 .comment       0x0000000000000053       0x54 ./Core/Src/stm32h7xx_it.o
 .comment       0x0000000000000053       0x54 ./Core/Src/system_stm32h7xx.o
 .comment       0x0000000000000053       0x54 ./Drivers/STM32H7xx_HAL_Driver/Src/stm32h7xx_hal.o
 .comment       0x0000000000000053       0x54 ./Drivers/STM32H7xx_HAL_Driver/Src/stm32h7xx_hal_cortex.o
 .comment       0x0000000000000053       0x54 ./Drivers/STM32H7xx_HAL_Driver/Src/stm32h7xx_hal_dac.o
 .comment       0x0000000000000053       0x54 ./Drivers/STM32H7xx_HAL_Driver/Src/stm32h7xx_hal_gpio.o
 .comment       0x0000000000000053       0x54 ./Drivers/STM32H7xx_HAL_Driver/Src/stm32h7xx_hal_pwr_ex.o
 .comment       0x0000000000000053       0x54 ./Drivers/STM32H7xx_HAL_Driver/Src/stm32h7xx_hal_rcc.o
 .comment       0x0000000000000053       0x54 ./Drivers/STM32H7xx_HAL_Driver/Src/stm32h7xx_hal_rcc_ex.o
 .comment       0x0000000000000053       0x54 ./Drivers/STM32H7xx_HAL_Driver/Src/stm32h7xx_hal_spi.o

.debug_frame    0x0000000000000000     0x2624
 .debug_frame   0x0000000000000000       0x84 ./Core/Src/dac.o
 .debug_frame   0x0000000000000084       0x34 ./Core/Src/gpio.o
 .debug_frame   0x00000000000000b8       0x90 ./Core/Src/main.o
 .debug_frame   0x0000000000000148       0x78 ./Core/Src/spi.o
 .debug_frame   0x00000000000001c0       0x38 ./Core/Src/stm32h7xx_hal_msp.o
 .debug_frame   0x00000000000001f8      0x158 ./Core/Src/stm32h7xx_it.o
 .debug_frame   0x0000000000000350       0x58 ./Core/Src/system_stm32h7xx.o
 .debug_frame   0x00000000000003a8      0x660 ./Drivers/STM32H7xx_HAL_Driver/Src/stm32h7xx_hal.o
 .debug_frame   0x0000000000000a08      0x4b4 ./Drivers/STM32H7xx_HAL_Driver/Src/stm32h7xx_hal_cortex.o
 .debug_frame   0x0000000000000ebc      0x328 ./Drivers/STM32H7xx_HAL_Driver/Src/stm32h7xx_hal_dac.o
 .debug_frame   0x00000000000011e4      0x13c ./Drivers/STM32H7xx_HAL_Driver/Src/stm32h7xx_hal_gpio.o
 .debug_frame   0x0000000000001320      0x55c ./Drivers/STM32H7xx_HAL_Driver/Src/stm32h7xx_hal_pwr_ex.o
 .debug_frame   0x000000000000187c      0x1f8 ./Drivers/STM32H7xx_HAL_Driver/Src/stm32h7xx_hal_rcc.o
 .debug_frame   0x0000000000001a74      0x3ec ./Drivers/STM32H7xx_HAL_Driver/Src/stm32h7xx_hal_rcc_ex.o
 .debug_frame   0x0000000000001e60      0x778 ./Drivers/STM32H7xx_HAL_Driver/Src/stm32h7xx_hal_spi.o
 .debug_frame   0x00000000000025d8       0x2c /opt/st/stm32cubeide_1.7.0/plugins/com.st.stm32cube.ide.mcu.externaltools.gnu-tools-for-stm32.9-2020-q2-update.linux64_2.0.0.202105311346/tools/bin/../lib/gcc/arm-none-eabi/9.3.1/../../../../arm-none-eabi/lib/thumb/v7e-m+dp/hard/libc_nano.a(lib_a-init.o)
 .debug_frame   0x0000000000002604       0x20 /opt/st/stm32cubeide_1.7.0/plugins/com.st.stm32cube.ide.mcu.externaltools.gnu-tools-for-stm32.9-2020-q2-update.linux64_2.0.0.202105311346/tools/bin/../lib/gcc/arm-none-eabi/9.3.1/../../../../arm-none-eabi/lib/thumb/v7e-m+dp/hard/libc_nano.a(lib_a-memset.o)
