display.hpp:18:7:constexpr Display::Display()	16	static
ST7735.cpp:75:1:ST7735::ST7735()	16	static
ST7735.cpp:85:1:ST7735::~ST7735()	16	static
ST7735.cpp:85:1:virtual ST7735::~ST7735()	16	static
ST7735.cpp:90:6:void ST7735::sendCommand(uint8_t)	16	static
ST7735.cpp:96:6:void ST7735::sendData(uint8_t)	16	static
ST7735.cpp:102:6:virtual void ST7735::init()	16	static
ST7735.cpp:108:6:void ST7735::initCommand1()	16	static
ST7735.cpp:155:6:void ST7735::initCommand2()	16	static
ST7735.cpp:169:6:void ST7735::initCommand3()	16	static
ST7735.cpp:211:13:virtual const char* ST7735::getName()	16	static
ST7735.cpp:216:10:virtual uint32_t ST7735::getWidth()	16	static
ST7735.cpp:224:10:virtual uint32_t ST7735::getHeight()	16	static
ST7735.cpp:232:7:virtual float ST7735::getDPMMX()	16	static
ST7735.cpp:240:7:virtual float ST7735::getDPMMY()	16	static
ST7735.cpp:248:6:virtual void ST7735::setBrightness(float)	16	static
ST7735.cpp:253:7:virtual float ST7735::getBrightness()	16	static
ST7735.cpp:259:6:virtual void ST7735::setOrientation(Orientation)	16	static
ST7735.cpp:264:13:virtual Orientation ST7735::getOrientation()	16	static
ST7735.cpp:269:6:virtual void ST7735::reset()	16	static
ST7735.cpp:288:6:virtual void ST7735::select()	16	static
ST7735.cpp:294:6:virtual void ST7735::unselect()	16	static
ST7735.cpp:300:6:void ST7735::setAddressWindow(uint8_t, uint8_t, uint8_t, uint8_t)	16	static
ST7735.cpp:317:10:static uint16_t ST7735::convertColor(float, float, float)	32	static
ST7735.cpp:330:6:virtual bool ST7735::drawPixel(int, int, float, float, float)	48	static
ST7735.cpp:350:6:virtual bool ST7735::drawArea(int, int, int, int, float, float, float)	72	static
